Archive member included to satisfy reference by file (symbol)

D:/STM32CubeIDE_2.1.0/STM32CubeIDE/plugins/com.st.stm32cube.ide.mcu.externaltools.gnu-tools-for-stm32.14.3.rel1.win32_1.0.100.202602081740/tools/bin/../lib/gcc/arm-none-eabi/14.3.1/../../../../arm-none-eabi/lib/thumb/v8-m.main+fp/hard\libc_nano.a(libc_a-exit.o)
                              D:/STM32CubeIDE_2.1.0/STM32CubeIDE/plugins/com.st.stm32cube.ide.mcu.externaltools.gnu-tools-for-stm32.14.3.rel1.win32_1.0.100.202602081740/tools/bin/../lib/gcc/arm-none-eabi/14.3.1/../../../../arm-none-eabi/lib/thumb/v8-m.main+fp/hard/crt0.o (exit)
D:/STM32CubeIDE_2.1.0/STM32CubeIDE/plugins/com.st.stm32cube.ide.mcu.externaltools.gnu-tools-for-stm32.14.3.rel1.win32_1.0.100.202602081740/tools/bin/../lib/gcc/arm-none-eabi/14.3.1/../../../../arm-none-eabi/lib/thumb/v8-m.main+fp/hard\libc_nano.a(libc_a-findfp.o)
                              D:/STM32CubeIDE_2.1.0/STM32CubeIDE/plugins/com.st.stm32cube.ide.mcu.externaltools.gnu-tools-for-stm32.14.3.rel1.win32_1.0.100.202602081740/tools/bin/../lib/gcc/arm-none-eabi/14.3.1/../../../../arm-none-eabi/lib/thumb/v8-m.main+fp/hard\libc_nano.a(libc_a-exit.o) (__stdio_exit_handler)
D:/STM32CubeIDE_2.1.0/STM32CubeIDE/plugins/com.st.stm32cube.ide.mcu.externaltools.gnu-tools-for-stm32.14.3.rel1.win32_1.0.100.202602081740/tools/bin/../lib/gcc/arm-none-eabi/14.3.1/../../../../arm-none-eabi/lib/thumb/v8-m.main+fp/hard\libc_nano.a(libc_a-fwalk.o)
                              D:/STM32CubeIDE_2.1.0/STM32CubeIDE/plugins/com.st.stm32cube.ide.mcu.externaltools.gnu-tools-for-stm32.14.3.rel1.win32_1.0.100.202602081740/tools/bin/../lib/gcc/arm-none-eabi/14.3.1/../../../../arm-none-eabi/lib/thumb/v8-m.main+fp/hard\libc_nano.a(libc_a-findfp.o) (_fwalk_sglue)
D:/STM32CubeIDE_2.1.0/STM32CubeIDE/plugins/com.st.stm32cube.ide.mcu.externaltools.gnu-tools-for-stm32.14.3.rel1.win32_1.0.100.202602081740/tools/bin/../lib/gcc/arm-none-eabi/14.3.1/../../../../arm-none-eabi/lib/thumb/v8-m.main+fp/hard\libc_nano.a(libc_a-sprintf.o)
                              ./Drivers/BSP/ST7735/st7735_lcd.o (sprintf)
D:/STM32CubeIDE_2.1.0/STM32CubeIDE/plugins/com.st.stm32cube.ide.mcu.externaltools.gnu-tools-for-stm32.14.3.rel1.win32_1.0.100.202602081740/tools/bin/../lib/gcc/arm-none-eabi/14.3.1/../../../../arm-none-eabi/lib/thumb/v8-m.main+fp/hard\libc_nano.a(libc_a-stdio.o)
                              D:/STM32CubeIDE_2.1.0/STM32CubeIDE/plugins/com.st.stm32cube.ide.mcu.externaltools.gnu-tools-for-stm32.14.3.rel1.win32_1.0.100.202602081740/tools/bin/../lib/gcc/arm-none-eabi/14.3.1/../../../../arm-none-eabi/lib/thumb/v8-m.main+fp/hard\libc_nano.a(libc_a-findfp.o) (__sread)
D:/STM32CubeIDE_2.1.0/STM32CubeIDE/plugins/com.st.stm32cube.ide.mcu.externaltools.gnu-tools-for-stm32.14.3.rel1.win32_1.0.100.202602081740/tools/bin/../lib/gcc/arm-none-eabi/14.3.1/../../../../arm-none-eabi/lib/thumb/v8-m.main+fp/hard\libc_nano.a(libc_a-vsprintf.o)
                              ./Drivers/BSP/ST7735/st7735_lcd.o (vsprintf)
D:/STM32CubeIDE_2.1.0/STM32CubeIDE/plugins/com.st.stm32cube.ide.mcu.externaltools.gnu-tools-for-stm32.14.3.rel1.win32_1.0.100.202602081740/tools/bin/../lib/gcc/arm-none-eabi/14.3.1/../../../../arm-none-eabi/lib/thumb/v8-m.main+fp/hard\libc_nano.a(libc_a-memset.o)
                              D:/STM32CubeIDE_2.1.0/STM32CubeIDE/plugins/com.st.stm32cube.ide.mcu.externaltools.gnu-tools-for-stm32.14.3.rel1.win32_1.0.100.202602081740/tools/bin/../lib/gcc/arm-none-eabi/14.3.1/../../../../arm-none-eabi/lib/thumb/v8-m.main+fp/hard/crt0.o (memset)
D:/STM32CubeIDE_2.1.0/STM32CubeIDE/plugins/com.st.stm32cube.ide.mcu.externaltools.gnu-tools-for-stm32.14.3.rel1.win32_1.0.100.202602081740/tools/bin/../lib/gcc/arm-none-eabi/14.3.1/../../../../arm-none-eabi/lib/thumb/v8-m.main+fp/hard\libc_nano.a(libc_a-closer.o)
                              D:/STM32CubeIDE_2.1.0/STM32CubeIDE/plugins/com.st.stm32cube.ide.mcu.externaltools.gnu-tools-for-stm32.14.3.rel1.win32_1.0.100.202602081740/tools/bin/../lib/gcc/arm-none-eabi/14.3.1/../../../../arm-none-eabi/lib/thumb/v8-m.main+fp/hard\libc_nano.a(libc_a-stdio.o) (_close_r)
D:/STM32CubeIDE_2.1.0/STM32CubeIDE/plugins/com.st.stm32cube.ide.mcu.externaltools.gnu-tools-for-stm32.14.3.rel1.win32_1.0.100.202602081740/tools/bin/../lib/gcc/arm-none-eabi/14.3.1/../../../../arm-none-eabi/lib/thumb/v8-m.main+fp/hard\libc_nano.a(libc_a-reent.o)
                              D:/STM32CubeIDE_2.1.0/STM32CubeIDE/plugins/com.st.stm32cube.ide.mcu.externaltools.gnu-tools-for-stm32.14.3.rel1.win32_1.0.100.202602081740/tools/bin/../lib/gcc/arm-none-eabi/14.3.1/../../../../arm-none-eabi/lib/thumb/v8-m.main+fp/hard\libc_nano.a(libc_a-closer.o) (errno)
D:/STM32CubeIDE_2.1.0/STM32CubeIDE/plugins/com.st.stm32cube.ide.mcu.externaltools.gnu-tools-for-stm32.14.3.rel1.win32_1.0.100.202602081740/tools/bin/../lib/gcc/arm-none-eabi/14.3.1/../../../../arm-none-eabi/lib/thumb/v8-m.main+fp/hard\libc_nano.a(libc_a-impure.o)
[...]
Memory Configuration

Name             Origin             Length             Attributes
RAM              0x20000000         0x00044000         xrw
FLASH            0x08000000         0x00080000         xr
*default*        0x00000000         0xffffffff

Linker script and memory map

LOAD D:/STM32CubeIDE_2.1.0/STM32CubeIDE/plugins/com.st.stm32cube.ide.mcu.externaltools.gnu-tools-for-stm32.14.3.rel1.win32_1.0.100.202602081740/tools/bin/../lib/gcc/arm-none-eabi/14.3.1/thumb/v8-m.main+fp/hard/crti.o
LOAD D:/STM32CubeIDE_2.1.0/STM32CubeIDE/plugins/com.st.stm32cube.ide.mcu.externaltools.gnu-tools-for-stm32.14.3.rel1.win32_1.0.100.202602081740/tools/bin/../lib/gcc/arm-none-eabi/14.3.1/thumb/v8-m.main+fp/hard/crtbegin.o
LOAD D:/STM32CubeIDE_2.1.0/STM32CubeIDE/plugins/com.st.stm32cube.ide.mcu.externaltools.gnu-tools-for-stm32.14.3.rel1.win32_1.0.100.202602081740/tools/bin/../lib/gcc/arm-none-eabi/14.3.1/../../../../arm-none-eabi/lib/thumb/v8-m.main+fp/hard/crt0.o
LOAD ./Core/Src/adc.o
LOAD ./Core/Src/gpio.o
LOAD ./Core/Src/i2c.o
LOAD ./Core/Src/icache.o
LOAD ./Core/Src/lptim.o
LOAD ./Core/Src/main.o
LOAD ./Core/Src/rng.o
LOAD ./Core/Src/spi.o
LOAD ./Core/Src/stm32h5xx_hal_msp.o
LOAD ./Core/Src/stm32h5xx_it.o
LOAD ./Core/Src/syscalls.o
LOAD ./Core/Src/sysmem.o
LOAD ./Core/Src/system_stm32h5xx.o
LOAD ./Core/Src/tim.o
LOAD ./Core/Startup/startup_stm32h533retx.o
LOAD ./Drivers/BSP/ST7735/font.o
LOAD ./Drivers/BSP/ST7735/logo.o
LOAD ./Drivers/BSP/ST7735/st7735.o
LOAD ./Drivers/BSP/ST7735/st7735_lcd.o
LOAD ./Drivers/BSP/ST7735/st7735_reg.o
LOAD ./Drivers/BSP/STM32H5xx_Nucleo/stm32h5xx_nucleo.o
LOAD ./Drivers/STM32H5xx_HAL_Driver/Src/stm32h5xx_hal.o
LOAD ./Drivers/STM32H5xx_HAL_Driver/Src/stm32h5xx_hal_adc.o
LOAD ./Drivers/STM32H5xx_HAL_Driver/Src/stm32h5xx_hal_adc_ex.o
LOAD ./Drivers/STM32H5xx_HAL_Driver/Src/stm32h5xx_hal_cortex.o
LOAD ./Drivers/STM32H5xx_HAL_Driver/Src/stm32h5xx_hal_dma.o
LOAD ./Drivers/STM32H5xx_HAL_Driver/Src/stm32h5xx_hal_dma_ex.o
LOAD ./Drivers/STM32H5xx_HAL_Driver/Src/stm32h5xx_hal_exti.o
LOAD ./Drivers/STM32H5xx_HAL_Driver/Src/stm32h5xx_hal_flash.o
LOAD ./Drivers/STM32H5xx_HAL_Driver/Src/stm32h5xx_hal_flash_ex.o
LOAD ./Drivers/STM32H5xx_HAL_Driver/Src/stm32h5xx_hal_gpio.o
LOAD ./Drivers/STM32H5xx_HAL_Driver/Src/stm32h5xx_hal_i2c.o
LOAD ./Drivers/STM32H5xx_HAL_Driver/Src/stm32h5xx_hal_i2c_ex.o
LOAD ./Drivers/STM32H5xx_HAL_Driver/Src/stm32h5xx_hal_icache.o
LOAD ./Drivers/STM32H5xx_HAL_Driver/Src/stm32h5xx_hal_lptim.o
LOAD ./Drivers/STM32H5xx_HAL_Driver/Src/stm32h5xx_hal_pwr.o
LOAD ./Drivers/STM32H5xx_HAL_Driver/Src/stm32h5xx_hal_pwr_ex.o
LOAD ./Drivers/STM32H5xx_HAL_Driver/Src/stm32h5xx_hal_rcc.o
LOAD ./Drivers/STM32H5xx_HAL_Driver/Src/stm32h5xx_hal_rcc_ex.o
LOAD ./Drivers/STM32H5xx_HAL_Driver/Src/stm32h5xx_hal_rng.o
LOAD ./Drivers/STM32H5xx_HAL_Driver/Src/stm32h5xx_hal_rng_ex.o
LOAD ./Drivers/STM32H5xx_HAL_Driver/Src/stm32h5xx_hal_spi.o
LOAD ./Drivers/STM32H5xx_HAL_Driver/Src/stm32h5xx_hal_spi_ex.o
LOAD ./Drivers/STM32H5xx_HAL_Driver/Src/stm32h5xx_hal_tim.o
LOAD ./Drivers/STM32H5xx_HAL_Driver/Src/stm32h5xx_hal_tim_ex.o
LOAD ./Drivers/STM32H5xx_HAL_Driver/Src/stm32h5xx_hal_uart.o
LOAD ./Drivers/STM32H5xx_HAL_Driver/Src/stm32h5xx_hal_uart_ex.o
LOAD ./Drivers/STM32H5xx_HAL_Driver/Src/stm32h5xx_hal_usart.o
LOAD ./Drivers/STM32H5xx_HAL_Driver/Src/stm32h5xx_hal_usart_ex.o
LOAD ./Drivers/STM32H5xx_HAL_Driver/Src/stm32h5xx_ll_rng.o
LOAD ./Main/Src/button.o
LOAD ./Main/Src/drive.o
LOAD ./Main/Src/menu.o
LOAD ./Main/Src/motor.o
LOAD ./Main/Src/sensor.o
START GROUP
LOAD D:/STM32CubeIDE_2.1.0/STM32CubeIDE/plugins/com.st.stm32cube.ide.mcu.externaltools.gnu-tools-for-stm32.14.3.rel1.win32_1.0.100.202602081740/tools/bin/../lib/gcc/arm-none-eabi/14.3.1/../../../../arm-none-eabi/lib/thumb/v8-m.main+fp/hard\libc_nano.a
LOAD D:/STM32CubeIDE_2.1.0/STM32CubeIDE/plugins/com.st.stm32cube.ide.mcu.externaltools.gnu-tools-for-stm32.14.3.rel1.win32_1.0.100.202602081740/tools/bin/../lib/gcc/arm-none-eabi/14.3.1/../../../../arm-none-eabi/lib/thumb/v8-m.main+fp/hard\libm.a
END GROUP
START GROUP
LOAD D:/STM32CubeIDE_2.1.0/STM32CubeIDE/plugins/com.st.stm32cube.ide.mcu.externaltools.gnu-tools-for-stm32.14.3.rel1.win32_1.0.100.202602081740/tools/bin/../lib/gcc/arm-none-eabi/14.3.1/thumb/v8-m.main+fp/hard\libgcc.a
LOAD D:/STM32CubeIDE_2.1.0/STM32CubeIDE/plugins/com.st.stm32cube.ide.mcu.externaltools.gnu-tools-for-stm32.14.3.rel1.win32_1.0.100.202602081740/tools/bin/../lib/gcc/arm-none-eabi/14.3.1/../../../../arm-none-eabi/lib/thumb/v8-m.main+fp/hard\libc_nano.a
END GROUP
START GROUP
LOAD D:/STM32CubeIDE_2.1.0/STM32CubeIDE/plugins/com.st.stm32cube.ide.mcu.externaltools.gnu-tools-for-stm32.14.3.rel1.win32_1.0.100.202602081740/tools/bin/../lib/gcc/arm-none-eabi/14.3.1/thumb/v8-m.main+fp/hard\libgcc.a
LOAD D:/STM32CubeIDE_2.1.0/STM32CubeIDE/plugins/com.st.stm32cube.ide.mcu.externaltools.gnu-tools-for-stm32.14.3.rel1.win32_1.0.100.202602081740/tools/bin/../lib/gcc/arm-none-eabi/14.3.1/../../../../arm-none-eabi/lib/thumb/v8-m.main+fp/hard\libc_nano.a
LOAD D:/STM32CubeIDE_2.1.0/STM32CubeIDE/plugins/com.st.stm32cube.ide.mcu.externaltools.gnu-tools-for-stm32.14.3.rel1.win32_1.0.100.202602081740/tools/bin/../lib/gcc/arm-none-eabi/14.3.1/../../../../arm-none-eabi/lib/thumb/v8-m.main+fp/hard\libnosys.a
END GROUP
START GROUP
LOAD D:/STM32CubeIDE_2.1.0/STM32CubeIDE/plugins/com.st.stm32cube.ide.mcu.externaltools.gnu-tools-for-stm32.14.3.rel1.win32_1.0.100.202602081740/tools/bin/../lib/gcc/arm-none-eabi/14.3.1/thumb/v8-m.main+fp/hard\libgcc.a
LOAD D:/STM32CubeIDE_2.1.0/STM32CubeIDE/plugins/com.st.stm32cube.ide.mcu.externaltools.gnu-tools-for-stm32.14.3.rel1.win32_1.0.100.202602081740/tools/bin/../lib/gcc/arm-none-eabi/14.3.1/../../../../arm-none-eabi/lib/thumb/v8-m.main+fp/hard\libc_nano.a
LOAD D:/STM32CubeIDE_2.1.0/STM32CubeIDE/plugins/com.st.stm32cube.ide.mcu.externaltools.gnu-tools-for-stm32.14.3.rel1.win32_1.0.100.202602081740/tools/bin/../lib/gcc/arm-none-eabi/14.3.1/../../../../arm-none-eabi/lib/thumb/v8-m.main+fp/hard\libnosys.a
END GROUP
LOAD D:/STM32CubeIDE_2.1.0/STM32CubeIDE/plugins/com.st.stm32cube.ide.mcu.externaltools.gnu-tools-for-stm32.14.3.rel1.win32_1.0.100.202602081740/tools/bin/../lib/gcc/arm-none-eabi/14.3.1/thumb/v8-m.main+fp/hard/crtend.o
LOAD D:/STM32CubeIDE_2.1.0/STM32CubeIDE/plugins/com.st.stm32cube.ide.mcu.externaltools.gnu-tools-for-stm32.14.3.rel1.win32_1.0.100.202602081740/tools/bin/../lib/gcc/arm-none-eabi/14.3.1/thumb/v8-m.main+fp/hard/crtn.o
                0x20044000                        _estack = (ORIGIN (RAM) + LENGTH (RAM))
                0x00000200                        _Min_Heap_Size = 0x200
                0x00000400                        _Min_Stack_Size = 0x400

.isr_vector     0x08000000      0x254
                0x08000000                        . = ALIGN (0x4)
 *(.isr_vector)
 .isr_vector    0x08000000      0x254 ./Core/Startup/startup_stm32h533retx.o
                0x08000000                g_pfnVectors
                0x08000254                        . = ALIGN (0x4)

.text           0x08000254     0xccd8
                0x08000254                        . = ALIGN (0x4)
 *(.text)
 .text          0x08000254       0x40 D:/STM32CubeIDE_2.1.0/STM32CubeIDE/plugins/com.st.stm32cube.ide.mcu.externaltools.gnu-tools-for-stm32.14.3.rel1.win32_1.0.100.202602081740/tools/bin/../lib/gcc/arm-none-eabi/14.3.1/thumb/v8-m.main+fp/hard/crtbegin.o
 .text          0x08000294       0x30 D:/STM32CubeIDE_2.1.0/STM32CubeIDE/plugins/com.st.stm32cube.ide.mcu.externaltools.gnu-tools-for-stm32.14.3.rel1.win32_1.0.100.202602081740/tools/bin/../lib/gcc/arm-none-eabi/14.3.1/thumb/v8-m.main+fp/hard\libgcc.a(_aeabi_uldivmod.o)
                0x08000294                __aeabi_uldivmod
 .text          0x080002c4      0x34c D:/STM32CubeIDE_2.1.0/STM32CubeIDE/plugins/com.st.stm32cube.ide.mcu.externaltools.gnu-tools-for-stm32.14.3.rel1.win32_1.0.100.202602081740/tools/bin/../lib/gcc/arm-none-eabi/14.3.1/thumb/v8-m.main+fp/hard\libgcc.a(_udivmoddi4.o)
                0x080002c4                __udivmoddi4
 .text          0x08000610        0x4 D:/STM32CubeIDE_2.1.0/STM32CubeIDE/plugins/com.st.stm32cube.ide.mcu.externaltools.gnu-tools-for-stm32.14.3.rel1.win32_1.0.100.202602081740/tools/bin/../lib/gcc/arm-none-eabi/14.3.1/thumb/v8-m.main+fp/hard\libgcc.a(_dvmd_tls.o)
                0x08000610                __aeabi_idiv0
                0x08000610                __aeabi_ldiv0
 *(.text*)
 .text.MX_ADC1_Init
                0x08000614      0x1b8 ./Core/Src/adc.o
                0x08000614                MX_ADC1_Init
 .text.HAL_ADC_MspInit
                0x080007cc      0x108 ./Core/Src/adc.o
                0x080007cc                HAL_ADC_MspInit
 .text.MX_GPIO_Init
                0x080008d4      0x188 ./Core/Src/gpio.o
                0x080008d4                MX_GPIO_Init
 .text.MX_I2C2_Init
                0x08000a5c       0x80 ./Core/Src/i2c.o
                0x08000a5c                MX_I2C2_Init
 .text.HAL_I2C_MspInit
                0x08000adc       0xd4 ./Core/Src/i2c.o
                0x08000adc                HAL_I2C_MspInit
 .text.MX_ICACHE_Init
                0x08000bb0       0x16 ./Core/Src/icache.o
                0x08000bb0                MX_ICACHE_Init
 *fill*         0x08000bc6        0x2 
 .text.MX_LPTIM1_Init
                0x08000bc8       0x94 ./Core/Src/lptim.o
                0x08000bc8                MX_LPTIM1_Init
 .text.HAL_LPTIM_MspInit
                0x08000c5c       0x70 ./Core/Src/lptim.o
                0x08000c5c                HAL_LPTIM_MspInit
 .text.HAL_LPTIM_MspPostInit
                0x08000ccc       0x70 ./Core/Src/lptim.o
                0x08000ccc                HAL_LPTIM_MspPostInit
 .text.main     0x08000d3c       0xa0 ./Core/Src/main.o
                0x08000d3c                main
 .text.SystemClock_Config
                0x08000ddc       0xe8 ./Core/Src/main.o
                0x08000ddc                SystemClock_Config
 .text.Error_Handler
                0x08000ec4        0xc ./Core/Src/main.o
                0x08000ec4                Error_Handler
 .text.MX_RNG_Init
                0x08000ed0       0x2c ./Core/Src/rng.o
                0x08000ed0                MX_RNG_Init
 .text.HAL_RNG_MspInit
                0x08000efc       0x74 ./Core/Src/rng.o
                0x08000efc                HAL_RNG_MspInit
 .text.MX_SPI3_Init
                0x08000f70       0xb0 ./Core/Src/spi.o
                0x08000f70                MX_SPI3_Init
 .text.HAL_SPI_MspInit
                0x08001020       0xd4 ./Core/Src/spi.o
                0x08001020                HAL_SPI_MspInit
 .text.HAL_MspInit
                0x080010f4        0xe ./Core/Src/stm32h5xx_hal_msp.o
                0x080010f4                HAL_MspInit
 .text.NMI_Handler
                0x08001102        0x8 ./Core/Src/stm32h5xx_it.o
                0x08001102                NMI_Handler
 .text.HardFault_Handler
                0x0800110a        0x8 ./Core/Src/stm32h5xx_it.o
                0x0800110a                HardFault_Handler
 .text.MemManage_Handler
                0x08001112        0x8 ./Core/Src/stm32h5xx_it.o
                0x08001112                MemManage_Handler
 .text.BusFault_Handler
                0x0800111a        0x8 ./Core/Src/stm32h5xx_it.o
                0x0800111a                BusFault_Handler
 .text.UsageFault_Handler
                0x08001122        0x8 ./Core/Src/stm32h5xx_it.o
                0x08001122                UsageFault_Handler
 .text.SVC_Handler
                0x0800112a        0xe ./Core/Src/stm32h5xx_it.o
                0x0800112a                SVC_Handler
 .text.DebugMon_Handler
                0x08001138        0xe ./Core/Src/stm32h5xx_it.o
                0x08001138                DebugMon_Handler
 .text.PendSV_Handler
                0x08001146        0xe ./Core/Src/stm32h5xx_it.o
                0x08001146                PendSV_Handler
 .text.SysTick_Handler
                0x08001154        0xc ./Core/Src/stm32h5xx_it.o
                0x08001154                SysTick_Handler
 .text.TIM1_UP_IRQHandler
                0x08001160       0x14 ./Core/Src/stm32h5xx_it.o
                0x08001160                TIM1_UP_IRQHandler
 .text.TIM3_IRQHandler
                0x08001174       0x14 ./Core/Src/stm32h5xx_it.o
                0x08001174                TIM3_IRQHandler
 .text.TIM6_IRQHandler
                0x08001188       0x14 ./Core/Src/stm32h5xx_it.o
                0x08001188                TIM6_IRQHandler
 .text.TIM8_UP_IRQHandler
                0x0800119c       0x14 ./Core/Src/stm32h5xx_it.o
                0x0800119c                TIM8_UP_IRQHandler
 .text._sbrk    0x080011b0       0x6c ./Core/Src/sysmem.o
                0x080011b0                _sbrk
 .text.SystemInit
                0x0800121c       0xf8 ./Core/Src/system_stm32h5xx.o
                0x0800121c                SystemInit
 .text.MX_TIM1_Init
                0x08001314       0xa8 ./Core/Src/tim.o
                0x08001314                MX_TIM1_Init
 .text.MX_TIM3_Init
                0x080013bc       0xb0 ./Core/Src/tim.o
                0x080013bc                MX_TIM3_Init
 .text.MX_TIM6_Init
                0x0800146c       0x6c ./Core/Src/tim.o
                0x0800146c                MX_TIM6_Init
 .text.MX_TIM7_Init
                0x080014d8       0x6c ./Core/Src/tim.o
                0x080014d8                MX_TIM7_Init
 .text.MX_TIM8_Init
                0x08001544       0xa8 ./Core/Src/tim.o
                0x08001544                MX_TIM8_Init
 .text.MX_TIM12_Init
                0x080015ec       0x74 ./Core/Src/tim.o
                0x080015ec                MX_TIM12_Init
 .text.HAL_TIM_Base_MspInit
                0x08001660      0x168 ./Core/Src/tim.o
                0x08001660                HAL_TIM_Base_MspInit
 .text.HAL_TIM_PeriodElapsedCallback
                0x080017c8       0xd4 ./Core/Src/tim.o
                0x080017c8                HAL_TIM_PeriodElapsedCallback
 .text.Reset_Handler
                0x0800189c       0x50 ./Core/Startup/startup_stm32h533retx.o
                0x0800189c                Reset_Handler
 .text.Default_Handler
                0x080018ec        0x2 ./Core/Startup/startup_stm32h533retx.o
                0x080018ec                EXTI2_IRQHandler
                0x080018ec                TIM8_TRG_COM_IRQHandler
                0x080018ec                TIM8_CC_IRQHandler
                0x080018ec                EXTI5_IRQHandler
                0x080018ec                I3C1_ER_IRQHandler
                0x080018ec                SPI4_IRQHandler
                0x080018ec                GPDMA2_Channel1_IRQHandler
                0x080018ec                FLASH_S_IRQHandler
                0x080018ec                EXTI13_IRQHandler
                0x080018ec                TIM1_CC_IRQHandler
                0x080018ec                GPDMA2_Channel3_IRQHandler
                0x080018ec                TAMP_IRQHandler
                0x080018ec                EXTI12_IRQHandler
                0x080018ec                USB_DRD_FS_IRQHandler
                0x080018ec                EXTI3_IRQHandler
                0x080018ec                GPDMA1_Channel5_IRQHandler
                0x080018ec                EXTI8_IRQHandler
                0x080018ec                GPDMA2_Channel5_IRQHandler
                0x080018ec                LPTIM2_IRQHandler
                0x080018ec                I2C3_ER_IRQHandler
                0x080018ec                GPDMA2_Channel2_IRQHandler
                0x080018ec                EXTI0_IRQHandler
                0x080018ec                I2C2_EV_IRQHandler
                0x080018ec                FPU_IRQHandler
                0x080018ec                GPDMA1_Channel3_IRQHandler
                0x080018ec                GPDMA1_Channel7_IRQHandler
                0x080018ec                FDCAN1_IT1_IRQHandler
                0x080018ec                RAMCFG_IRQHandler
                0x080018ec                DCACHE1_IRQHandler
                0x080018ec                SPI1_IRQHandler
                0x080018ec                OCTOSPI1_IRQHandler
                0x080018ec                GPDMA1_Channel2_IRQHandler
                0x080018ec                RCC_S_IRQHandler
                0x080018ec                ADC1_IRQHandler
                0x080018ec                PKA_IRQHandler
                0x080018ec                USART6_IRQHandler
                0x080018ec                I3C2_ER_IRQHandler
                0x080018ec                EXTI15_IRQHandler
                0x080018ec                USART3_IRQHandler
                0x080018ec                RTC_IRQHandler
                0x080018ec                EXTI9_IRQHandler
                0x080018ec                UART5_IRQHandler
                0x080018ec                TIM4_IRQHandler
                0x080018ec                I3C2_EV_IRQHandler
                0x080018ec                I2C1_EV_IRQHandler
                0x080018ec                GPDMA1_Channel1_IRQHandler
                0x080018ec                UART4_IRQHandler
                0x080018ec                SecureFault_Handler
                0x080018ec                RCC_IRQHandler
                0x080018ec                TIM1_TRG_COM_IRQHandler
                0x080018ec                Default_Handler
                0x080018ec                CEC_IRQHandler
                0x080018ec                OTFDEC1_IRQHandler
                0x080018ec                GPDMA2_Channel4_IRQHandler
                0x080018ec                TIM12_IRQHandler
                0x080018ec                TIM7_IRQHandler
                0x080018ec                SDMMC1_IRQHandler
                0x080018ec                SAES_IRQHandler
                0x080018ec                TIM5_IRQHandler
                0x080018ec                UCPD1_IRQHandler
                0x080018ec                GPDMA1_Channel0_IRQHandler
                0x080018ec                I3C1_EV_IRQHandler
                0x080018ec                TIM15_IRQHandler
                0x080018ec                PVD_AVD_IRQHandler
                0x080018ec                I2C3_EV_IRQHandler
                0x080018ec                ADC2_IRQHandler
                0x080018ec                SPI2_IRQHandler
                0x080018ec                EXTI14_IRQHandler
                0x080018ec                EXTI11_IRQHandler
                0x080018ec                CRS_IRQHandler
                0x080018ec                EXTI4_IRQHandler
                0x080018ec                GPDMA2_Channel0_IRQHandler
                0x080018ec                RTC_S_IRQHandler
                0x080018ec                RNG_IRQHandler
                0x080018ec                FDCAN2_IT1_IRQHandler
                0x080018ec                GPDMA2_Channel6_IRQHandler
                0x080018ec                WWDG_IRQHandler
                0x080018ec                FDCAN2_IT0_IRQHandler
                0x080018ec                IWDG_IRQHandler
                0x080018ec                LPUART1_IRQHandler
                0x080018ec                FDCAN1_IT0_IRQHandler
                0x080018ec                TIM2_IRQHandler
                0x080018ec                GPDMA1_Channel4_IRQHandler
                0x080018ec                EXTI7_IRQHandler
                0x080018ec                TIM1_BRK_IRQHandler
                0x080018ec                EXTI1_IRQHandler
                0x080018ec                AES_IRQHandler
                0x080018ec                DAC1_IRQHandler
                0x080018ec                DTS_IRQHandler
                0x080018ec                GTZC_IRQHandler
                0x080018ec                USART2_IRQHandler
                0x080018ec                GPDMA1_Channel6_IRQHandler
                0x080018ec                GPDMA2_Channel7_IRQHandler
                0x080018ec                I2C2_ER_IRQHandler
                0x080018ec                TIM8_BRK_IRQHandler
                0x080018ec                FLASH_IRQHandler
                0x080018ec                USART1_IRQHandler
                0x080018ec                EXTI10_IRQHandler
                0x080018ec                SPI3_IRQHandler
                0x080018ec                I2C1_ER_IRQHandler
                0x080018ec                FMC_IRQHandler
                0x080018ec                EXTI6_IRQHandler
                0x080018ec                LPTIM1_IRQHandler
                0x080018ec                DCMI_PSSI_IRQHandler
                0x080018ec                ICACHE_IRQHandler
                0x080018ec                HASH_IRQHandler
 *fill*         0x080018ee        0x2 
 .text.ST7735_RegisterBusIO
                0x080018f0       0xa8 ./Drivers/BSP/ST7735/st7735.o
                0x080018f0                ST7735_RegisterBusIO
 .text.ST7735_Init
                0x08001998      0x77e ./Drivers/BSP/ST7735/st7735.o
                0x08001998                ST7735_Init
 .text.ST7735_DeInit
                0x08002116       0x16 ./Drivers/BSP/ST7735/st7735.o
                0x08002116                ST7735_DeInit
 .text.ST7735_ReadID
                0x0800212c       0x8e ./Drivers/BSP/ST7735/st7735.o
                0x0800212c                ST7735_ReadID
 *fill*         0x080021ba        0x2 
 .text.ST7735_DisplayOn
                0x080021bc       0xc8 ./Drivers/BSP/ST7735/st7735.o
                0x080021bc                ST7735_DisplayOn
 .text.ST7735_DisplayOff
                0x08002284       0xc8 ./Drivers/BSP/ST7735/st7735.o
                0x08002284                ST7735_DisplayOff
 .text.ST7735_SetBrightness
                0x0800234c       0x1a ./Drivers/BSP/ST7735/st7735.o
                0x0800234c                ST7735_SetBrightness
 .text.ST7735_GetBrightness
                0x08002366       0x1a ./Drivers/BSP/ST7735/st7735.o
                0x08002366                ST7735_GetBrightness
 .text.ST7735_SetOrientation
                0x08002380      0x11c ./Drivers/BSP/ST7735/st7735.o
                0x08002380                ST7735_SetOrientation
 .text.ST7735_GetOrientation
                0x0800249c       0x24 ./Drivers/BSP/ST7735/st7735.o
                0x0800249c                ST7735_GetOrientation
 .text.ST7735_SetCursor
                0x080024c0      0x190 ./Drivers/BSP/ST7735/st7735.o
                0x080024c0                ST7735_SetCursor
 .text.ST7735_DrawBitmap
                0x08002650      0x214 ./Drivers/BSP/ST7735/st7735.o
                0x08002650                ST7735_DrawBitmap
 .text.ST7735_FillRGBRect
                0x08002864       0xd0 ./Drivers/BSP/ST7735/st7735.o
                0x08002864                ST7735_FillRGBRect
 .text.ST7735_DrawHLine
                0x08002934       0xa0 ./Drivers/BSP/ST7735/st7735.o
                0x08002934                ST7735_DrawHLine
 .text.ST7735_DrawVLine
                0x080029d4       0x68 ./Drivers/BSP/ST7735/st7735.o
                0x080029d4                ST7735_DrawVLine
 .text.ST7735_FillRect
                0x08002a3c       0x58 ./Drivers/BSP/ST7735/st7735.o
                0x08002a3c                ST7735_FillRect
 .text.ST7735_SetPixel
                0x08002a94       0x88 ./Drivers/BSP/ST7735/st7735.o
                0x08002a94                ST7735_SetPixel
 .text.ST7735_GetPixel
                0x08002b1c       0x9e ./Drivers/BSP/ST7735/st7735.o
                0x08002b1c                ST7735_GetPixel
 *fill*         0x08002bba        0x2 
 .text.ST7735_GetXSize
                0x08002bbc       0x24 ./Drivers/BSP/ST7735/st7735.o
                0x08002bbc                ST7735_GetXSize
 .text.ST7735_GetYSize
                0x08002be0       0x24 ./Drivers/BSP/ST7735/st7735.o
                0x08002be0                ST7735_GetYSize
 .text.ST7735_SetDisplayWindow
                0x08002c04      0x208 ./Drivers/BSP/ST7735/st7735.o
 .text.ST7735_ReadRegWrap
                0x08002e0c       0x28 ./Drivers/BSP/ST7735/st7735.o
 .text.ST7735_WriteRegWrap
                0x08002e34       0x2a ./Drivers/BSP/ST7735/st7735.o
 .text.ST7735_SendDataWrap
                0x08002e5e       0x24 ./Drivers/BSP/ST7735/st7735.o
 .text.ST7735_RecvDataWrap
                0x08002e82       0x24 ./Drivers/BSP/ST7735/st7735.o
 .text.ST7735_IO_Delay
                0x08002ea6       0x34 ./Drivers/BSP/ST7735/st7735.o
 *fill*         0x08002eda        0x2 
 .text.LCD7735_Test
                0x08002edc      0x1b0 ./Drivers/BSP/ST7735/st7735_lcd.o
                0x08002edc                LCD7735_Test
 .text.LCD7735_SetBrightness
                0x0800308c       0x38 ./Drivers/BSP/ST7735/st7735_lcd.o
                0x0800308c                LCD7735_SetBrightness
 .text.LCD7735_GetBrightness
                0x080030c4       0x30 ./Drivers/BSP/ST7735/st7735_lcd.o
                0x080030c4                LCD7735_GetBrightness
 .text.LCD7735_Light
                0x080030f4       0xea ./Drivers/BSP/ST7735/st7735_lcd.o
                0x080030f4                LCD7735_Light
 *fill*         0x080031de        0x2 
 .text.LCD7735_ShowChar
                0x080031e0      0x42c ./Drivers/BSP/ST7735/st7735_lcd.o
                0x080031e0                LCD7735_ShowChar
 .text.LCD7735_ShowString
                0x0800360c       0xa4 ./Drivers/BSP/ST7735/st7735_lcd.o
                0x0800360c                LCD7735_ShowString
 .text.lcd7735_init
                0x080036b0       0x20 ./Drivers/BSP/ST7735/st7735_lcd.o
 .text.lcd7735_gettick
                0x080036d0        0xe ./Drivers/BSP/ST7735/st7735_lcd.o
 *fill*         0x080036de        0x2 
 .text.lcd7735_writereg
                0x080036e0       0x90 ./Drivers/BSP/ST7735/st7735_lcd.o
 .text.lcd7735_readreg
                0x08003770       0x84 ./Drivers/BSP/ST7735/st7735_lcd.o
 .text.lcd7735_senddata
                0x080037f4       0x54 ./Drivers/BSP/ST7735/st7735_lcd.o
 .text.lcd7735_recvdata
                0x08003848       0x54 ./Drivers/BSP/ST7735/st7735_lcd.o
 .text.LCD7735_Printf
                0x0800389c       0xe8 ./Drivers/BSP/ST7735/st7735_lcd.o
                0x0800389c                LCD7735_Printf
 .text.LCD7735_Clear
                0x08003984       0x48 ./Drivers/BSP/ST7735/st7735_lcd.o
                0x08003984                LCD7735_Clear
 .text.st7735_read_reg
                0x080039cc       0x26 ./Drivers/BSP/ST7735/st7735_reg.o
                0x080039cc                st7735_read_reg
 .text.st7735_write_reg
                0x080039f2       0x2a ./Drivers/BSP/ST7735/st7735_reg.o
                0x080039f2                st7735_write_reg
 .text.st7735_send_data
                0x08003a1c       0x24 ./Drivers/BSP/ST7735/st7735_reg.o
                0x08003a1c                st7735_send_data
 .text.st7735_recv_data
                0x08003a40       0x24 ./Drivers/BSP/ST7735/st7735_reg.o
                0x08003a40                st7735_recv_data
 .text.BSP_LED_Init
                0x08003a64       0x88 ./Drivers/BSP/STM32H5xx_Nucleo/stm32h5xx_nucleo.o
                0x08003a64                BSP_LED_Init
 .text.BSP_PB_Init
                0x08003aec       0xf0 ./Drivers/BSP/STM32H5xx_Nucleo/stm32h5xx_nucleo.o
                0x08003aec                BSP_PB_Init
 .text.BSP_PB_Callback
                0x08003bdc       0x16 ./Drivers/BSP/STM32H5xx_Nucleo/stm32h5xx_nucleo.o
                0x08003bdc                BSP_PB_Callback
 *fill*         0x08003bf2        0x2 
 .text.BSP_COM_Init
                0x08003bf4       0x60 ./Drivers/BSP/STM32H5xx_Nucleo/stm32h5xx_nucleo.o
                0x08003bf4                BSP_COM_Init
 .text.MX_USART_Init
                0x08003c54       0x68 ./Drivers/BSP/STM32H5xx_Nucleo/stm32h5xx_nucleo.o
                0x08003c54                MX_USART_Init
 .text.BUTTON_USER_EXTI_Callback
                0x08003cbc        0xe ./Drivers/BSP/STM32H5xx_Nucleo/stm32h5xx_nucleo.o
 *fill*         0x08003cca        0x2 
 .text.COM1_MspInit
                0x08003ccc       0xac ./Drivers/BSP/STM32H5xx_Nucleo/stm32h5xx_nucleo.o
 .text.HAL_Init
                0x08003d78       0x50 ./Drivers/STM32H5xx_HAL_Driver/Src/stm32h5xx_hal.o
                0x08003d78                HAL_Init
 .text.HAL_InitTick
                0x08003dc8       0xec ./Drivers/STM32H5xx_HAL_Driver/Src/stm32h5xx_hal.o
                0x08003dc8                HAL_InitTick
 .text.HAL_IncTick
                0x08003eb4       0x28 ./Drivers/STM32H5xx_HAL_Driver/Src/stm32h5xx_hal.o
                0x08003eb4                HAL_IncTick
 .text.HAL_GetTick
                0x08003edc       0x18 ./Drivers/STM32H5xx_HAL_Driver/Src/stm32h5xx_hal.o
                0x08003edc                HAL_GetTick
 .text.HAL_Delay
                0x08003ef4       0x48 ./Drivers/STM32H5xx_HAL_Driver/Src/stm32h5xx_hal.o
                0x08003ef4                HAL_Delay
 .text.LL_ADC_SetCommonClock
                0x08003f3c       0x26 ./Drivers/STM32H5xx_HAL_Driver/Src/stm32h5xx_hal_adc.o
 .text.LL_ADC_SetCommonPathInternalCh
                0x08003f62       0x26 ./Drivers/STM32H5xx_HAL_Driver/Src/stm32h5xx_hal_adc.o
 .text.LL_ADC_GetCommonPathInternalCh
                0x08003f88       0x1c ./Drivers/STM32H5xx_HAL_Driver/Src/stm32h5xx_hal_adc.o
 .text.LL_ADC_EnableChannelVDDcore
                0x08003fa4       0x24 ./Drivers/STM32H5xx_HAL_Driver/Src/stm32h5xx_hal_adc.o
 .text.LL_ADC_EnableChannel0_GPIO
                0x08003fc8       0x28 ./Drivers/STM32H5xx_HAL_Driver/Src/stm32h5xx_hal_adc.o
 .text.LL_ADC_SetOffset
                0x08003ff0       0x48 ./Drivers/STM32H5xx_HAL_Driver/Src/stm32h5xx_hal_adc.o
 .text.LL_ADC_GetOffsetChannel
                0x08004038       0x2c ./Drivers/STM32H5xx_HAL_Driver/Src/stm32h5xx_hal_adc.o
 .text.LL_ADC_SetOffsetState
                0x08004064       0x36 ./Drivers/STM32H5xx_HAL_Driver/Src/stm32h5xx_hal_adc.o
 .text.LL_ADC_SetOffsetSign
                0x0800409a       0x36 ./Drivers/STM32H5xx_HAL_Driver/Src/stm32h5xx_hal_adc.o
 .text.LL_ADC_SetOffsetSaturation
                0x080040d0       0x36 ./Drivers/STM32H5xx_HAL_Driver/Src/stm32h5xx_hal_adc.o
 .text.LL_ADC_SetSamplingTimeCommonConfig
                0x08004106       0x26 ./Drivers/STM32H5xx_HAL_Driver/Src/stm32h5xx_hal_adc.o
 .text.LL_ADC_REG_SetSequencerRanks
                0x0800412c       0x58 ./Drivers/STM32H5xx_HAL_Driver/Src/stm32h5xx_hal_adc.o
 .text.LL_ADC_SetChannelSamplingTime
                0x08004184       0x56 ./Drivers/STM32H5xx_HAL_Driver/Src/stm32h5xx_hal_adc.o
 *fill*         0x080041da        0x2 
 .text.LL_ADC_SetChannelSingleDiff
                0x080041dc       0x48 ./Drivers/STM32H5xx_HAL_Driver/Src/stm32h5xx_hal_adc.o
 .text.LL_ADC_DisableDeepPowerDown
                0x08004224       0x24 ./Drivers/STM32H5xx_HAL_Driver/Src/stm32h5xx_hal_adc.o
 .text.LL_ADC_IsDeepPowerDownEnabled
                0x08004248       0x28 ./Drivers/STM32H5xx_HAL_Driver/Src/stm32h5xx_hal_adc.o
 .text.LL_ADC_EnableInternalRegulator
                0x08004270       0x28 ./Drivers/STM32H5xx_HAL_Driver/Src/stm32h5xx_hal_adc.o
 .text.LL_ADC_IsInternalRegulatorEnabled
                0x08004298       0x28 ./Drivers/STM32H5xx_HAL_Driver/Src/stm32h5xx_hal_adc.o
 .text.LL_ADC_IsEnabled
                0x080042c0       0x26 ./Drivers/STM32H5xx_HAL_Driver/Src/stm32h5xx_hal_adc.o
 .text.LL_ADC_REG_IsConversionOngoing
                0x080042e6       0x26 ./Drivers/STM32H5xx_HAL_Driver/Src/stm32h5xx_hal_adc.o
 .text.LL_ADC_INJ_IsConversionOngoing
                0x0800430c       0x26 ./Drivers/STM32H5xx_HAL_Driver/Src/stm32h5xx_hal_adc.o
 *fill*         0x08004332        0x2 
 .text.HAL_ADC_Init
                0x08004334      0x2a8 ./Drivers/STM32H5xx_HAL_Driver/Src/stm32h5xx_hal_adc.o
                0x08004334                HAL_ADC_Init
 .text.HAL_ADC_GetValue
                0x080045dc       0x1a ./Drivers/STM32H5xx_HAL_Driver/Src/stm32h5xx_hal_adc.o
                0x080045dc                HAL_ADC_GetValue
 *fill*         0x080045f6        0x2 
 .text.HAL_ADC_ConfigChannel
                0x080045f8      0x820 ./Drivers/STM32H5xx_HAL_Driver/Src/stm32h5xx_hal_adc.o
                0x080045f8                HAL_ADC_ConfigChannel
 .text.__NVIC_SetPriorityGrouping
                0x08004e18       0x48 ./Drivers/STM32H5xx_HAL_Driver/Src/stm32h5xx_hal_cortex.o
 .text.__NVIC_GetPriorityGrouping
                0x08004e60       0x1c ./Drivers/STM32H5xx_HAL_Driver/Src/stm32h5xx_hal_cortex.o
 .text.__NVIC_EnableIRQ
                0x08004e7c       0x3c ./Drivers/STM32H5xx_HAL_Driver/Src/stm32h5xx_hal_cortex.o
 .text.__NVIC_SetPriority
                0x08004eb8       0x54 ./Drivers/STM32H5xx_HAL_Driver/Src/stm32h5xx_hal_cortex.o
 .text.NVIC_EncodePriority
                0x08004f0c       0x66 ./Drivers/STM32H5xx_HAL_Driver/Src/stm32h5xx_hal_cortex.o
 .text.HAL_NVIC_SetPriorityGrouping
                0x08004f72       0x16 ./Drivers/STM32H5xx_HAL_Driver/Src/stm32h5xx_hal_cortex.o
                0x08004f72                HAL_NVIC_SetPriorityGrouping
 .text.HAL_NVIC_SetPriority
                0x08004f88       0x34 ./Drivers/STM32H5xx_HAL_Driver/Src/stm32h5xx_hal_cortex.o
                0x08004f88                HAL_NVIC_SetPriority
 .text.HAL_NVIC_EnableIRQ
                0x08004fbc       0x1c ./Drivers/STM32H5xx_HAL_Driver/Src/stm32h5xx_hal_cortex.o
                0x08004fbc                HAL_NVIC_EnableIRQ
 .text.HAL_SYSTICK_Config
                0x08004fd8       0x44 ./Drivers/STM32H5xx_HAL_Driver/Src/stm32h5xx_hal_cortex.o
                0x08004fd8                HAL_SYSTICK_Config
 .text.HAL_SYSTICK_CLKSourceConfig
                0x0800501c       0xb0 ./Drivers/STM32H5xx_HAL_Driver/Src/stm32h5xx_hal_cortex.o
                0x0800501c                HAL_SYSTICK_CLKSourceConfig
 .text.HAL_SYSTICK_GetCLKSourceConfig
                0x080050cc       0x6c ./Drivers/STM32H5xx_HAL_Driver/Src/stm32h5xx_hal_cortex.o
                0x080050cc                HAL_SYSTICK_GetCLKSourceConfig
 .text.HAL_EXTI_RegisterCallback
                0x08005138       0x58 ./Drivers/STM32H5xx_HAL_Driver/Src/stm32h5xx_hal_exti.o
                0x08005138                HAL_EXTI_RegisterCallback
 .text.HAL_EXTI_GetHandle
                0x08005190       0x28 ./Drivers/STM32H5xx_HAL_Driver/Src/stm32h5xx_hal_exti.o
                0x08005190                HAL_EXTI_GetHandle
 .text.HAL_GPIO_Init
                0x080051b8      0x2bc ./Drivers/STM32H5xx_HAL_Driver/Src/stm32h5xx_hal_gpio.o
                0x080051b8                HAL_GPIO_Init
 .text.HAL_GPIO_ReadPin
                0x08005474       0x30 ./Drivers/STM32H5xx_HAL_Driver/Src/stm32h5xx_hal_gpio.o
                0x08005474                HAL_GPIO_ReadPin
 .text.HAL_GPIO_WritePin
                0x080054a4       0x30 ./Drivers/STM32H5xx_HAL_Driver/Src/stm32h5xx_hal_gpio.o
                0x080054a4                HAL_GPIO_WritePin
 .text.HAL_I2C_Init
                0x080054d4      0x136 ./Drivers/STM32H5xx_HAL_Driver/Src/stm32h5xx_hal_i2c.o
                0x080054d4                HAL_I2C_Init
 .text.HAL_I2CEx_ConfigAnalogFilter
                0x0800560a       0x96 ./Drivers/STM32H5xx_HAL_Driver/Src/stm32h5xx_hal_i2c_ex.o
                0x0800560a                HAL_I2CEx_ConfigAnalogFilter
 .text.HAL_I2CEx_ConfigDigitalFilter
                0x080056a0       0x98 ./Drivers/STM32H5xx_HAL_Driver/Src/stm32h5xx_hal_i2c_ex.o
                0x080056a0                HAL_I2CEx_ConfigDigitalFilter
 .text.HAL_ICACHE_Enable
                0x08005738       0x20 ./Drivers/STM32H5xx_HAL_Driver/Src/stm32h5xx_hal_icache.o
                0x08005738                HAL_ICACHE_Enable
 .text.HAL_LPTIM_Init
                0x08005758      0x1e0 ./Drivers/STM32H5xx_HAL_Driver/Src/stm32h5xx_hal_lptim.o
                0x08005758                HAL_LPTIM_Init
 .text.HAL_LPTIM_PWM_Start
                0x08005938       0xd4 ./Drivers/STM32H5xx_HAL_Driver/Src/stm32h5xx_hal_lptim.o
                0x08005938                HAL_LPTIM_PWM_Start
 .text.HAL_LPTIM_OC_ConfigChannel
                0x08005a0c       0x66 ./Drivers/STM32H5xx_HAL_Driver/Src/stm32h5xx_hal_lptim.o
                0x08005a0c                HAL_LPTIM_OC_ConfigChannel
 *fill*         0x08005a72        0x2 
 .text.LPTIM_WaitForFlag
                0x08005a74       0x60 ./Drivers/STM32H5xx_HAL_Driver/Src/stm32h5xx_hal_lptim.o
 .text.LPTIM_OC1_SetConfig
                0x08005ad4       0x98 ./Drivers/STM32H5xx_HAL_Driver/Src/stm32h5xx_hal_lptim.o
 .text.LPTIM_OC2_SetConfig
                0x08005b6c       0x9c ./Drivers/STM32H5xx_HAL_Driver/Src/stm32h5xx_hal_lptim.o
 .text.HAL_RCC_OscConfig
                0x08005c08      0x870 ./Drivers/STM32H5xx_HAL_Driver/Src/stm32h5xx_hal_rcc.o
                0x08005c08                HAL_RCC_OscConfig
 .text.HAL_RCC_ClockConfig
                0x08006478      0x370 ./Drivers/STM32H5xx_HAL_Driver/Src/stm32h5xx_hal_rcc.o
                0x08006478                HAL_RCC_ClockConfig
 .text.HAL_RCC_GetSysClockFreq
                0x080067e8      0x258 ./Drivers/STM32H5xx_HAL_Driver/Src/stm32h5xx_hal_rcc.o
                0x080067e8                HAL_RCC_GetSysClockFreq
 .text.HAL_RCC_GetHCLKFreq
                0x08006a40       0x38 ./Drivers/STM32H5xx_HAL_Driver/Src/stm32h5xx_hal_rcc.o
                0x08006a40                HAL_RCC_GetHCLKFreq
 .text.HAL_RCC_GetPCLK1Freq
                0x08006a78       0x2c ./Drivers/STM32H5xx_HAL_Driver/Src/stm32h5xx_hal_rcc.o
                0x08006a78                HAL_RCC_GetPCLK1Freq
 .text.HAL_RCC_GetPCLK2Freq
                0x08006aa4       0x2c ./Drivers/STM32H5xx_HAL_Driver/Src/stm32h5xx_hal_rcc.o
                0x08006aa4                HAL_RCC_GetPCLK2Freq
 .text.HAL_RCC_GetPCLK3Freq
                0x08006ad0       0x2c ./Drivers/STM32H5xx_HAL_Driver/Src/stm32h5xx_hal_rcc.o
                0x08006ad0                HAL_RCC_GetPCLK3Freq
 .text.HAL_RCCEx_PeriphCLKConfig
                0x08006afc     0x1380 ./Drivers/STM32H5xx_HAL_Driver/Src/stm32h5xx_hal_rcc_ex.o
                0x08006afc                HAL_RCCEx_PeriphCLKConfig
 .text.HAL_RCCEx_GetPLL1ClockFreq
                0x08007e7c      0x2d8 ./Drivers/STM32H5xx_HAL_Driver/Src/stm32h5xx_hal_rcc_ex.o
                0x08007e7c                HAL_RCCEx_GetPLL1ClockFreq
 .text.HAL_RCCEx_GetPLL2ClockFreq
                0x08008154      0x2d8 ./Drivers/STM32H5xx_HAL_Driver/Src/stm32h5xx_hal_rcc_ex.o
                0x08008154                HAL_RCCEx_GetPLL2ClockFreq
 .text.HAL_RCCEx_GetPLL3ClockFreq
                0x0800842c      0x2d8 ./Drivers/STM32H5xx_HAL_Driver/Src/stm32h5xx_hal_rcc_ex.o
                0x0800842c                HAL_RCCEx_GetPLL3ClockFreq
 .text.HAL_RCCEx_GetPeriphCLKFreq
                0x08008704     0x16a0 ./Drivers/STM32H5xx_HAL_Driver/Src/stm32h5xx_hal_rcc_ex.o
                0x08008704                HAL_RCCEx_GetPeriphCLKFreq
 .text.RCCEx_PLL2_Config
                0x08009da4      0x130 ./Drivers/STM32H5xx_HAL_Driver/Src/stm32h5xx_hal_rcc_ex.o
 .text.RCCEx_PLL3_Config
                0x08009ed4      0x130 ./Drivers/STM32H5xx_HAL_Driver/Src/stm32h5xx_hal_rcc_ex.o
 .text.HAL_RNG_Init
                0x0800a004      0x130 ./Drivers/STM32H5xx_HAL_Driver/Src/stm32h5xx_hal_rng.o
                0x0800a004                HAL_RNG_Init
 .text.HAL_SPI_Init
                0x0800a134      0x258 ./Drivers/STM32H5xx_HAL_Driver/Src/stm32h5xx_hal_spi.o
                0x0800a134                HAL_SPI_Init
 .text.HAL_SPI_Transmit
                0x0800a38c      0x438 ./Drivers/STM32H5xx_HAL_Driver/Src/stm32h5xx_hal_spi.o
                0x0800a38c                HAL_SPI_Transmit
 .text.HAL_SPI_Receive
                0x0800a7c4      0x544 ./Drivers/STM32H5xx_HAL_Driver/Src/stm32h5xx_hal_spi.o
                0x0800a7c4                HAL_SPI_Receive
 .text.SPI_CloseTransfer
                0x0800ad08      0x140 ./Drivers/STM32H5xx_HAL_Driver/Src/stm32h5xx_hal_spi.o
 .text.SPI_WaitOnFlagUntilTimeout
                0x0800ae48       0x5c ./Drivers/STM32H5xx_HAL_Driver/Src/stm32h5xx_hal_spi.o
 .text.SPI_GetPacketSize
                0x0800aea4       0x36 ./Drivers/STM32H5xx_HAL_Driver/Src/stm32h5xx_hal_spi.o
 .text.HAL_TIM_Base_Init
                0x0800aeda       0xae ./Drivers/STM32H5xx_HAL_Driver/Src/stm32h5xx_hal_tim.o
                0x0800aeda                HAL_TIM_Base_Init
 .text.HAL_TIM_OnePulse_Init
                0x0800af88       0xa0 ./Drivers/STM32H5xx_HAL_Driver/Src/stm32h5xx_hal_tim.o
                0x0800af88                HAL_TIM_OnePulse_Init
 .text.HAL_TIM_OnePulse_MspInit
                0x0800b028       0x14 ./Drivers/STM32H5xx_HAL_Driver/Src/stm32h5xx_hal_tim.o
                0x0800b028                HAL_TIM_OnePulse_MspInit
 .text.HAL_TIM_IRQHandler
                0x0800b03c      0x29e ./Drivers/STM32H5xx_HAL_Driver/Src/stm32h5xx_hal_tim.o
                0x0800b03c                HAL_TIM_IRQHandler
 *fill*         0x0800b2da        0x2 
 .text.HAL_TIM_ConfigClockSource
                0x0800b2dc      0x23c ./Drivers/STM32H5xx_HAL_Driver/Src/stm32h5xx_hal_tim.o
                0x0800b2dc                HAL_TIM_ConfigClockSource
 .text.HAL_TIM_OC_DelayElapsedCallback
                0x0800b518       0x14 ./Drivers/STM32H5xx_HAL_Driver/Src/stm32h5xx_hal_tim.o
                0x0800b518                HAL_TIM_OC_DelayElapsedCallback
 .text.HAL_TIM_IC_CaptureCallback
                0x0800b52c       0x14 ./Drivers/STM32H5xx_HAL_Driver/Src/stm32h5xx_hal_tim.o
                0x0800b52c                HAL_TIM_IC_CaptureCallback
 .text.HAL_TIM_PWM_PulseFinishedCallback
                0x0800b540       0x14 ./Drivers/STM32H5xx_HAL_Driver/Src/stm32h5xx_hal_tim.o
                0x0800b540                HAL_TIM_PWM_PulseFinishedCallback
 .text.HAL_TIM_TriggerCallback
                0x0800b554       0x14 ./Drivers/STM32H5xx_HAL_Driver/Src/stm32h5xx_hal_tim.o
                0x0800b554                HAL_TIM_TriggerCallback
 .text.TIM_Base_SetConfig
                0x0800b568      0x1d4 ./Drivers/STM32H5xx_HAL_Driver/Src/stm32h5xx_hal_tim.o
                0x0800b568                TIM_Base_SetConfig
 .text.TIM_TI1_ConfigInputStage
                0x0800b73c       0x5e ./Drivers/STM32H5xx_HAL_Driver/Src/stm32h5xx_hal_tim.o
 .text.TIM_TI2_ConfigInputStage
                0x0800b79a       0x60 ./Drivers/STM32H5xx_HAL_Driver/Src/stm32h5xx_hal_tim.o
 .text.TIM_ITRx_SetConfig
                0x0800b7fa       0x3a ./Drivers/STM32H5xx_HAL_Driver/Src/stm32h5xx_hal_tim.o
 .text.TIM_ETR_SetConfig
                0x0800b834       0x40 ./Drivers/STM32H5xx_HAL_Driver/Src/stm32h5xx_hal_tim.o
                0x0800b834                TIM_ETR_SetConfig
 .text.HAL_TIMEx_MasterConfigSynchronization
                0x0800b874      0x1a0 ./Drivers/STM32H5xx_HAL_Driver/Src/stm32h5xx_hal_tim_ex.o
                0x0800b874                HAL_TIMEx_MasterConfigSynchronization
 .text.HAL_TIMEx_CommutCallback
                0x0800ba14       0x14 ./Drivers/STM32H5xx_HAL_Driver/Src/stm32h5xx_hal_tim_ex.o
                0x0800ba14                HAL_TIMEx_CommutCallback
 .text.HAL_TIMEx_BreakCallback
                0x0800ba28       0x14 ./Drivers/STM32H5xx_HAL_Driver/Src/stm32h5xx_hal_tim_ex.o
                0x0800ba28                HAL_TIMEx_BreakCallback
 .text.HAL_TIMEx_Break2Callback
                0x0800ba3c       0x14 ./Drivers/STM32H5xx_HAL_Driver/Src/stm32h5xx_hal_tim_ex.o
                0x0800ba3c                HAL_TIMEx_Break2Callback
 .text.HAL_TIMEx_EncoderIndexCallback
                0x0800ba50       0x14 ./Drivers/STM32H5xx_HAL_Driver/Src/stm32h5xx_hal_tim_ex.o
                0x0800ba50                HAL_TIMEx_EncoderIndexCallback
 .text.HAL_TIMEx_DirectionChangeCallback
                0x0800ba64       0x14 ./Drivers/STM32H5xx_HAL_Driver/Src/stm32h5xx_hal_tim_ex.o
                0x0800ba64                HAL_TIMEx_DirectionChangeCallback
 .text.HAL_TIMEx_IndexErrorCallback
                0x0800ba78       0x14 ./Drivers/STM32H5xx_HAL_Driver/Src/stm32h5xx_hal_tim_ex.o
                0x0800ba78                HAL_TIMEx_IndexErrorCallback
 .text.HAL_TIMEx_TransitionErrorCallback
                0x0800ba8c       0x14 ./Drivers/STM32H5xx_HAL_Driver/Src/stm32h5xx_hal_tim_ex.o
                0x0800ba8c                HAL_TIMEx_TransitionErrorCallback
 .text.HAL_UART_Init
                0x0800baa0       0xa0 ./Drivers/STM32H5xx_HAL_Driver/Src/stm32h5xx_hal_uart.o
                0x0800baa0                HAL_UART_Init
 .text.HAL_UART_MspInit
                0x0800bb40       0x14 ./Drivers/STM32H5xx_HAL_Driver/Src/stm32h5xx_hal_uart.o
                0x0800bb40                HAL_UART_MspInit
 .text.UART_SetConfig
                0x0800bb54      0x35c ./Drivers/STM32H5xx_HAL_Driver/Src/stm32h5xx_hal_uart.o
                0x0800bb54                UART_SetConfig
 .text.UART_AdvFeatureConfig
                0x0800beb0      0x144 ./Drivers/STM32H5xx_HAL_Driver/Src/stm32h5xx_hal_uart.o
                0x0800beb0                UART_AdvFeatureConfig
 .text.UART_CheckIdleState
                0x0800bff4      0x154 ./Drivers/STM32H5xx_HAL_Driver/Src/stm32h5xx_hal_uart.o
                0x0800bff4                UART_CheckIdleState
 .text.UART_WaitOnFlagUntilTimeout
                0x0800c148       0xda ./Drivers/STM32H5xx_HAL_Driver/Src/stm32h5xx_hal_uart.o
                0x0800c148                UART_WaitOnFlagUntilTimeout
 .text.UART_EndRxTransfer
                0x0800c222       0xcc ./Drivers/STM32H5xx_HAL_Driver/Src/stm32h5xx_hal_uart.o
 .text.Button_Init_Internal
                0x0800c2ee       0x46 ./Main/Src/button.o
                0x0800c2ee                Button_Init_Internal
 .text.MX_Button_Init
                0x0800c334       0x44 ./Main/Src/button.o
                0x0800c334                MX_Button_Init
 .text.HAL_TIM7_IRQ_Handler
                0x0800c378        0xe ./Main/Src/drive.o
                0x0800c378                HAL_TIM7_IRQ_Handler
 .text.Main_Menu
                0x0800c386        0xe ./Main/Src/menu.o
                0x0800c386                Main_Menu
 .text.HAL_TIM1_IRQ_Handler
                0x0800c394       0xa0 ./Main/Src/motor.o
                0x0800c394                HAL_TIM1_IRQ_Handler
 .text.HAL_TIM8_IRQ_Handler
                0x0800c434       0xa0 ./Main/Src/motor.o
                0x0800c434                HAL_TIM8_IRQ_Handler
 .text.IR_Disable
                0x0800c4d4       0x34 ./Main/Src/sensor.o
 .text.HAL_TIM6_IRQ_Handler
                0x0800c508       0x58 ./Main/Src/sensor.o
                0x0800c508                HAL_TIM6_IRQ_Handler
 .text.sprintf  0x0800c560       0x44 D:/STM32CubeIDE_2.1.0/STM32CubeIDE/plugins/com.st.stm32cube.ide.mcu.externaltools.gnu-tools-for-stm32.14.3.rel1.win32_1.0.100.202602081740/tools/bin/../lib/gcc/arm-none-eabi/14.3.1/../../../../arm-none-eabi/lib/thumb/v8-m.main+fp/hard\libc_nano.a(libc_a-sprintf.o)
                0x0800c560                siprintf
                0x0800c560                sprintf
 .text._vsprintf_r
                0x0800c5a4       0x2c D:/STM32CubeIDE_2.1.0/STM32CubeIDE/plugins/com.st.stm32cube.ide.mcu.externaltools.gnu-tools-for-stm32.14.3.rel1.win32_1.0.100.202602081740/tools/bin/../lib/gcc/arm-none-eabi/14.3.1/../../../../arm-none-eabi/lib/thumb/v8-m.main+fp/hard\libc_nano.a(libc_a-vsprintf.o)
                0x0800c5a4                _vsprintf_r
                0x0800c5a4                _vsiprintf_r
 .text.vsprintf
                0x0800c5d0       0x14 D:/STM32CubeIDE_2.1.0/STM32CubeIDE/plugins/com.st.stm32cube.ide.mcu.externaltools.gnu-tools-for-stm32.14.3.rel1.win32_1.0.100.202602081740/tools/bin/../lib/gcc/arm-none-eabi/14.3.1/../../../../arm-none-eabi/lib/thumb/v8-m.main+fp/hard\libc_nano.a(libc_a-vsprintf.o)
                0x0800c5d0                vsiprintf
                0x0800c5d0                vsprintf
 .text.memset   0x0800c5e4       0x10 D:/STM32CubeIDE_2.1.0/STM32CubeIDE/plugins/com.st.stm32cube.ide.mcu.externaltools.gnu-tools-for-stm32.14.3.rel1.win32_1.0.100.202602081740/tools/bin/../lib/gcc/arm-none-eabi/14.3.1/../../../../arm-none-eabi/lib/thumb/v8-m.main+fp/hard\libc_nano.a(libc_a-memset.o)
                0x0800c5e4                memset
 .text.__errno  0x0800c5f4        0xc D:/STM32CubeIDE_2.1.0/STM32CubeIDE/plugins/com.st.stm32cube.ide.mcu.externaltools.gnu-tools-for-stm32.14.3.rel1.win32_1.0.100.202602081740/tools/bin/../lib/gcc/arm-none-eabi/14.3.1/../../../../arm-none-eabi/lib/thumb/v8-m.main+fp/hard\libc_nano.a(libc_a-errno.o)
                0x0800c5f4                __errno
 .text.__libc_init_array
                0x0800c600       0x48 D:/STM32CubeIDE_2.1.0/STM32CubeIDE/plugins/com.st.stm32cube.ide.mcu.externaltools.gnu-tools-for-stm32.14.3.rel1.win32_1.0.100.202602081740/tools/bin/../lib/gcc/arm-none-eabi/14.3.1/../../../../arm-none-eabi/lib/thumb/v8-m.main+fp/hard\libc_nano.a(libc_a-init.o)
                0x0800c600                __libc_init_array
 .text.__retarget_lock_acquire_recursive
                0x0800c648        0x2 D:/STM32CubeIDE_2.1.0/STM32CubeIDE/plugins/com.st.stm32cube.ide.mcu.externaltools.gnu-tools-for-stm32.14.3.rel1.win32_1.0.100.202602081740/tools/bin/../lib/gcc/arm-none-eabi/14.3.1/../../../../arm-none-eabi/lib/thumb/v8-m.main+fp/hard\libc_nano.a(libc_a-lock.o)
                0x0800c648                __retarget_lock_acquire_recursive
 .text.__retarget_lock_release_recursive
                0x0800c64a        0x2 D:/STM32CubeIDE_2.1.0/STM32CubeIDE/plugins/com.st.stm32cube.ide.mcu.externaltools.gnu-tools-for-stm32.14.3.rel1.win32_1.0.100.202602081740/tools/bin/../lib/gcc/arm-none-eabi/14.3.1/../../../../arm-none-eabi/lib/thumb/v8-m.main+fp/hard\libc_nano.a(libc_a-lock.o)
                0x0800c64a                __retarget_lock_release_recursive
 .text._free_r  0x0800c64c       0x94 D:/STM32CubeIDE_2.1.0/STM32CubeIDE/plugins/com.st.stm32cube.ide.mcu.externaltools.gnu-tools-for-stm32.14.3.rel1.win32_1.0.100.202602081740/tools/bin/../lib/gcc/arm-none-eabi/14.3.1/../../../../arm-none-eabi/lib/thumb/v8-m.main+fp/hard\libc_nano.a(libc_a-freer.o)
                0x0800c64c                _free_r
 .text.sbrk_aligned
                0x0800c6e0       0x44 D:/STM32CubeIDE_2.1.0/STM32CubeIDE/plugins/com.st.stm32cube.ide.mcu.externaltools.gnu-tools-for-stm32.14.3.rel1.win32_1.0.100.202602081740/tools/bin/../lib/gcc/arm-none-eabi/14.3.1/../../../../arm-none-eabi/lib/thumb/v8-m.main+fp/hard\libc_nano.a(libc_a-mallocr.o)
 .text._malloc_r
                0x0800c724      0x100 D:/STM32CubeIDE_2.1.0/STM32CubeIDE/plugins/com.st.stm32cube.ide.mcu.externaltools.gnu-tools-for-stm32.14.3.rel1.win32_1.0.100.202602081740/tools/bin/../lib/gcc/arm-none-eabi/14.3.1/../../../../arm-none-eabi/lib/thumb/v8-m.main+fp/hard\libc_nano.a(libc_a-mallocr.o)
                0x0800c724                _malloc_r
 .text.__malloc_lock
                0x0800c824        0xc D:/STM32CubeIDE_2.1.0/STM32CubeIDE/plugins/com.st.stm32cube.ide.mcu.externaltools.gnu-tools-for-stm32.14.3.rel1.win32_1.0.100.202602081740/tools/bin/../lib/gcc/arm-none-eabi/14.3.1/../../../../arm-none-eabi/lib/thumb/v8-m.main+fp/hard\libc_nano.a(libc_a-mlock.o)
                0x0800c824                __malloc_lock
 .text.__malloc_unlock
                0x0800c830        0xc D:/STM32CubeIDE_2.1.0/STM32CubeIDE/plugins/com.st.stm32cube.ide.mcu.externaltools.gnu-tools-for-stm32.14.3.rel1.win32_1.0.100.202602081740/tools/bin/../lib/gcc/arm-none-eabi/14.3.1/../../../../arm-none-eabi/lib/thumb/v8-m.main+fp/hard\libc_nano.a(libc_a-mlock.o)
                0x0800c830                __malloc_unlock
 .text.__ssputs_r
                0x0800c83c       0xc0 D:/STM32CubeIDE_2.1.0/STM32CubeIDE/plugins/com.st.stm32cube.ide.mcu.externaltools.gnu-tools-for-stm32.14.3.rel1.win32_1.0.100.202602081740/tools/bin/../lib/gcc/arm-none-eabi/14.3.1/../../../../arm-none-eabi/lib/thumb/v8-m.main+fp/hard\libc_nano.a(libc_a-nano-svfprintf.o)
                0x0800c83c                __ssputs_r
 .text._svfprintf_r
                0x0800c8fc      0x1f0 D:/STM32CubeIDE_2.1.0/STM32CubeIDE/plugins/com.st.stm32cube.ide.mcu.externaltools.gnu-tools-for-stm32.14.3.rel1.win32_1.0.100.202602081740/tools/bin/../lib/gcc/arm-none-eabi/14.3.1/../../../../arm-none-eabi/lib/thumb/v8-m.main+fp/hard\libc_nano.a(libc_a-nano-svfprintf.o)
                0x0800c8fc                _svfiprintf_r
                0x0800c8fc                _svfprintf_r
 .text._printf_common
                0x0800caec       0xe4 D:/STM32CubeIDE_2.1.0/STM32CubeIDE/plugins/com.st.stm32cube.ide.mcu.externaltools.gnu-tools-for-stm32.14.3.rel1.win32_1.0.100.202602081740/tools/bin/../lib/gcc/arm-none-eabi/14.3.1/../../../../arm-none-eabi/lib/thumb/v8-m.main+fp/hard\libc_nano.a(libc_a-nano-vfprintf_i.o)
                0x0800caec                _printf_common
 .text._printf_i
                0x0800cbd0      0x24c D:/STM32CubeIDE_2.1.0/STM32CubeIDE/plugins/com.st.stm32cube.ide.mcu.externaltools.gnu-tools-for-stm32.14.3.rel1.win32_1.0.100.202602081740/tools/bin/../lib/gcc/arm-none-eabi/14.3.1/../../../../arm-none-eabi/lib/thumb/v8-m.main+fp/hard\libc_nano.a(libc_a-nano-vfprintf_i.o)
                0x0800cbd0                _printf_i
 .text.memmove  0x0800ce1c       0x32 D:/STM32CubeIDE_2.1.0/STM32CubeIDE/plugins/com.st.stm32cube.ide.mcu.externaltools.gnu-tools-for-stm32.14.3.rel1.win32_1.0.100.202602081740/tools/bin/../lib/gcc/arm-none-eabi/14.3.1/../../../../arm-none-eabi/lib/thumb/v8-m.main+fp/hard\libc_nano.a(libc_a-memmove.o)
                0x0800ce1c                memmove
 *fill*         0x0800ce4e        0x2 
 .text._sbrk_r  0x0800ce50       0x20 D:/STM32CubeIDE_2.1.0/STM32CubeIDE/plugins/com.st.stm32cube.ide.mcu.externaltools.gnu-tools-for-stm32.14.3.rel1.win32_1.0.100.202602081740/tools/bin/../lib/gcc/arm-none-eabi/14.3.1/../../../../arm-none-eabi/lib/thumb/v8-m.main+fp/hard\libc_nano.a(libc_a-sbrkr.o)
                0x0800ce50                _sbrk_r
 .text.memchr   0x0800ce70       0x1c D:/STM32CubeIDE_2.1.0/STM32CubeIDE/plugins/com.st.stm32cube.ide.mcu.externaltools.gnu-tools-for-stm32.14.3.rel1.win32_1.0.100.202602081740/tools/bin/../lib/gcc/arm-none-eabi/14.3.1/../../../../arm-none-eabi/lib/thumb/v8-m.main+fp/hard\libc_nano.a(libc_a-memchr-stub.o)
                0x0800ce70                memchr
 .text.memcpy   0x0800ce8c       0x1a D:/STM32CubeIDE_2.1.0/STM32CubeIDE/plugins/com.st.stm32cube.ide.mcu.externaltools.gnu-tools-for-stm32.14.3.rel1.win32_1.0.100.202602081740/tools/bin/../lib/gcc/arm-none-eabi/14.3.1/../../../../arm-none-eabi/lib/thumb/v8-m.main+fp/hard\libc_nano.a(libc_a-memcpy-stub.o)
                0x0800ce8c                memcpy
 .text._realloc_r
                0x0800cea6       0x5c D:/STM32CubeIDE_2.1.0/STM32CubeIDE/plugins/com.st.stm32cube.ide.mcu.externaltools.gnu-tools-for-stm32.14.3.rel1.win32_1.0.100.202602081740/tools/bin/../lib/gcc/arm-none-eabi/14.3.1/../../../../arm-none-eabi/lib/thumb/v8-m.main+fp/hard\libc_nano.a(libc_a-reallocr.o)
                0x0800cea6                _realloc_r
 .text._malloc_usable_size_r
                0x0800cf02       0x10 D:/STM32CubeIDE_2.1.0/STM32CubeIDE/plugins/com.st.stm32cube.ide.mcu.externaltools.gnu-tools-for-stm32.14.3.rel1.win32_1.0.100.202602081740/tools/bin/../lib/gcc/arm-none-eabi/14.3.1/../../../../arm-none-eabi/lib/thumb/v8-m.main+fp/hard\libc_nano.a(libc_a-msizer.o)
                0x0800cf02                _malloc_usable_size_r
 *(.glue_7)
 .glue_7        0x0800cf12        0x0 linker stubs
 *(.glue_7t)
 .glue_7t       0x0800cf12        0x0 linker stubs
 *(.eh_frame)
 *fill*         0x0800cf12        0x2 
 .eh_frame      0x0800cf14        0x0 D:/STM32CubeIDE_2.1.0/STM32CubeIDE/plugins/com.st.stm32cube.ide.mcu.externaltools.gnu-tools-for-stm32.14.3.rel1.win32_1.0.100.202602081740/tools/bin/../lib/gcc/arm-none-eabi/14.3.1/thumb/v8-m.main+fp/hard/crtbegin.o
 *(.init)
 .init          0x0800cf14        0x4 D:/STM32CubeIDE_2.1.0/STM32CubeIDE/plugins/com.st.stm32cube.ide.mcu.externaltools.gnu-tools-for-stm32.14.3.rel1.win32_1.0.100.202602081740/tools/bin/../lib/gcc/arm-none-eabi/14.3.1/thumb/v8-m.main+fp/hard/crti.o
                0x0800cf14                _init
 .init          0x0800cf18        0x8 D:/STM32CubeIDE_2.1.0/STM32CubeIDE/plugins/com.st.stm32cube.ide.mcu.externaltools.gnu-tools-for-stm32.14.3.rel1.win32_1.0.100.202602081740/tools/bin/../lib/gcc/arm-none-eabi/14.3.1/thumb/v8-m.main+fp/hard/crtn.o
 *(.fini)
 .fini          0x0800cf20        0x4 D:/STM32CubeIDE_2.1.0/STM32CubeIDE/plugins/com.st.stm32cube.ide.mcu.externaltools.gnu-tools-for-stm32.14.3.rel1.win32_1.0.100.202602081740/tools/bin/../lib/gcc/arm-none-eabi/14.3.1/thumb/v8-m.main+fp/hard/crti.o
                0x0800cf20                _fini
 .fini          0x0800cf24        0x8 D:/STM32CubeIDE_2.1.0/STM32CubeIDE/plugins/com.st.stm32cube.ide.mcu.externaltools.gnu-tools-for-stm32.14.3.rel1.win32_1.0.100.202602081740/tools/bin/../lib/gcc/arm-none-eabi/14.3.1/thumb/v8-m.main+fp/hard/crtn.o
                0x0800cf2c                        . = ALIGN (0x4)
                0x0800cf2c                        _etext = .

.vfp11_veneer   0x0800cf2c        0x0
 .vfp11_veneer  0x0800cf2c        0x0 linker stubs

.v4_bx          0x0800cf2c        0x0
 .v4_bx         0x0800cf2c        0x0 linker stubs

.iplt           0x0800cf2c        0x0
 .iplt          0x0800cf2c        0x0 D:/STM32CubeIDE_2.1.0/STM32CubeIDE/plugins/com.st.stm32cube.ide.mcu.externaltools.gnu-tools-for-stm32.14.3.rel1.win32_1.0.100.202602081740/tools/bin/../lib/gcc/arm-none-eabi/14.3.1/thumb/v8-m.main+fp/hard/crtbegin.o

.rodata         0x0800cf2c      0xaec
                0x0800cf2c                        . = ALIGN (0x4)
 *(.rodata)
 .rodata        0x0800cf2c        0xd ./Core/Src/main.o
 *fill*         0x0800cf39        0x3 
 .rodata        0x0800cf3c        0x6 ./Drivers/BSP/ST7735/st7735_lcd.o
 *(.rodata*)
 *fill*         0x0800cf42        0x2 
 .rodata.AHBPrescTable
                0x0800cf44       0x10 ./Core/Src/system_stm32h5xx.o
                0x0800cf44                AHBPrescTable
 .rodata.APBPrescTable
                0x0800cf54        0x8 ./Core/Src/system_stm32h5xx.o
                0x0800cf54                APBPrescTable
 .rodata.asc2_1206
                0x0800cf5c      0x474 ./Drivers/BSP/ST7735/font.o
                0x0800cf5c                asc2_1206
 .rodata.asc2_1608
                0x0800d3d0      0x5f0 ./Drivers/BSP/ST7735/font.o
                0x0800d3d0                asc2_1608
 .rodata.BUTTON_EXTI_LINE.2
                0x0800d9c0        0x4 ./Drivers/BSP/STM32H5xx_Nucleo/stm32h5xx_nucleo.o
 .rodata.UARTPrescTable
                0x0800d9c4       0x18 ./Drivers/STM32H5xx_HAL_Driver/Src/stm32h5xx_hal_uart.o
                0x0800d9c4                UARTPrescTable
 .rodata.stepSequence
                0x0800d9dc        0x8 ./Main/Src/motor.o
                0x0800d9dc                stepSequence
 .rodata._svfprintf_r.str1.1
                0x0800d9e4       0x33 D:/STM32CubeIDE_2.1.0/STM32CubeIDE/plugins/com.st.stm32cube.ide.mcu.externaltools.gnu-tools-for-stm32.14.3.rel1.win32_1.0.100.202602081740/tools/bin/../lib/gcc/arm-none-eabi/14.3.1/../../../../arm-none-eabi/lib/thumb/v8-m.main+fp/hard\libc_nano.a(libc_a-nano-svfprintf.o)
                                 0x11 (size before relaxing)
 .rodata._printf_i.str1.1
                0x0800da17       0x22 D:/STM32CubeIDE_2.1.0/STM32CubeIDE/plugins/com.st.stm32cube.ide.mcu.externaltools.gnu-tools-for-stm32.14.3.rel1.win32_1.0.100.202602081740/tools/bin/../lib/gcc/arm-none-eabi/14.3.1/../../../../arm-none-eabi/lib/thumb/v8-m.main+fp/hard\libc_nano.a(libc_a-nano-vfprintf_i.o)
                0x0800da3c                        . = ALIGN (0x4)
 *fill*         0x0800da17        0x1 

.ARM.extab      0x0800da18        0x0
                0x0800da18                        . = ALIGN (0x4)
 *(.ARM.extab* .gnu.linkonce.armextab.*)
                0x0800da18                        . = ALIGN (0x4)

.ARM            0x0800da18        0x8
                0x0800da18                        . = ALIGN (0x4)
                0x0800da18                        __exidx_start = .
 *(.ARM.exidx*)
 .ARM.exidx     0x0800da18        0x8 D:/STM32CubeIDE_2.1.0/STM32CubeIDE/plugins/com.st.stm32cube.ide.mcu.externaltools.gnu-tools-for-stm32.14.3.rel1.win32_1.0.100.202602081740/tools/bin/../lib/gcc/arm-none-eabi/14.3.1/thumb/v8-m.main+fp/hard\libgcc.a(_udivmoddi4.o)
                0x0800da20                        __exidx_end = .
                0x0800da20                        . = ALIGN (0x4)

.preinit_array  0x0800da20        0x0
                0x0800da20                        . = ALIGN (0x4)
                0x0800da20                        PROVIDE (__preinit_array_start = .)
 *(.preinit_array*)
                0x0800da20                        PROVIDE (__preinit_array_end = .)
                0x0800da20                        . = ALIGN (0x4)

.init_array     0x0800da20        0x4
                0x0800da20                        . = ALIGN (0x4)
                0x0800da20                        PROVIDE (__init_array_start = .)
 *(SORT_BY_NAME(.init_array.*))
 *(.init_array*)
 .init_array    0x0800da20        0x4 D:/STM32CubeIDE_2.1.0/STM32CubeIDE/plugins/com.st.stm32cube.ide.mcu.externaltools.gnu-tools-for-stm32.14.3.rel1.win32_1.0.100.202602081740/tools/bin/../lib/gcc/arm-none-eabi/14.3.1/thumb/v8-m.main+fp/hard/crtbegin.o
                0x0800da24                        PROVIDE (__init_array_end = .)
                0x0800da24                        . = ALIGN (0x4)

.fini_array     0x0800da24        0x4
                0x0800da24                        . = ALIGN (0x4)
                [!provide]                        PROVIDE (__fini_array_start = .)
 *(SORT_BY_NAME(.fini_array.*))
 *(.fini_array*)
 .fini_array    0x0800da24        0x4 D:/STM32CubeIDE_2.1.0/STM32CubeIDE/plugins/com.st.stm32cube.ide.mcu.externaltools.gnu-tools-for-stm32.14.3.rel1.win32_1.0.100.202602081740/tools/bin/../lib/gcc/arm-none-eabi/14.3.1/thumb/v8-m.main+fp/hard/crtbegin.o
                [!provide]                        PROVIDE (__fini_array_end = .)
                0x0800da28                        . = ALIGN (0x4)
                0x0800da28                        _sidata = LOADADDR (.data)

.rel.dyn        0x0800da28        0x0
 .rel.iplt      0x0800da28        0x0 D:/STM32CubeIDE_2.1.0/STM32CubeIDE/plugins/com.st.stm32cube.ide.mcu.externaltools.gnu-tools-for-stm32.14.3.rel1.win32_1.0.100.202602081740/tools/bin/../lib/gcc/arm-none-eabi/14.3.1/thumb/v8-m.main+fp/hard/crtbegin.o

.data           0x20000000      0x184 load address 0x0800da28
                0x20000000                        . = ALIGN (0x4)
                0x20000000                        _sdata = .
 *(.data)
 *(.data*)
 .data.SystemCoreClock
                0x20000000        0x4 ./Core/Src/system_stm32h5xx.o
                0x20000000                SystemCoreClock
 .data.ST7735_LCD_Driver
                0x20000004       0x4c ./Drivers/BSP/ST7735/st7735.o
                0x20000004                ST7735_LCD_Driver
 .data.OrientationTab
                0x20000050       0x20 ./Drivers/BSP/ST7735/st7735.o
 .data.LCD7735_BACK_BRIGHT
                0x20000070        0x2 ./Drivers/BSP/ST7735/st7735_lcd.o
                0x20000070                LCD7735_BACK_BRIGHT
 *fill*         0x20000072        0x2 
 .data.st7735_pIO
                0x20000074       0x20 ./Drivers/BSP/ST7735/st7735_lcd.o
                0x20000074                st7735_pIO
 .data.LCD7735_POINT_COLOR
                0x20000094        0x2 ./Drivers/BSP/ST7735/st7735_lcd.o
                0x20000094                LCD7735_POINT_COLOR
 *fill*         0x20000096        0x2 
 .data.COM_USART
                0x20000098        0x4 ./Drivers/BSP/STM32H5xx_Nucleo/stm32h5xx_nucleo.o
                0x20000098                COM_USART
 .data.LED_PORT
                0x2000009c        0x4 ./Drivers/BSP/STM32H5xx_Nucleo/stm32h5xx_nucleo.o
 .data.BUTTON_PORT
                0x200000a0        0x4 ./Drivers/BSP/STM32H5xx_Nucleo/stm32h5xx_nucleo.o
 .data.ButtonCallback.1
                0x200000a4        0x4 ./Drivers/BSP/STM32H5xx_Nucleo/stm32h5xx_nucleo.o
 .data.BSP_BUTTON_PRIO.0
                0x200000a8        0x4 ./Drivers/BSP/STM32H5xx_Nucleo/stm32h5xx_nucleo.o
 .data.uwTickPrio
                0x200000ac        0x4 ./Drivers/STM32H5xx_HAL_Driver/Src/stm32h5xx_hal.o
                0x200000ac                uwTickPrio
 .data.uwTickFreq
                0x200000b0        0x1 ./Drivers/STM32H5xx_HAL_Driver/Src/stm32h5xx_hal.o
                0x200000b0                uwTickFreq
 *fill*         0x200000b1        0x3 
 .data.Motor_L  0x200000b4       0x20 ./Main/Src/motor.o
                0x200000b4                Motor_L
 .data.Motor_R  0x200000d4       0x20 ./Main/Src/motor.o
                0x200000d4                Motor_R
 .data.IR_Index
                0x200000f4       0x40 ./Main/Src/sensor.o
                0x200000f4                IR_Index
 .data._impure_ptr
                0x20000134        0x4 D:/STM32CubeIDE_2.1.0/STM32CubeIDE/plugins/com.st.stm32cube.ide.mcu.externaltools.gnu-tools-for-stm32.14.3.rel1.win32_1.0.100.202602081740/tools/bin/../lib/gcc/arm-none-eabi/14.3.1/../../../../arm-none-eabi/lib/thumb/v8-m.main+fp/hard\libc_nano.a(libc_a-impure.o)
                0x20000134                _impure_ptr
 .data._impure_data
                0x20000138       0x4c D:/STM32CubeIDE_2.1.0/STM32CubeIDE/plugins/com.st.stm32cube.ide.mcu.externaltools.gnu-tools-for-stm32.14.3.rel1.win32_1.0.100.202602081740/tools/bin/../lib/gcc/arm-none-eabi/14.3.1/../../../../arm-none-eabi/lib/thumb/v8-m.main+fp/hard\libc_nano.a(libc_a-impure.o)
                0x20000138                _impure_data
 *(.RamFunc)
 *(.RamFunc*)
                0x20000184                        . = ALIGN (0x4)
                0x20000184                        _edata = .

.igot.plt       0x20000184        0x0 load address 0x0800dbac
 .igot.plt      0x20000184        0x0 D:/STM32CubeIDE_2.1.0/STM32CubeIDE/plugins/com.st.stm32cube.ide.mcu.externaltools.gnu-tools-for-stm32.14.3.rel1.win32_1.0.100.202602081740/tools/bin/../lib/gcc/arm-none-eabi/14.3.1/thumb/v8-m.main+fp/hard/crtbegin.o
                0x20000184                        . = ALIGN (0x4)

.bss            0x20000184      0xb4c load address 0x0800dbac
                0x20000184                        _sbss = .
                0x20000184                        __bss_start__ = _sbss
 *(.bss)
 .bss           0x20000184       0x1c D:/STM32CubeIDE_2.1.0/STM32CubeIDE/plugins/com.st.stm32cube.ide.mcu.externaltools.gnu-tools-for-stm32.14.3.rel1.win32_1.0.100.202602081740/tools/bin/../lib/gcc/arm-none-eabi/14.3.1/thumb/v8-m.main+fp/hard/crtbegin.o
 *(.bss*)
 .bss.hadc1     0x200001a0       0x68 ./Core/Src/adc.o
                0x200001a0                hadc1
 .bss.hi2c2     0x20000208       0x54 ./Core/Src/i2c.o
                0x20000208                hi2c2
 .bss.hlptim1   0x2000025c       0x50 ./Core/Src/lptim.o
                0x2000025c                hlptim1
 .bss.BspCOMInit
                0x200002ac       0x10 ./Core/Src/main.o
                0x200002ac                BspCOMInit
 .bss.hrng      0x200002bc       0x14 ./Core/Src/rng.o
                0x200002bc                hrng
 .bss.hspi3     0x200002d0       0x90 ./Core/Src/spi.o
                0x200002d0                hspi3
 .bss.__sbrk_heap_end
                0x20000360        0x4 ./Core/Src/sysmem.o
 .bss.htim1     0x20000364       0x4c ./Core/Src/tim.o
                0x20000364                htim1
 .bss.htim3     0x200003b0       0x4c ./Core/Src/tim.o
                0x200003b0                htim3
 .bss.htim6     0x200003fc       0x4c ./Core/Src/tim.o
                0x200003fc                htim6
 .bss.htim7     0x20000448       0x4c ./Core/Src/tim.o
                0x20000448                htim7
 .bss.htim8     0x20000494       0x4c ./Core/Src/tim.o
                0x20000494                htim8
 .bss.htim12    0x200004e0       0x4c ./Core/Src/tim.o
                0x200004e0                htim12
 .bss.ST7735Ctx
                0x2000052c       0x10 ./Drivers/BSP/ST7735/st7735.o
                0x2000052c                ST7735Ctx
 .bss.pdata.1   0x2000053c      0x280 ./Drivers/BSP/ST7735/st7735.o
 .bss.pdata.0   0x200007bc      0x280 ./Drivers/BSP/ST7735/st7735.o
 .bss.st7735_pObj
                0x20000a3c       0x38 ./Drivers/BSP/ST7735/st7735_lcd.o
                0x20000a3c                st7735_pObj
 .bss.st7735_id
                0x20000a74        0x4 ./Drivers/BSP/ST7735/st7735_lcd.o
                0x20000a74                st7735_id
 .bss.LCD7735_LightSet
                0x20000a78        0x4 ./Drivers/BSP/ST7735/st7735_lcd.o
 .bss.IsLCD7735_SoftPWM
                0x20000a7c        0x1 ./Drivers/BSP/ST7735/st7735_lcd.o
 *fill*         0x20000a7d        0x1 
 .bss.LCD7735_BACK_COLOR
                0x20000a7e        0x2 ./Drivers/BSP/ST7735/st7735_lcd.o
                0x20000a7e                LCD7735_BACK_COLOR
 .bss.hpb_exti  0x20000a80        0xc ./Drivers/BSP/STM32H5xx_Nucleo/stm32h5xx_nucleo.o
                0x20000a80                hpb_exti
 .bss.hcom_uart
                0x20000a8c       0x94 ./Drivers/BSP/STM32H5xx_Nucleo/stm32h5xx_nucleo.o
                0x20000a8c                hcom_uart
 .bss.uwTick    0x20000b20        0x4 ./Drivers/STM32H5xx_HAL_Driver/Src/stm32h5xx_hal.o
                0x20000b20                uwTick
 .bss.btn_l     0x20000b24       0x14 ./Main/Src/button.o
                0x20000b24                btn_l
 .bss.btn_r     0x20000b38       0x14 ./Main/Src/button.o
                0x20000b38                btn_r
 .bss.btn_k     0x20000b4c       0x14 ./Main/Src/button.o
                0x20000b4c                btn_k
 .bss.index.1   0x20000b60        0x1 ./Main/Src/motor.o
 .bss.index.0   0x20000b61        0x1 ./Main/Src/motor.o
 *fill*         0x20000b62        0x2 
 .bss.irData    0x20000b64       0x23 ./Main/Src/sensor.o
                0x20000b64                irData
 *fill*         0x20000b87        0x1 
 .bss.__sf      0x20000b88      0x138 D:/STM32CubeIDE_2.1.0/STM32CubeIDE/plugins/com.st.stm32cube.ide.mcu.externaltools.gnu-tools-for-stm32.14.3.rel1.win32_1.0.100.202602081740/tools/bin/../lib/gcc/arm-none-eabi/14.3.1/../../../../arm-none-eabi/lib/thumb/v8-m.main+fp/hard\libc_nano.a(libc_a-findfp.o)
                0x20000b88                __sf
 .bss.errno     0x20000cc0        0x4 D:/STM32CubeIDE_2.1.0/STM32CubeIDE/plugins/com.st.stm32cube.ide.mcu.externaltools.gnu-tools-for-stm32.14.3.rel1.win32_1.0.100.202602081740/tools/bin/../lib/gcc/arm-none-eabi/14.3.1/../../../../arm-none-eabi/lib/thumb/v8-m.main+fp/hard\libc_nano.a(libc_a-reent.o)
                0x20000cc0                errno
 .bss.__lock___malloc_recursive_mutex
                0x20000cc4        0x1 D:/STM32CubeIDE_2.1.0/STM32CubeIDE/plugins/com.st.stm32cube.ide.mcu.externaltools.gnu-tools-for-stm32.14.3.rel1.win32_1.0.100.202602081740/tools/bin/../lib/gcc/arm-none-eabi/14.3.1/../../../../arm-none-eabi/lib/thumb/v8-m.main+fp/hard\libc_nano.a(libc_a-lock.o)
                0x20000cc4                __lock___malloc_recursive_mutex
 *fill*         0x20000cc5        0x3 
 .bss.__malloc_sbrk_start
                0x20000cc8        0x4 D:/STM32CubeIDE_2.1.0/STM32CubeIDE/plugins/com.st.stm32cube.ide.mcu.externaltools.gnu-tools-for-stm32.14.3.rel1.win32_1.0.100.202602081740/tools/bin/../lib/gcc/arm-none-eabi/14.3.1/../../../../arm-none-eabi/lib/thumb/v8-m.main+fp/hard\libc_nano.a(libc_a-mallocr.o)
                0x20000cc8                __malloc_sbrk_start
 .bss.__malloc_free_list
                0x20000ccc        0x4 D:/STM32CubeIDE_2.1.0/STM32CubeIDE/plugins/com.st.stm32cube.ide.mcu.externaltools.gnu-tools-for-stm32.14.3.rel1.win32_1.0.100.202602081740/tools/bin/../lib/gcc/arm-none-eabi/14.3.1/../../../../arm-none-eabi/lib/thumb/v8-m.main+fp/hard\libc_nano.a(libc_a-mallocr.o)
                0x20000ccc                __malloc_free_list
 *(COMMON)
                0x20000cd0                        . = ALIGN (0x4)
                0x20000cd0                        _ebss = .
                0x20000cd0                        __bss_end__ = _ebss

._user_heap_stack
                0x20000cd0      0x600 load address 0x0800dbac
                0x20000cd0                        . = ALIGN (0x8)
                [!provide]                        PROVIDE (end = .)
                0x20000cd0                        PROVIDE (_end = .)
                0x20000ed0                        . = (. + _Min_Heap_Size)
 *fill*         0x20000cd0      0x200 
                0x200012d0                        . = (. + _Min_Stack_Size)
 *fill*         0x20000ed0      0x400 
                0x200012d0                        . = ALIGN (0x8)

/DISCARD/
 libc.a(*)
 libm.a(*)
 libgcc.a(*)

.ARM.attributes
                0x00000000       0x36
 *(.ARM.attributes)
 .ARM.attributes
                0x00000000       0x26 D:/STM32CubeIDE_2.1.0/STM32CubeIDE/plugins/com.st.stm32cube.ide.mcu.externaltools.gnu-tools-for-stm32.14.3.rel1.win32_1.0.100.202602081740/tools/bin/../lib/gcc/arm-none-eabi/14.3.1/thumb/v8-m.main+fp/hard/crti.o
 .ARM.attributes
                0x00000026       0x38 D:/STM32CubeIDE_2.1.0/STM32CubeIDE/plugins/com.st.stm32cube.ide.mcu.externaltools.gnu-tools-for-stm32.14.3.rel1.win32_1.0.100.202602081740/tools/bin/../lib/gcc/arm-none-eabi/14.3.1/thumb/v8-m.main+fp/hard/crtbegin.o
 .ARM.attributes
                0x0000005e       0x3a ./Core/Src/adc.o
 .ARM.attributes
                0x00000098       0x3a ./Core/Src/gpio.o
 .ARM.attributes
                0x000000d2       0x3a ./Core/Src/i2c.o
 .ARM.attributes
                0x0000010c       0x3a ./Core/Src/icache.o
 .ARM.attributes
                0x00000146       0x3a ./Core/Src/lptim.o
 .ARM.attributes
                0x00000180       0x3a ./Core/Src/main.o
 .ARM.attributes
                0x000001ba       0x3a ./Core/Src/rng.o
 .ARM.attributes
                0x000001f4       0x3a ./Core/Src/spi.o
 .ARM.attributes
                0x0000022e       0x3a ./Core/Src/stm32h5xx_hal_msp.o
 .ARM.attributes
                0x00000268       0x3a ./Core/Src/stm32h5xx_it.o
 .ARM.attributes
                0x000002a2       0x3a ./Core/Src/sysmem.o
 .ARM.attributes
                0x000002dc       0x3a ./Core/Src/system_stm32h5xx.o
 .ARM.attributes
                0x00000316       0x3a ./Core/Src/tim.o
 .ARM.attributes
                0x00000350       0x24 ./Core/Startup/startup_stm32h533retx.o
 .ARM.attributes
                0x00000374       0x3a ./Drivers/BSP/ST7735/font.o
 .ARM.attributes
                0x000003ae       0x3a ./Drivers/BSP/ST7735/st7735.o
 .ARM.attributes
                0x000003e8       0x3a ./Drivers/BSP/ST7735/st7735_lcd.o
 .ARM.attributes
                0x00000422       0x3a ./Drivers/BSP/ST7735/st7735_reg.o
 .ARM.attributes
                0x0000045c       0x3a ./Drivers/BSP/STM32H5xx_Nucleo/stm32h5xx_nucleo.o
 .ARM.attributes
                0x00000496       0x3a ./Drivers/STM32H5xx_HAL_Driver/Src/stm32h5xx_hal.o
 .ARM.attributes
                0x000004d0       0x3a ./Drivers/STM32H5xx_HAL_Driver/Src/stm32h5xx_hal_adc.o
 .ARM.attributes
                0x0000050a       0x3a ./Drivers/STM32H5xx_HAL_Driver/Src/stm32h5xx_hal_cortex.o
 .ARM.attributes
                0x00000544       0x3a ./Drivers/STM32H5xx_HAL_Driver/Src/stm32h5xx_hal_exti.o
 .ARM.attributes
                0x0000057e       0x3a ./Drivers/STM32H5xx_HAL_Driver/Src/stm32h5xx_hal_gpio.o
 .ARM.attributes
                0x000005b8       0x3a ./Drivers/STM32H5xx_HAL_Driver/Src/stm32h5xx_hal_i2c.o
 .ARM.attributes
                0x000005f2       0x3a ./Drivers/STM32H5xx_HAL_Driver/Src/stm32h5xx_hal_i2c_ex.o
 .ARM.attributes
                0x0000062c       0x3a ./Drivers/STM32H5xx_HAL_Driver/Src/stm32h5xx_hal_icache.o
 .ARM.attributes
                0x00000666       0x3a ./Drivers/STM32H5xx_HAL_Driver/Src/stm32h5xx_hal_lptim.o
 .ARM.attributes
                0x000006a0       0x3a ./Drivers/STM32H5xx_HAL_Driver/Src/stm32h5xx_hal_rcc.o
 .ARM.attributes
                0x000006da       0x3a ./Drivers/STM32H5xx_HAL_Driver/Src/stm32h5xx_hal_rcc_ex.o
 .ARM.attributes
                0x00000714       0x3a ./Drivers/STM32H5xx_HAL_Driver/Src/stm32h5xx_hal_rng.o
 .ARM.attributes
                0x0000074e       0x3a ./Drivers/STM32H5xx_HAL_Driver/Src/stm32h5xx_hal_spi.o
 .ARM.attributes
                0x00000788       0x3a ./Drivers/STM32H5xx_HAL_Driver/Src/stm32h5xx_hal_tim.o
 .ARM.attributes
                0x000007c2       0x3a ./Drivers/STM32H5xx_HAL_Driver/Src/stm32h5xx_hal_tim_ex.o
 .ARM.attributes
                0x000007fc       0x3a ./Drivers/STM32H5xx_HAL_Driver/Src/stm32h5xx_hal_uart.o
 .ARM.attributes
                0x00000836       0x3a ./Main/Src/button.o
 .ARM.attributes
                0x00000870       0x3a ./Main/Src/drive.o
 .ARM.attributes
                0x000008aa       0x3a ./Main/Src/menu.o
 .ARM.attributes
                0x000008e4       0x3a ./Main/Src/motor.o
 .ARM.attributes
                0x0000091e       0x3a ./Main/Src/sensor.o
 .ARM.attributes
                0x00000958       0x38 D:/STM32CubeIDE_2.1.0/STM32CubeIDE/plugins/com.st.stm32cube.ide.mcu.externaltools.gnu-tools-for-stm32.14.3.rel1.win32_1.0.100.202602081740/tools/bin/../lib/gcc/arm-none-eabi/14.3.1/../../../../arm-none-eabi/lib/thumb/v8-m.main+fp/hard\libc_nano.a(libc_a-findfp.o)
 .ARM.attributes
                0x00000990       0x38 D:/STM32CubeIDE_2.1.0/STM32CubeIDE/plugins/com.st.stm32cube.ide.mcu.externaltools.gnu-tools-for-stm32.14.3.rel1.win32_1.0.100.202602081740/tools/bin/../lib/gcc/arm-none-eabi/14.3.1/../../../../arm-none-eabi/lib/thumb/v8-m.main+fp/hard\libc_nano.a(libc_a-sprintf.o)
 .ARM.attributes
                0x000009c8       0x38 D:/STM32CubeIDE_2.1.0/STM32CubeIDE/plugins/com.st.stm32cube.ide.mcu.externaltools.gnu-tools-for-stm32.14.3.rel1.win32_1.0.100.202602081740/tools/bin/../lib/gcc/arm-none-eabi/14.3.1/../../../../arm-none-eabi/lib/thumb/v8-m.main+fp/hard\libc_nano.a(libc_a-vsprintf.o)
 .ARM.attributes
                0x00000a00       0x38 D:/STM32CubeIDE_2.1.0/STM32CubeIDE/plugins/com.st.stm32cube.ide.mcu.externaltools.gnu-tools-for-stm32.14.3.rel1.win32_1.0.100.202602081740/tools/bin/../lib/gcc/arm-none-eabi/14.3.1/../../../../arm-none-eabi/lib/thumb/v8-m.main+fp/hard\libc_nano.a(libc_a-memset.o)
 .ARM.attributes
                0x00000a38       0x38 D:/STM32CubeIDE_2.1.0/STM32CubeIDE/plugins/com.st.stm32cube.ide.mcu.externaltools.gnu-tools-for-stm32.14.3.rel1.win32_1.0.100.202602081740/tools/bin/../lib/gcc/arm-none-eabi/14.3.1/../../../../arm-none-eabi/lib/thumb/v8-m.main+fp/hard\libc_nano.a(libc_a-reent.o)
 .ARM.attributes
                0x00000a70       0x38 D:/STM32CubeIDE_2.1.0/STM32CubeIDE/plugins/com.st.stm32cube.ide.mcu.externaltools.gnu-tools-for-stm32.14.3.rel1.win32_1.0.100.202602081740/tools/bin/../lib/gcc/arm-none-eabi/14.3.1/../../../../arm-none-eabi/lib/thumb/v8-m.main+fp/hard\libc_nano.a(libc_a-impure.o)
 .ARM.attributes
                0x00000aa8       0x38 D:/STM32CubeIDE_2.1.0/STM32CubeIDE/plugins/com.st.stm32cube.ide.mcu.externaltools.gnu-tools-for-stm32.14.3.rel1.win32_1.0.100.202602081740/tools/bin/../lib/gcc/arm-none-eabi/14.3.1/../../../../arm-none-eabi/lib/thumb/v8-m.main+fp/hard\libc_nano.a(libc_a-errno.o)
 .ARM.attributes
                0x00000ae0       0x38 D:/STM32CubeIDE_2.1.0/STM32CubeIDE/plugins/com.st.stm32cube.ide.mcu.externaltools.gnu-tools-for-stm32.14.3.rel1.win32_1.0.100.202602081740/tools/bin/../lib/gcc/arm-none-eabi/14.3.1/../../../../arm-none-eabi/lib/thumb/v8-m.main+fp/hard\libc_nano.a(libc_a-init.o)
 .ARM.attributes
                0x00000b18       0x38 D:/STM32CubeIDE_2.1.0/STM32CubeIDE/plugins/com.st.stm32cube.ide.mcu.externaltools.gnu-tools-for-stm32.14.3.rel1.win32_1.0.100.202602081740/tools/bin/../lib/gcc/arm-none-eabi/14.3.1/../../../../arm-none-eabi/lib/thumb/v8-m.main+fp/hard\libc_nano.a(libc_a-lock.o)
 .ARM.attributes
                0x00000b50       0x38 D:/STM32CubeIDE_2.1.0/STM32CubeIDE/plugins/com.st.stm32cube.ide.mcu.externaltools.gnu-tools-for-stm32.14.3.rel1.win32_1.0.100.202602081740/tools/bin/../lib/gcc/arm-none-eabi/14.3.1/../../../../arm-none-eabi/lib/thumb/v8-m.main+fp/hard\libc_nano.a(libc_a-freer.o)
 .ARM.attributes
                0x00000b88       0x38 D:/STM32CubeIDE_2.1.0/STM32CubeIDE/plugins/com.st.stm32cube.ide.mcu.externaltools.gnu-tools-for-stm32.14.3.rel1.win32_1.0.100.202602081740/tools/bin/../lib/gcc/arm-none-eabi/14.3.1/../../../../arm-none-eabi/lib/thumb/v8-m.main+fp/hard\libc_nano.a(libc_a-mallocr.o)
 .ARM.attributes
                0x00000bc0       0x38 D:/STM32CubeIDE_2.1.0/STM32CubeIDE/plugins/com.st.stm32cube.ide.mcu.externaltools.gnu-tools-for-stm32.14.3.rel1.win32_1.0.100.202602081740/tools/bin/../lib/gcc/arm-none-eabi/14.3.1/../../../../arm-none-eabi/lib/thumb/v8-m.main+fp/hard\libc_nano.a(libc_a-mlock.o)
 .ARM.attributes
                0x00000bf8       0x38 D:/STM32CubeIDE_2.1.0/STM32CubeIDE/plugins/com.st.stm32cube.ide.mcu.externaltools.gnu-tools-for-stm32.14.3.rel1.win32_1.0.100.202602081740/tools/bin/../lib/gcc/arm-none-eabi/14.3.1/../../../../arm-none-eabi/lib/thumb/v8-m.main+fp/hard\libc_nano.a(libc_a-nano-svfprintf.o)
 .ARM.attributes
                0x00000c30       0x38 D:/STM32CubeIDE_2.1.0/STM32CubeIDE/plugins/com.st.stm32cube.ide.mcu.externaltools.gnu-tools-for-stm32.14.3.rel1.win32_1.0.100.202602081740/tools/bin/../lib/gcc/arm-none-eabi/14.3.1/../../../../arm-none-eabi/lib/thumb/v8-m.main+fp/hard\libc_nano.a(libc_a-nano-vfprintf_i.o)
 .ARM.attributes
                0x00000c68       0x38 D:/STM32CubeIDE_2.1.0/STM32CubeIDE/plugins/com.st.stm32cube.ide.mcu.externaltools.gnu-tools-for-stm32.14.3.rel1.win32_1.0.100.202602081740/tools/bin/../lib/gcc/arm-none-eabi/14.3.1/../../../../arm-none-eabi/lib/thumb/v8-m.main+fp/hard\libc_nano.a(libc_a-memmove.o)
 .ARM.attributes
                0x00000ca0       0x38 D:/STM32CubeIDE_2.1.0/STM32CubeIDE/plugins/com.st.stm32cube.ide.mcu.externaltools.gnu-tools-for-stm32.14.3.rel1.win32_1.0.100.202602081740/tools/bin/../lib/gcc/arm-none-eabi/14.3.1/../../../../arm-none-eabi/lib/thumb/v8-m.main+fp/hard\libc_nano.a(libc_a-sbrkr.o)
 .ARM.attributes
                0x00000cd8       0x38 D:/STM32CubeIDE_2.1.0/STM32CubeIDE/plugins/com.st.stm32cube.ide.mcu.externaltools.gnu-tools-for-stm32.14.3.rel1.win32_1.0.100.202602081740/tools/bin/../lib/gcc/arm-none-eabi/14.3.1/../../../../arm-none-eabi/lib/thumb/v8-m.main+fp/hard\libc_nano.a(libc_a-memchr-stub.o)
 .ARM.attributes
                0x00000d10       0x38 D:/STM32CubeIDE_2.1.0/STM32CubeIDE/plugins/com.st.stm32cube.ide.mcu.externaltools.gnu-tools-for-stm32.14.3.rel1.win32_1.0.100.202602081740/tools/bin/../lib/gcc/arm-none-eabi/14.3.1/../../../../arm-none-eabi/lib/thumb/v8-m.main+fp/hard\libc_nano.a(libc_a-memcpy-stub.o)
 .ARM.attributes
                0x00000d48       0x38 D:/STM32CubeIDE_2.1.0/STM32CubeIDE/plugins/com.st.stm32cube.ide.mcu.externaltools.gnu-tools-for-stm32.14.3.rel1.win32_1.0.100.202602081740/tools/bin/../lib/gcc/arm-none-eabi/14.3.1/../../../../arm-none-eabi/lib/thumb/v8-m.main+fp/hard\libc_nano.a(libc_a-reallocr.o)
 .ARM.attributes
                0x00000d80       0x38 D:/STM32CubeIDE_2.1.0/STM32CubeIDE/plugins/com.st.stm32cube.ide.mcu.externaltools.gnu-tools-for-stm32.14.3.rel1.win32_1.0.100.202602081740/tools/bin/../lib/gcc/arm-none-eabi/14.3.1/../../../../arm-none-eabi/lib/thumb/v8-m.main+fp/hard\libc_nano.a(libc_a-msizer.o)
 .ARM.attributes
                0x00000db8       0x26 D:/STM32CubeIDE_2.1.0/STM32CubeIDE/plugins/com.st.stm32cube.ide.mcu.externaltools.gnu-tools-for-stm32.14.3.rel1.win32_1.0.100.202602081740/tools/bin/../lib/gcc/arm-none-eabi/14.3.1/thumb/v8-m.main+fp/hard\libgcc.a(_aeabi_uldivmod.o)
 .ARM.attributes
                0x00000dde       0x38 D:/STM32CubeIDE_2.1.0/STM32CubeIDE/plugins/com.st.stm32cube.ide.mcu.externaltools.gnu-tools-for-stm32.14.3.rel1.win32_1.0.100.202602081740/tools/bin/../lib/gcc/arm-none-eabi/14.3.1/thumb/v8-m.main+fp/hard\libgcc.a(_udivmoddi4.o)
 .ARM.attributes
                0x00000e16       0x26 D:/STM32CubeIDE_2.1.0/STM32CubeIDE/plugins/com.st.stm32cube.ide.mcu.externaltools.gnu-tools-for-stm32.14.3.rel1.win32_1.0.100.202602081740/tools/bin/../lib/gcc/arm-none-eabi/14.3.1/thumb/v8-m.main+fp/hard\libgcc.a(_dvmd_tls.o)
 .ARM.attributes
                0x00000e3c       0x26 D:/STM32CubeIDE_2.1.0/STM32CubeIDE/plugins/com.st.stm32cube.ide.mcu.externaltools.gnu-tools-for-stm32.14.3.rel1.win32_1.0.100.202602081740/tools/bin/../lib/gcc/arm-none-eabi/14.3.1/thumb/v8-m.main+fp/hard/crtn.o
OUTPUT(2026_LINE_TRACER_STEP.elf elf32-littlearm)
LOAD linker stubs
LOAD D:/STM32CubeIDE_2.1.0/STM32CubeIDE/plugins/com.st.stm32cube.ide.mcu.externaltools.gnu-tools-for-stm32.14.3.rel1.win32_1.0.100.202602081740/tools/bin/../lib/gcc/arm-none-eabi/14.3.1/../../../../arm-none-eabi/lib/thumb/v8-m.main+fp/hard\libc.a
LOAD D:/STM32CubeIDE_2.1.0/STM32CubeIDE/plugins/com.st.stm32cube.ide.mcu.externaltools.gnu-tools-for-stm32.14.3.rel1.win32_1.0.100.202602081740/tools/bin/../lib/gcc/arm-none-eabi/14.3.1/../../../../arm-none-eabi/lib/thumb/v8-m.main+fp/hard\libm.a
LOAD D:/STM32CubeIDE_2.1.0/STM32CubeIDE/plugins/com.st.stm32cube.ide.mcu.externaltools.gnu-tools-for-stm32.14.3.rel1.win32_1.0.100.202602081740/tools/bin/../lib/gcc/arm-none-eabi/14.3.1/thumb/v8-m.main+fp/hard\libgcc.a

.debug_info     0x00000000    0x281e0
 .debug_info    0x00000000     0x1450 ./Core/Src/adc.o
 .debug_info    0x00001450      0x6c7 ./Core/Src/gpio.o
 .debug_info    0x00001b17     0x1205 ./Core/Src/i2c.o
 .debug_info    0x00002d1c      0x193 ./Core/Src/icache.o
 .debug_info    0x00002eaf     0x129f ./Core/Src/lptim.o
 .debug_info    0x0000414e      0xb74 ./Core/Src/main.o
 .debug_info    0x00004cc2      0xa53 ./Core/Src/rng.o
 .debug_info    0x00005715     0x12a3 ./Core/Src/spi.o
 .debug_info    0x000069b8      0x14c ./Core/Src/stm32h5xx_hal_msp.o
 .debug_info    0x00006b04      0xa76 ./Core/Src/stm32h5xx_it.o
 .debug_info    0x0000757a      0x168 ./Core/Src/sysmem.o
 .debug_info    0x000076e2      0xd7c ./Core/Src/system_stm32h5xx.o
 .debug_info    0x0000845e     0x147e ./Core/Src/tim.o
 .debug_info    0x000098dc       0x30 ./Core/Startup/startup_stm32h533retx.o
 .debug_info    0x0000990c      0x100 ./Drivers/BSP/ST7735/font.o
 .debug_info    0x00009a0c     0x1142 ./Drivers/BSP/ST7735/st7735.o
 .debug_info    0x0000ab4e     0x1a67 ./Drivers/BSP/ST7735/st7735_lcd.o
 .debug_info    0x0000c5b5      0x2be ./Drivers/BSP/ST7735/st7735_reg.o
 .debug_info    0x0000c873     0x1b77 ./Drivers/BSP/STM32H5xx_Nucleo/stm32h5xx_nucleo.o
 .debug_info    0x0000e3ea     0x13a2 ./Drivers/STM32H5xx_HAL_Driver/Src/stm32h5xx_hal.o
 .debug_info    0x0000f78c     0x2413 ./Drivers/STM32H5xx_HAL_Driver/Src/stm32h5xx_hal_adc.o
 .debug_info    0x00011b9f     0x1680 ./Drivers/STM32H5xx_HAL_Driver/Src/stm32h5xx_hal_cortex.o
 .debug_info    0x0001321f      0x888 ./Drivers/STM32H5xx_HAL_Driver/Src/stm32h5xx_hal_exti.o
 .debug_info    0x00013aa7      0x773 ./Drivers/STM32H5xx_HAL_Driver/Src/stm32h5xx_hal_gpio.o
 .debug_info    0x0001421a     0x23b9 ./Drivers/STM32H5xx_HAL_Driver/Src/stm32h5xx_hal_i2c.o
 .debug_info    0x000165d3      0x996 ./Drivers/STM32H5xx_HAL_Driver/Src/stm32h5xx_hal_i2c_ex.o
 .debug_info    0x00016f69      0x592 ./Drivers/STM32H5xx_HAL_Driver/Src/stm32h5xx_hal_icache.o
 .debug_info    0x000174fb     0x1978 ./Drivers/STM32H5xx_HAL_Driver/Src/stm32h5xx_hal_lptim.o
 .debug_info    0x00018e73     0x1099 ./Drivers/STM32H5xx_HAL_Driver/Src/stm32h5xx_hal_rcc.o
 .debug_info    0x00019f0c     0x12c0 ./Drivers/STM32H5xx_HAL_Driver/Src/stm32h5xx_hal_rcc_ex.o
 .debug_info    0x0001b1cc      0x58d ./Drivers/STM32H5xx_HAL_Driver/Src/stm32h5xx_hal_rng.o
 .debug_info    0x0001b759     0x1669 ./Drivers/STM32H5xx_HAL_Driver/Src/stm32h5xx_hal_spi.o
 .debug_info    0x0001cdc2     0x2f01 ./Drivers/STM32H5xx_HAL_Driver/Src/stm32h5xx_hal_tim.o
 .debug_info    0x0001fcc3     0x1f5c ./Drivers/STM32H5xx_HAL_Driver/Src/stm32h5xx_hal_tim_ex.o
 .debug_info    0x00021c1f     0x40f6 ./Drivers/STM32H5xx_HAL_Driver/Src/stm32h5xx_hal_uart.o
 .debug_info    0x00025d15      0x523 ./Main/Src/button.o
 .debug_info    0x00026238      0x14c ./Main/Src/drive.o
 .debug_info    0x00026384       0x9d ./Main/Src/menu.o
 .debug_info    0x00026421      0xc15 ./Main/Src/motor.o
 .debug_info    0x00027036     0x11aa ./Main/Src/sensor.o

.debug_abbrev   0x00000000     0x4ef2
 .debug_abbrev  0x00000000      0x22d ./Core/Src/adc.o
 .debug_abbrev  0x0000022d      0x178 ./Core/Src/gpio.o
 .debug_abbrev  0x000003a5      0x23b ./Core/Src/i2c.o
 .debug_abbrev  0x000005e0       0xc4 ./Core/Src/icache.o
 .debug_abbrev  0x000006a4      0x225 ./Core/Src/lptim.o
 .debug_abbrev  0x000008c9      0x233 ./Core/Src/main.o
 .debug_abbrev  0x00000afc      0x1d9 ./Core/Src/rng.o
 .debug_abbrev  0x00000cd5      0x218 ./Core/Src/spi.o
 .debug_abbrev  0x00000eed       0x80 ./Core/Src/stm32h5xx_hal_msp.o
 .debug_abbrev  0x00000f6d      0x1e0 ./Core/Src/stm32h5xx_it.o
 .debug_abbrev  0x0000114d       0xbc ./Core/Src/sysmem.o
 .debug_abbrev  0x00001209      0x13a ./Core/Src/system_stm32h5xx.o
 .debug_abbrev  0x00001343      0x284 ./Core/Src/tim.o
 .debug_abbrev  0x000015c7       0x24 ./Core/Startup/startup_stm32h533retx.o
 .debug_abbrev  0x000015eb       0x67 ./Drivers/BSP/ST7735/font.o
 .debug_abbrev  0x00001652      0x1fc ./Drivers/BSP/ST7735/st7735.o
 .debug_abbrev  0x0000184e      0x355 ./Drivers/BSP/ST7735/st7735_lcd.o
 .debug_abbrev  0x00001ba3       0xdd ./Drivers/BSP/ST7735/st7735_reg.o
 .debug_abbrev  0x00001c80      0x32f ./Drivers/BSP/STM32H5xx_Nucleo/stm32h5xx_nucleo.o
 .debug_abbrev  0x00001faf      0x2ad ./Drivers/STM32H5xx_HAL_Driver/Src/stm32h5xx_hal.o
 .debug_abbrev  0x0000225c      0x2cc ./Drivers/STM32H5xx_HAL_Driver/Src/stm32h5xx_hal_adc.o
 .debug_abbrev  0x00002528      0x327 ./Drivers/STM32H5xx_HAL_Driver/Src/stm32h5xx_hal_cortex.o
 .debug_abbrev  0x0000284f      0x197 ./Drivers/STM32H5xx_HAL_Driver/Src/stm32h5xx_hal_exti.o
 .debug_abbrev  0x000029e6      0x1d9 ./Drivers/STM32H5xx_HAL_Driver/Src/stm32h5xx_hal_gpio.o
 .debug_abbrev  0x00002bbf      0x295 ./Drivers/STM32H5xx_HAL_Driver/Src/stm32h5xx_hal_i2c.o
 .debug_abbrev  0x00002e54      0x1c0 ./Drivers/STM32H5xx_HAL_Driver/Src/stm32h5xx_hal_i2c_ex.o
 .debug_abbrev  0x00003014      0x227 ./Drivers/STM32H5xx_HAL_Driver/Src/stm32h5xx_hal_icache.o
 .debug_abbrev  0x0000323b      0x2a3 ./Drivers/STM32H5xx_HAL_Driver/Src/stm32h5xx_hal_lptim.o
 .debug_abbrev  0x000034de      0x2a3 ./Drivers/STM32H5xx_HAL_Driver/Src/stm32h5xx_hal_rcc.o
 .debug_abbrev  0x00003781      0x25b ./Drivers/STM32H5xx_HAL_Driver/Src/stm32h5xx_hal_rcc_ex.o
 .debug_abbrev  0x000039dc      0x1dd ./Drivers/STM32H5xx_HAL_Driver/Src/stm32h5xx_hal_rng.o
 .debug_abbrev  0x00003bb9      0x2b1 ./Drivers/STM32H5xx_HAL_Driver/Src/stm32h5xx_hal_spi.o
 .debug_abbrev  0x00003e6a      0x2d0 ./Drivers/STM32H5xx_HAL_Driver/Src/stm32h5xx_hal_tim.o
 .debug_abbrev  0x0000413a      0x2c8 ./Drivers/STM32H5xx_HAL_Driver/Src/stm32h5xx_hal_tim_ex.o
 .debug_abbrev  0x00004402      0x318 ./Drivers/STM32H5xx_HAL_Driver/Src/stm32h5xx_hal_uart.o
 .debug_abbrev  0x0000471a      0x21c ./Main/Src/button.o
 .debug_abbrev  0x00004936       0x7e ./Main/Src/drive.o
 .debug_abbrev  0x000049b4       0x96 ./Main/Src/menu.o
 .debug_abbrev  0x00004a4a      0x21f ./Main/Src/motor.o
 .debug_abbrev  0x00004c69      0x289 ./Main/Src/sensor.o

.debug_aranges  0x00000000     0x1f20
 .debug_aranges
                0x00000000       0x38 ./Core/Src/adc.o
 .debug_aranges
                0x00000038       0x20 ./Core/Src/gpio.o
 .debug_aranges
                0x00000058       0x30 ./Core/Src/i2c.o
 .debug_aranges
                0x00000088       0x20 ./Core/Src/icache.o
 .debug_aranges
                0x000000a8       0x38 ./Core/Src/lptim.o
 .debug_aranges
                0x000000e0       0x30 ./Core/Src/main.o
 .debug_aranges
                0x00000110       0x30 ./Core/Src/rng.o
 .debug_aranges
                0x00000140       0x30 ./Core/Src/spi.o
 .debug_aranges
                0x00000170       0x20 ./Core/Src/stm32h5xx_hal_msp.o
 .debug_aranges
                0x00000190       0x80 ./Core/Src/stm32h5xx_it.o
 .debug_aranges
                0x00000210       0x20 ./Core/Src/sysmem.o
 .debug_aranges
                0x00000230       0x28 ./Core/Src/system_stm32h5xx.o
 .debug_aranges
                0x00000258       0x60 ./Core/Src/tim.o
 .debug_aranges
                0x000002b8       0x28 ./Core/Startup/startup_stm32h533retx.o
 .debug_aranges
                0x000002e0       0x18 ./Drivers/BSP/ST7735/font.o
 .debug_aranges
                0x000002f8       0xe8 ./Drivers/BSP/ST7735/st7735.o
 .debug_aranges
                0x000003e0       0x90 ./Drivers/BSP/ST7735/st7735_lcd.o
 .debug_aranges
                0x00000470       0x38 ./Drivers/BSP/ST7735/st7735_reg.o
 .debug_aranges
                0x000004a8       0xc8 ./Drivers/BSP/STM32H5xx_Nucleo/stm32h5xx_nucleo.o
 .debug_aranges
                0x00000570      0x1f8 ./Drivers/STM32H5xx_HAL_Driver/Src/stm32h5xx_hal.o
 .debug_aranges
                0x00000768      0x258 ./Drivers/STM32H5xx_HAL_Driver/Src/stm32h5xx_hal_adc.o
 .debug_aranges
                0x000009c0      0x140 ./Drivers/STM32H5xx_HAL_Driver/Src/stm32h5xx_hal_cortex.o
 .debug_aranges
                0x00000b00       0x70 ./Drivers/STM32H5xx_HAL_Driver/Src/stm32h5xx_hal_exti.o
 .debug_aranges
                0x00000b70       0x78 ./Drivers/STM32H5xx_HAL_Driver/Src/stm32h5xx_hal_gpio.o
 .debug_aranges
                0x00000be8      0x2a0 ./Drivers/STM32H5xx_HAL_Driver/Src/stm32h5xx_hal_i2c.o
 .debug_aranges
                0x00000e88       0x40 ./Drivers/STM32H5xx_HAL_Driver/Src/stm32h5xx_hal_i2c_ex.o
 .debug_aranges
                0x00000ec8       0xa8 ./Drivers/STM32H5xx_HAL_Driver/Src/stm32h5xx_hal_icache.o
 .debug_aranges
                0x00000f70      0x250 ./Drivers/STM32H5xx_HAL_Driver/Src/stm32h5xx_hal_lptim.o
 .debug_aranges
                0x000011c0       0xa0 ./Drivers/STM32H5xx_HAL_Driver/Src/stm32h5xx_hal_rcc.o
 .debug_aranges
                0x00001260      0x108 ./Drivers/STM32H5xx_HAL_Driver/Src/stm32h5xx_hal_rcc_ex.o
 .debug_aranges
                0x00001368       0x80 ./Drivers/STM32H5xx_HAL_Driver/Src/stm32h5xx_hal_rng.o
 .debug_aranges
                0x000013e8      0x1a8 ./Drivers/STM32H5xx_HAL_Driver/Src/stm32h5xx_hal_spi.o
 .debug_aranges
                0x00001590      0x3e8 ./Drivers/STM32H5xx_HAL_Driver/Src/stm32h5xx_hal_tim.o
 .debug_aranges
                0x00001978      0x240 ./Drivers/STM32H5xx_HAL_Driver/Src/stm32h5xx_hal_tim_ex.o
 .debug_aranges
                0x00001bb8      0x248 ./Drivers/STM32H5xx_HAL_Driver/Src/stm32h5xx_hal_uart.o
 .debug_aranges
                0x00001e00       0x40 ./Main/Src/button.o
 .debug_aranges
                0x00001e40       0x20 ./Main/Src/drive.o
 .debug_aranges