Archive member included to satisfy reference by file (symbol)

D:/STM32CubeIDE_2.1.0/STM32CubeIDE/plugins/com.st.stm32cube.ide.mcu.externaltools.gnu-tools-for-stm32.14.3.rel1.win32_1.0.100.202602081740/tools/bin/../lib/gcc/arm-none-eabi/14.3.1/../../../../arm-none-eabi/lib/thumb/v8-m.main+fp/hard\libc_nano.a(libc_a-exit.o)
                              D:/STM32CubeIDE_2.1.0/STM32CubeIDE/plugins/com.st.stm32cube.ide.mcu.externaltools.gnu-tools-for-stm32.14.3.rel1.win32_1.0.100.202602081740/tools/bin/../lib/gcc/arm-none-eabi/14.3.1/../../../../arm-none-eabi/lib/thumb/v8-m.main+fp/hard/crt0.o (exit)
D:/STM32CubeIDE_2.1.0/STM32CubeIDE/plugins/com.st.stm32cube.ide.mcu.externaltools.gnu-tools-for-stm32.14.3.rel1.win32_1.0.100.202602081740/tools/bin/../lib/gcc/arm-none-eabi/14.3.1/../../../../arm-none-eabi/lib/thumb/v8-m.main+fp/hard\libc_nano.a(libc_a-findfp.o)
                              D:/STM32CubeIDE_2.1.0/STM32CubeIDE/plugins/com.st.stm32cube.ide.mcu.externaltools.gnu-tools-for-stm32.14.3.rel1.win32_1.0.100.202602081740/tools/bin/../lib/gcc/arm-none-eabi/14.3.1/../../../../arm-none-eabi/lib/thumb/v8-m.main+fp/hard\libc_nano.a(libc_a-exit.o) (__stdio_exit_handler)
D:/STM32CubeIDE_2.1.0/STM32CubeIDE/plugins/com.st.stm32cube.ide.mcu.externaltools.gnu-tools-for-stm32.14.3.rel1.win32_1.0.100.202602081740/tools/bin/../lib/gcc/arm-none-eabi/14.3.1/../../../../arm-none-eabi/lib/thumb/v8-m.main+fp/hard\libc_nano.a(libc_a-fwalk.o)
                              D:/STM32CubeIDE_2.1.0/STM32CubeIDE/plugins/com.st.stm32cube.ide.mcu.externaltools.gnu-tools-for-stm32.14.3.rel1.win32_1.0.100.202602081740/tools/bin/../lib/gcc/arm-none-eabi/14.3.1/../../../../arm-none-eabi/lib/thumb/v8-m.main+fp/hard\libc_nano.a(libc_a-findfp.o) (_fwalk_sglue)
D:/STM32CubeIDE_2.1.0/STM32CubeIDE/plugins/com.st.stm32cube.ide.mcu.externaltools.gnu-tools-for-stm32.14.3.rel1.win32_1.0.100.202602081740/tools/bin/../lib/gcc/arm-none-eabi/14.3.1/../../../../arm-none-eabi/lib/thumb/v8-m.main+fp/hard\libc_nano.a(libc_a-stdio.o)
                              D:/STM32CubeIDE_2.1.0/STM32CubeIDE/plugins/com.st.stm32cube.ide.mcu.externaltools.gnu-tools-for-stm32.14.3.rel1.win32_1.0.100.202602081740/tools/bin/../lib/gcc/arm-none-eabi/14.3.1/../../../../arm-none-eabi/lib/thumb/v8-m.main+fp/hard\libc_nano.a(libc_a-findfp.o) (__sread)
D:/STM32CubeIDE_2.1.0/STM32CubeIDE/plugins/com.st.stm32cube.ide.mcu.externaltools.gnu-tools-for-stm32.14.3.rel1.win32_1.0.100.202602081740/tools/bin/../lib/gcc/arm-none-eabi/14.3.1/../../../../arm-none-eabi/lib/thumb/v8-m.main+fp/hard\libc_nano.a(libc_a-vsprintf.o)
                              ./Drivers/BSP/ST7735/st7735_lcd.o (vsprintf)
D:/STM32CubeIDE_2.1.0/STM32CubeIDE/plugins/com.st.stm32cube.ide.mcu.externaltools.gnu-tools-for-stm32.14.3.rel1.win32_1.0.100.202602081740/tools/bin/../lib/gcc/arm-none-eabi/14.3.1/../../../../arm-none-eabi/lib/thumb/v8-m.main+fp/hard\libc_nano.a(libc_a-memset.o)
                              D:/STM32CubeIDE_2.1.0/STM32CubeIDE/plugins/com.st.stm32cube.ide.mcu.externaltools.gnu-tools-for-stm32.14.3.rel1.win32_1.0.100.202602081740/tools/bin/../lib/gcc/arm-none-eabi/14.3.1/../../../../arm-none-eabi/lib/thumb/v8-m.main+fp/hard/crt0.o (memset)
D:/STM32CubeIDE_2.1.0/STM32CubeIDE/plugins/com.st.stm32cube.ide.mcu.externaltools.gnu-tools-for-stm32.14.3.rel1.win32_1.0.100.202602081740/tools/bin/../lib/gcc/arm-none-eabi/14.3.1/../../../../arm-none-eabi/lib/thumb/v8-m.main+fp/hard\libc_nano.a(libc_a-closer.o)
                              D:/STM32CubeIDE_2.1.0/STM32CubeIDE/plugins/com.st.stm32cube.ide.mcu.externaltools.gnu-tools-for-stm32.14.3.rel1.win32_1.0.100.202602081740/tools/bin/../lib/gcc/arm-none-eabi/14.3.1/../../../../arm-none-eabi/lib/thumb/v8-m.main+fp/hard\libc_nano.a(libc_a-stdio.o) (_close_r)
D:/STM32CubeIDE_2.1.0/STM32CubeIDE/plugins/com.st.stm32cube.ide.mcu.externaltools.gnu-tools-for-stm32.14.3.rel1.win32_1.0.100.202602081740/tools/bin/../lib/gcc/arm-none-eabi/14.3.1/../../../../arm-none-eabi/lib/thumb/v8-m.main+fp/hard\libc_nano.a(libc_a-reent.o)
                              D:/STM32CubeIDE_2.1.0/STM32CubeIDE/plugins/com.st.stm32cube.ide.mcu.externaltools.gnu-tools-for-stm32.14.3.rel1.win32_1.0.100.202602081740/tools/bin/../lib/gcc/arm-none-eabi/14.3.1/../../../../arm-none-eabi/lib/thumb/v8-m.main+fp/hard\libc_nano.a(libc_a-closer.o) (errno)
D:/STM32CubeIDE_2.1.0/STM32CubeIDE/plugins/com.st.stm32cube.ide.mcu.externaltools.gnu-tools-for-stm32.14.3.rel1.win32_1.0.100.202602081740/tools/bin/../lib/gcc/arm-none-eabi/14.3.1/../../../../arm-none-eabi/lib/thumb/v8-m.main+fp/hard\libc_nano.a(libc_a-impure.o)
                              D:/STM32CubeIDE_2.1.0/STM32CubeIDE/plugins/com.st.stm32cube.ide.mcu.externaltools.gnu-tools-for-stm32.14.3.rel1.win32_1.0.100.202602081740/tools/bin/../lib/gcc/arm-none-eabi/14.3.1/../../../../arm-none-eabi/lib/thumb/v8-m.main+fp/hard\libc_nano.a(libc_a-vsprintf.o) (_impure_ptr)
[...]
Memory Configuration

Name             Origin             Length             Attributes
RAM              0x20000000         0x00044000         xrw
FLASH            0x08000000         0x00080000         xr
*default*        0x00000000         0xffffffff

Linker script and memory map

LOAD D:/STM32CubeIDE_2.1.0/STM32CubeIDE/plugins/com.st.stm32cube.ide.mcu.externaltools.gnu-tools-for-stm32.14.3.rel1.win32_1.0.100.202602081740/tools/bin/../lib/gcc/arm-none-eabi/14.3.1/thumb/v8-m.main+fp/hard/crti.o
LOAD D:/STM32CubeIDE_2.1.0/STM32CubeIDE/plugins/com.st.stm32cube.ide.mcu.externaltools.gnu-tools-for-stm32.14.3.rel1.win32_1.0.100.202602081740/tools/bin/../lib/gcc/arm-none-eabi/14.3.1/thumb/v8-m.main+fp/hard/crtbegin.o
LOAD D:/STM32CubeIDE_2.1.0/STM32CubeIDE/plugins/com.st.stm32cube.ide.mcu.externaltools.gnu-tools-for-stm32.14.3.rel1.win32_1.0.100.202602081740/tools/bin/../lib/gcc/arm-none-eabi/14.3.1/../../../../arm-none-eabi/lib/thumb/v8-m.main+fp/hard/crt0.o
LOAD ./Core/Src/adc.o
LOAD ./Core/Src/gpio.o
LOAD ./Core/Src/i2c.o
LOAD ./Core/Src/icache.o
LOAD ./Core/Src/lptim.o
LOAD ./Core/Src/main.o
LOAD ./Core/Src/rng.o
LOAD ./Core/Src/spi.o
LOAD ./Core/Src/stm32h5xx_hal_msp.o
LOAD ./Core/Src/stm32h5xx_it.o
LOAD ./Core/Src/syscalls.o
LOAD ./Core/Src/sysmem.o
LOAD ./Core/Src/system_stm32h5xx.o
LOAD ./Core/Src/tim.o
LOAD ./Core/Startup/startup_stm32h533retx.o
LOAD ./Drivers/BSP/ST7735/font.o
LOAD ./Drivers/BSP/ST7735/logo.o
LOAD ./Drivers/BSP/ST7735/st7735.o
LOAD ./Drivers/BSP/ST7735/st7735_lcd.o
LOAD ./Drivers/BSP/ST7735/st7735_reg.o
LOAD ./Drivers/BSP/ST7789/fonts.o
LOAD ./Drivers/BSP/ST7789/st7789.o
LOAD ./Drivers/BSP/ST7789/st7789_lcd.o
LOAD ./Drivers/BSP/STM32H5xx_Nucleo/stm32h5xx_nucleo.o
LOAD ./Drivers/STM32H5xx_HAL_Driver/Src/stm32h5xx_hal.o
LOAD ./Drivers/STM32H5xx_HAL_Driver/Src/stm32h5xx_hal_adc.o
LOAD ./Drivers/STM32H5xx_HAL_Driver/Src/stm32h5xx_hal_adc_ex.o
LOAD ./Drivers/STM32H5xx_HAL_Driver/Src/stm32h5xx_hal_cortex.o
LOAD ./Drivers/STM32H5xx_HAL_Driver/Src/stm32h5xx_hal_dma.o
LOAD ./Drivers/STM32H5xx_HAL_Driver/Src/stm32h5xx_hal_dma_ex.o
LOAD ./Drivers/STM32H5xx_HAL_Driver/Src/stm32h5xx_hal_exti.o
LOAD ./Drivers/STM32H5xx_HAL_Driver/Src/stm32h5xx_hal_flash.o
LOAD ./Drivers/STM32H5xx_HAL_Driver/Src/stm32h5xx_hal_flash_ex.o
LOAD ./Drivers/STM32H5xx_HAL_Driver/Src/stm32h5xx_hal_gpio.o
LOAD ./Drivers/STM32H5xx_HAL_Driver/Src/stm32h5xx_hal_i2c.o
LOAD ./Drivers/STM32H5xx_HAL_Driver/Src/stm32h5xx_hal_i2c_ex.o
LOAD ./Drivers/STM32H5xx_HAL_Driver/Src/stm32h5xx_hal_icache.o
LOAD ./Drivers/STM32H5xx_HAL_Driver/Src/stm32h5xx_hal_lptim.o
LOAD ./Drivers/STM32H5xx_HAL_Driver/Src/stm32h5xx_hal_pwr.o
LOAD ./Drivers/STM32H5xx_HAL_Driver/Src/stm32h5xx_hal_pwr_ex.o
LOAD ./Drivers/STM32H5xx_HAL_Driver/Src/stm32h5xx_hal_rcc.o
LOAD ./Drivers/STM32H5xx_HAL_Driver/Src/stm32h5xx_hal_rcc_ex.o
LOAD ./Drivers/STM32H5xx_HAL_Driver/Src/stm32h5xx_hal_rng.o
LOAD ./Drivers/STM32H5xx_HAL_Driver/Src/stm32h5xx_hal_rng_ex.o
LOAD ./Drivers/STM32H5xx_HAL_Driver/Src/stm32h5xx_hal_spi.o
LOAD ./Drivers/STM32H5xx_HAL_Driver/Src/stm32h5xx_hal_spi_ex.o
LOAD ./Drivers/STM32H5xx_HAL_Driver/Src/stm32h5xx_hal_tim.o
LOAD ./Drivers/STM32H5xx_HAL_Driver/Src/stm32h5xx_hal_tim_ex.o
LOAD ./Drivers/STM32H5xx_HAL_Driver/Src/stm32h5xx_hal_uart.o
LOAD ./Drivers/STM32H5xx_HAL_Driver/Src/stm32h5xx_hal_uart_ex.o
LOAD ./Drivers/STM32H5xx_HAL_Driver/Src/stm32h5xx_hal_usart.o
LOAD ./Drivers/STM32H5xx_HAL_Driver/Src/stm32h5xx_hal_usart_ex.o
LOAD ./Drivers/STM32H5xx_HAL_Driver/Src/stm32h5xx_ll_rng.o
LOAD ./Main/Src/button.o
LOAD ./Main/Src/custom_lcd.o
LOAD ./Main/Src/drive.o
LOAD ./Main/Src/menu.o
LOAD ./Main/Src/motor.o
LOAD ./Main/Src/sensor.o
START GROUP
LOAD D:/STM32CubeIDE_2.1.0/STM32CubeIDE/plugins/com.st.stm32cube.ide.mcu.externaltools.gnu-tools-for-stm32.14.3.rel1.win32_1.0.100.202602081740/tools/bin/../lib/gcc/arm-none-eabi/14.3.1/../../../../arm-none-eabi/lib/thumb/v8-m.main+fp/hard\libc_nano.a
LOAD D:/STM32CubeIDE_2.1.0/STM32CubeIDE/plugins/com.st.stm32cube.ide.mcu.externaltools.gnu-tools-for-stm32.14.3.rel1.win32_1.0.100.202602081740/tools/bin/../lib/gcc/arm-none-eabi/14.3.1/../../../../arm-none-eabi/lib/thumb/v8-m.main+fp/hard\libm.a
END GROUP
START GROUP
LOAD D:/STM32CubeIDE_2.1.0/STM32CubeIDE/plugins/com.st.stm32cube.ide.mcu.externaltools.gnu-tools-for-stm32.14.3.rel1.win32_1.0.100.202602081740/tools/bin/../lib/gcc/arm-none-eabi/14.3.1/thumb/v8-m.main+fp/hard\libgcc.a
LOAD D:/STM32CubeIDE_2.1.0/STM32CubeIDE/plugins/com.st.stm32cube.ide.mcu.externaltools.gnu-tools-for-stm32.14.3.rel1.win32_1.0.100.202602081740/tools/bin/../lib/gcc/arm-none-eabi/14.3.1/../../../../arm-none-eabi/lib/thumb/v8-m.main+fp/hard\libc_nano.a
END GROUP
START GROUP
LOAD D:/STM32CubeIDE_2.1.0/STM32CubeIDE/plugins/com.st.stm32cube.ide.mcu.externaltools.gnu-tools-for-stm32.14.3.rel1.win32_1.0.100.202602081740/tools/bin/../lib/gcc/arm-none-eabi/14.3.1/thumb/v8-m.main+fp/hard\libgcc.a
LOAD D:/STM32CubeIDE_2.1.0/STM32CubeIDE/plugins/com.st.stm32cube.ide.mcu.externaltools.gnu-tools-for-stm32.14.3.rel1.win32_1.0.100.202602081740/tools/bin/../lib/gcc/arm-none-eabi/14.3.1/../../../../arm-none-eabi/lib/thumb/v8-m.main+fp/hard\libc_nano.a
LOAD D:/STM32CubeIDE_2.1.0/STM32CubeIDE/plugins/com.st.stm32cube.ide.mcu.externaltools.gnu-tools-for-stm32.14.3.rel1.win32_1.0.100.202602081740/tools/bin/../lib/gcc/arm-none-eabi/14.3.1/../../../../arm-none-eabi/lib/thumb/v8-m.main+fp/hard\libnosys.a
END GROUP
START GROUP
LOAD D:/STM32CubeIDE_2.1.0/STM32CubeIDE/plugins/com.st.stm32cube.ide.mcu.externaltools.gnu-tools-for-stm32.14.3.rel1.win32_1.0.100.202602081740/tools/bin/../lib/gcc/arm-none-eabi/14.3.1/thumb/v8-m.main+fp/hard\libgcc.a
LOAD D:/STM32CubeIDE_2.1.0/STM32CubeIDE/plugins/com.st.stm32cube.ide.mcu.externaltools.gnu-tools-for-stm32.14.3.rel1.win32_1.0.100.202602081740/tools/bin/../lib/gcc/arm-none-eabi/14.3.1/../../../../arm-none-eabi/lib/thumb/v8-m.main+fp/hard\libc_nano.a
LOAD D:/STM32CubeIDE_2.1.0/STM32CubeIDE/plugins/com.st.stm32cube.ide.mcu.externaltools.gnu-tools-for-stm32.14.3.rel1.win32_1.0.100.202602081740/tools/bin/../lib/gcc/arm-none-eabi/14.3.1/../../../../arm-none-eabi/lib/thumb/v8-m.main+fp/hard\libnosys.a
END GROUP
LOAD D:/STM32CubeIDE_2.1.0/STM32CubeIDE/plugins/com.st.stm32cube.ide.mcu.externaltools.gnu-tools-for-stm32.14.3.rel1.win32_1.0.100.202602081740/tools/bin/../lib/gcc/arm-none-eabi/14.3.1/thumb/v8-m.main+fp/hard/crtend.o
LOAD D:/STM32CubeIDE_2.1.0/STM32CubeIDE/plugins/com.st.stm32cube.ide.mcu.externaltools.gnu-tools-for-stm32.14.3.rel1.win32_1.0.100.202602081740/tools/bin/../lib/gcc/arm-none-eabi/14.3.1/thumb/v8-m.main+fp/hard/crtn.o
                0x20044000                        _estack = (ORIGIN (RAM) + LENGTH (RAM))
                0x00000200                        _Min_Heap_Size = 0x200
                0x00000400                        _Min_Stack_Size = 0x400

.isr_vector     0x08000000      0x254
                0x08000000                        . = ALIGN (0x4)
 *(.isr_vector)
 .isr_vector    0x08000000      0x254 ./Core/Startup/startup_stm32h533retx.o
                0x08000000                g_pfnVectors
                0x08000254                        . = ALIGN (0x4)

.text           0x08000254     0xd078
                0x08000254                        . = ALIGN (0x4)
 *(.text)
 .text          0x08000254       0x40 D:/STM32CubeIDE_2.1.0/STM32CubeIDE/plugins/com.st.stm32cube.ide.mcu.externaltools.gnu-tools-for-stm32.14.3.rel1.win32_1.0.100.202602081740/tools/bin/../lib/gcc/arm-none-eabi/14.3.1/thumb/v8-m.main+fp/hard/crtbegin.o
 .text          0x08000294       0x30 D:/STM32CubeIDE_2.1.0/STM32CubeIDE/plugins/com.st.stm32cube.ide.mcu.externaltools.gnu-tools-for-stm32.14.3.rel1.win32_1.0.100.202602081740/tools/bin/../lib/gcc/arm-none-eabi/14.3.1/thumb/v8-m.main+fp/hard\libgcc.a(_aeabi_uldivmod.o)
                0x08000294                __aeabi_uldivmod
 .text          0x080002c4      0x34c D:/STM32CubeIDE_2.1.0/STM32CubeIDE/plugins/com.st.stm32cube.ide.mcu.externaltools.gnu-tools-for-stm32.14.3.rel1.win32_1.0.100.202602081740/tools/bin/../lib/gcc/arm-none-eabi/14.3.1/thumb/v8-m.main+fp/hard\libgcc.a(_udivmoddi4.o)
                0x080002c4                __udivmoddi4
 .text          0x08000610        0x4 D:/STM32CubeIDE_2.1.0/STM32CubeIDE/plugins/com.st.stm32cube.ide.mcu.externaltools.gnu-tools-for-stm32.14.3.rel1.win32_1.0.100.202602081740/tools/bin/../lib/gcc/arm-none-eabi/14.3.1/thumb/v8-m.main+fp/hard\libgcc.a(_dvmd_tls.o)
                0x08000610                __aeabi_idiv0
                0x08000610                __aeabi_ldiv0
 *(.text*)
 .text.MX_ADC1_Init
                0x08000614      0x1d0 ./Core/Src/adc.o
                0x08000614                MX_ADC1_Init
 .text.HAL_ADC_MspInit
                0x080007e4      0x118 ./Core/Src/adc.o
                0x080007e4                HAL_ADC_MspInit
 .text.HAL_ADC_ConvCpltCallback
                0x080008fc       0x38 ./Core/Src/adc.o
                0x080008fc                HAL_ADC_ConvCpltCallback
 .text.MX_GPIO_Init
                0x08000934      0x188 ./Core/Src/gpio.o
                0x08000934                MX_GPIO_Init
 .text.MX_I2C2_Init
                0x08000abc       0x80 ./Core/Src/i2c.o
                0x08000abc                MX_I2C2_Init
 .text.HAL_I2C_MspInit
                0x08000b3c       0xd4 ./Core/Src/i2c.o
                0x08000b3c                HAL_I2C_MspInit
 .text.MX_ICACHE_Init
                0x08000c10       0x16 ./Core/Src/icache.o
                0x08000c10                MX_ICACHE_Init
 *fill*         0x08000c26        0x2 
 .text.MX_LPTIM1_Init
                0x08000c28       0x94 ./Core/Src/lptim.o
                0x08000c28                MX_LPTIM1_Init
 .text.HAL_LPTIM_MspInit
                0x08000cbc       0x70 ./Core/Src/lptim.o
                0x08000cbc                HAL_LPTIM_MspInit
 .text.HAL_LPTIM_MspPostInit
                0x08000d2c       0x70 ./Core/Src/lptim.o
                0x08000d2c                HAL_LPTIM_MspPostInit
 .text.main     0x08000d9c       0x90 ./Core/Src/main.o
                0x08000d9c                main
 .text.SystemClock_Config
                0x08000e2c       0xe8 ./Core/Src/main.o
                0x08000e2c                SystemClock_Config
 .text.Error_Handler
                0x08000f14        0xc ./Core/Src/main.o
                0x08000f14                Error_Handler
 .text.MX_RNG_Init
                0x08000f20       0x2c ./Core/Src/rng.o
                0x08000f20                MX_RNG_Init
 .text.HAL_RNG_MspInit
                0x08000f4c       0x74 ./Core/Src/rng.o
                0x08000f4c                HAL_RNG_MspInit
 .text.MX_SPI3_Init
                0x08000fc0       0xb0 ./Core/Src/spi.o
                0x08000fc0                MX_SPI3_Init
 .text.HAL_SPI_MspInit
                0x08001070       0xd4 ./Core/Src/spi.o
                0x08001070                HAL_SPI_MspInit
 .text.HAL_MspInit
                0x08001144        0xe ./Core/Src/stm32h5xx_hal_msp.o
                0x08001144                HAL_MspInit
 .text.NMI_Handler
                0x08001152        0x8 ./Core/Src/stm32h5xx_it.o
                0x08001152                NMI_Handler
 .text.HardFault_Handler
                0x0800115a        0x8 ./Core/Src/stm32h5xx_it.o
                0x0800115a                HardFault_Handler
 .text.MemManage_Handler
                0x08001162        0x8 ./Core/Src/stm32h5xx_it.o
                0x08001162                MemManage_Handler
 .text.BusFault_Handler
                0x0800116a        0x8 ./Core/Src/stm32h5xx_it.o
                0x0800116a                BusFault_Handler
 .text.UsageFault_Handler
                0x08001172        0x8 ./Core/Src/stm32h5xx_it.o
                0x08001172                UsageFault_Handler
 .text.SVC_Handler
                0x0800117a        0xe ./Core/Src/stm32h5xx_it.o
                0x0800117a                SVC_Handler
 .text.DebugMon_Handler
                0x08001188        0xe ./Core/Src/stm32h5xx_it.o
                0x08001188                DebugMon_Handler
 .text.PendSV_Handler
                0x08001196        0xe ./Core/Src/stm32h5xx_it.o
                0x08001196                PendSV_Handler
 .text.SysTick_Handler
                0x080011a4        0xc ./Core/Src/stm32h5xx_it.o
                0x080011a4                SysTick_Handler
 .text.ADC1_IRQHandler
                0x080011b0       0x14 ./Core/Src/stm32h5xx_it.o
                0x080011b0                ADC1_IRQHandler
 .text.TIM1_UP_IRQHandler
                0x080011c4       0x14 ./Core/Src/stm32h5xx_it.o
                0x080011c4                TIM1_UP_IRQHandler
 .text.TIM3_IRQHandler
                0x080011d8       0x14 ./Core/Src/stm32h5xx_it.o
                0x080011d8                TIM3_IRQHandler
 .text.TIM6_IRQHandler
                0x080011ec       0x14 ./Core/Src/stm32h5xx_it.o
                0x080011ec                TIM6_IRQHandler
 .text.TIM8_UP_IRQHandler
                0x08001200       0x14 ./Core/Src/stm32h5xx_it.o
                0x08001200                TIM8_UP_IRQHandler
 .text.SystemInit
                0x08001214       0xf8 ./Core/Src/system_stm32h5xx.o
                0x08001214                SystemInit
 .text.MX_TIM1_Init
                0x0800130c       0xa8 ./Core/Src/tim.o
                0x0800130c                MX_TIM1_Init
 .text.MX_TIM3_Init
                0x080013b4       0xac ./Core/Src/tim.o
                0x080013b4                MX_TIM3_Init
 .text.MX_TIM6_Init
                0x08001460       0x6c ./Core/Src/tim.o
                0x08001460                MX_TIM6_Init
 .text.MX_TIM7_Init
                0x080014cc       0x6c ./Core/Src/tim.o
                0x080014cc                MX_TIM7_Init
 .text.MX_TIM8_Init
                0x08001538       0xa8 ./Core/Src/tim.o
                0x08001538                MX_TIM8_Init
 .text.MX_TIM12_Init
                0x080015e0       0x74 ./Core/Src/tim.o
                0x080015e0                MX_TIM12_Init
 .text.HAL_TIM_Base_MspInit
                0x08001654      0x168 ./Core/Src/tim.o
                0x08001654                HAL_TIM_Base_MspInit
 .text.HAL_TIM_PeriodElapsedCallback
                0x080017bc       0xd4 ./Core/Src/tim.o
                0x080017bc                HAL_TIM_PeriodElapsedCallback
 .text.Reset_Handler
                0x08001890       0x50 ./Core/Startup/startup_stm32h533retx.o
                0x08001890                Reset_Handler
 .text.Default_Handler
                0x080018e0        0x2 ./Core/Startup/startup_stm32h533retx.o
                0x080018e0                EXTI2_IRQHandler
                0x080018e0                TIM8_TRG_COM_IRQHandler
                0x080018e0                TIM8_CC_IRQHandler
                0x080018e0                EXTI5_IRQHandler
                0x080018e0                I3C1_ER_IRQHandler
                0x080018e0                SPI4_IRQHandler
                0x080018e0                GPDMA2_Channel1_IRQHandler
                0x080018e0                FLASH_S_IRQHandler
                0x080018e0                EXTI13_IRQHandler
                0x080018e0                TIM1_CC_IRQHandler
                0x080018e0                GPDMA2_Channel3_IRQHandler
                0x080018e0                TAMP_IRQHandler
                0x080018e0                EXTI12_IRQHandler
                0x080018e0                USB_DRD_FS_IRQHandler
                0x080018e0                EXTI3_IRQHandler
                0x080018e0                GPDMA1_Channel5_IRQHandler
                0x080018e0                EXTI8_IRQHandler
                0x080018e0                GPDMA2_Channel5_IRQHandler
                0x080018e0                LPTIM2_IRQHandler
                0x080018e0                I2C3_ER_IRQHandler
                0x080018e0                GPDMA2_Channel2_IRQHandler
                0x080018e0                EXTI0_IRQHandler
                0x080018e0                I2C2_EV_IRQHandler
                0x080018e0                FPU_IRQHandler
                0x080018e0                GPDMA1_Channel3_IRQHandler
                0x080018e0                GPDMA1_Channel7_IRQHandler
                0x080018e0                FDCAN1_IT1_IRQHandler
                0x080018e0                RAMCFG_IRQHandler
                0x080018e0                DCACHE1_IRQHandler
                0x080018e0                SPI1_IRQHandler
                0x080018e0                OCTOSPI1_IRQHandler
                0x080018e0                GPDMA1_Channel2_IRQHandler
                0x080018e0                RCC_S_IRQHandler
                0x080018e0                PKA_IRQHandler
                0x080018e0                USART6_IRQHandler
                0x080018e0                I3C2_ER_IRQHandler
                0x080018e0                EXTI15_IRQHandler
                0x080018e0                USART3_IRQHandler
                0x080018e0                RTC_IRQHandler
                0x080018e0                EXTI9_IRQHandler
                0x080018e0                UART5_IRQHandler
                0x080018e0                TIM4_IRQHandler
                0x080018e0                I3C2_EV_IRQHandler
                0x080018e0                I2C1_EV_IRQHandler
                0x080018e0                GPDMA1_Channel1_IRQHandler
                0x080018e0                UART4_IRQHandler
                0x080018e0                SecureFault_Handler
                0x080018e0                RCC_IRQHandler
                0x080018e0                TIM1_TRG_COM_IRQHandler
                0x080018e0                Default_Handler
                0x080018e0                CEC_IRQHandler
                0x080018e0                OTFDEC1_IRQHandler
                0x080018e0                GPDMA2_Channel4_IRQHandler
                0x080018e0                TIM12_IRQHandler
                0x080018e0                TIM7_IRQHandler
                0x080018e0                SDMMC1_IRQHandler
                0x080018e0                SAES_IRQHandler
                0x080018e0                TIM5_IRQHandler
                0x080018e0                UCPD1_IRQHandler
                0x080018e0                GPDMA1_Channel0_IRQHandler
                0x080018e0                I3C1_EV_IRQHandler
                0x080018e0                TIM15_IRQHandler
                0x080018e0                PVD_AVD_IRQHandler
                0x080018e0                I2C3_EV_IRQHandler
                0x080018e0                ADC2_IRQHandler
                0x080018e0                SPI2_IRQHandler
                0x080018e0                EXTI14_IRQHandler
                0x080018e0                EXTI11_IRQHandler
                0x080018e0                CRS_IRQHandler
                0x080018e0                EXTI4_IRQHandler
                0x080018e0                GPDMA2_Channel0_IRQHandler
                0x080018e0                RTC_S_IRQHandler
                0x080018e0                RNG_IRQHandler
                0x080018e0                FDCAN2_IT1_IRQHandler
                0x080018e0                GPDMA2_Channel6_IRQHandler
                0x080018e0                WWDG_IRQHandler
                0x080018e0                FDCAN2_IT0_IRQHandler
                0x080018e0                IWDG_IRQHandler
                0x080018e0                LPUART1_IRQHandler
                0x080018e0                FDCAN1_IT0_IRQHandler
                0x080018e0                TIM2_IRQHandler
                0x080018e0                GPDMA1_Channel4_IRQHandler
                0x080018e0                EXTI7_IRQHandler
                0x080018e0                TIM1_BRK_IRQHandler
                0x080018e0                EXTI1_IRQHandler
                0x080018e0                AES_IRQHandler
                0x080018e0                DAC1_IRQHandler
                0x080018e0                DTS_IRQHandler
                0x080018e0                GTZC_IRQHandler
                0x080018e0                USART2_IRQHandler
                0x080018e0                GPDMA1_Channel6_IRQHandler
                0x080018e0                GPDMA2_Channel7_IRQHandler
                0x080018e0                I2C2_ER_IRQHandler
                0x080018e0                TIM8_BRK_IRQHandler
                0x080018e0                FLASH_IRQHandler
                0x080018e0                USART1_IRQHandler
                0x080018e0                EXTI10_IRQHandler
                0x080018e0                SPI3_IRQHandler
                0x080018e0                I2C1_ER_IRQHandler
                0x080018e0                FMC_IRQHandler
                0x080018e0                EXTI6_IRQHandler
                0x080018e0                LPTIM1_IRQHandler
                0x080018e0                DCMI_PSSI_IRQHandler
                0x080018e0                ICACHE_IRQHandler
                0x080018e0                HASH_IRQHandler
 *fill*         0x080018e2        0x2 
 .text.ST7735_RegisterBusIO
                0x080018e4       0xa8 ./Drivers/BSP/ST7735/st7735.o
                0x080018e4                ST7735_RegisterBusIO
 .text.ST7735_Init
                0x0800198c      0x77e ./Drivers/BSP/ST7735/st7735.o
                0x0800198c                ST7735_Init
 .text.ST7735_DeInit
                0x0800210a       0x16 ./Drivers/BSP/ST7735/st7735.o
                0x0800210a                ST7735_DeInit
 .text.ST7735_ReadID
                0x08002120       0x8e ./Drivers/BSP/ST7735/st7735.o
                0x08002120                ST7735_ReadID
 *fill*         0x080021ae        0x2 
 .text.ST7735_DisplayOn
                0x080021b0       0xc8 ./Drivers/BSP/ST7735/st7735.o
                0x080021b0                ST7735_DisplayOn
 .text.ST7735_DisplayOff
                0x08002278       0xc8 ./Drivers/BSP/ST7735/st7735.o
                0x08002278                ST7735_DisplayOff
 .text.ST7735_SetBrightness
                0x08002340       0x1a ./Drivers/BSP/ST7735/st7735.o
                0x08002340                ST7735_SetBrightness
 .text.ST7735_GetBrightness
                0x0800235a       0x1a ./Drivers/BSP/ST7735/st7735.o
                0x0800235a                ST7735_GetBrightness
 .text.ST7735_SetOrientation
                0x08002374      0x11c ./Drivers/BSP/ST7735/st7735.o
                0x08002374                ST7735_SetOrientation
 .text.ST7735_GetOrientation
                0x08002490       0x24 ./Drivers/BSP/ST7735/st7735.o
                0x08002490                ST7735_GetOrientation
 .text.ST7735_SetCursor
                0x080024b4      0x190 ./Drivers/BSP/ST7735/st7735.o
                0x080024b4                ST7735_SetCursor
 .text.ST7735_DrawBitmap
                0x08002644      0x214 ./Drivers/BSP/ST7735/st7735.o
                0x08002644                ST7735_DrawBitmap
 .text.ST7735_FillRGBRect
                0x08002858       0xd0 ./Drivers/BSP/ST7735/st7735.o
                0x08002858                ST7735_FillRGBRect
 .text.ST7735_DrawHLine
                0x08002928       0xa0 ./Drivers/BSP/ST7735/st7735.o
                0x08002928                ST7735_DrawHLine
 .text.ST7735_DrawVLine
                0x080029c8       0x68 ./Drivers/BSP/ST7735/st7735.o
                0x080029c8                ST7735_DrawVLine
 .text.ST7735_FillRect
                0x08002a30       0x58 ./Drivers/BSP/ST7735/st7735.o
                0x08002a30                ST7735_FillRect
 .text.ST7735_SetPixel
                0x08002a88       0x88 ./Drivers/BSP/ST7735/st7735.o
                0x08002a88                ST7735_SetPixel
 .text.ST7735_GetPixel
                0x08002b10       0x9e ./Drivers/BSP/ST7735/st7735.o
                0x08002b10                ST7735_GetPixel
 *fill*         0x08002bae        0x2 
 .text.ST7735_GetXSize
                0x08002bb0       0x24 ./Drivers/BSP/ST7735/st7735.o
                0x08002bb0                ST7735_GetXSize
 .text.ST7735_GetYSize
                0x08002bd4       0x24 ./Drivers/BSP/ST7735/st7735.o
                0x08002bd4                ST7735_GetYSize
 .text.ST7735_SetDisplayWindow
                0x08002bf8      0x208 ./Drivers/BSP/ST7735/st7735.o
 .text.ST7735_ReadRegWrap
                0x08002e00       0x28 ./Drivers/BSP/ST7735/st7735.o
 .text.ST7735_WriteRegWrap
                0x08002e28       0x2a ./Drivers/BSP/ST7735/st7735.o
 .text.ST7735_SendDataWrap
                0x08002e52       0x24 ./Drivers/BSP/ST7735/st7735.o
 .text.ST7735_RecvDataWrap
                0x08002e76       0x24 ./Drivers/BSP/ST7735/st7735.o
 .text.ST7735_IO_Delay
                0x08002e9a       0x34 ./Drivers/BSP/ST7735/st7735.o
 *fill*         0x08002ece        0x2 
 .text.ST7735_WRAPPER_Test
                0x08002ed0       0x8c ./Drivers/BSP/ST7735/st7735_lcd.o
                0x08002ed0                ST7735_WRAPPER_Test
 .text.ST7735_WRAPPER_SetBrightness
                0x08002f5c       0x44 ./Drivers/BSP/ST7735/st7735_lcd.o
                0x08002f5c                ST7735_WRAPPER_SetBrightness
 .text.ST7735_WRAPPER_GetBrightness
                0x08002fa0       0x30 ./Drivers/BSP/ST7735/st7735_lcd.o
                0x08002fa0                ST7735_WRAPPER_GetBrightness
 .text.ST7735_WRAPPER_Light
                0x08002fd0       0xea ./Drivers/BSP/ST7735/st7735_lcd.o
                0x08002fd0                ST7735_WRAPPER_Light
 *fill*         0x080030ba        0x2 
 .text.LCD_init
                0x080030bc       0x20 ./Drivers/BSP/ST7735/st7735_lcd.o
 .text.LCD_gettick
                0x080030dc        0xe ./Drivers/BSP/ST7735/st7735_lcd.o
 *fill*         0x080030ea        0x2 
 .text.LCD_writereg
                0x080030ec       0x90 ./Drivers/BSP/ST7735/st7735_lcd.o
 .text.LCD_readreg
                0x0800317c       0x84 ./Drivers/BSP/ST7735/st7735_lcd.o
 .text.LCD_senddata
                0x08003200       0x54 ./Drivers/BSP/ST7735/st7735_lcd.o
 .text.LCD_recvdata
                0x08003254       0x54 ./Drivers/BSP/ST7735/st7735_lcd.o
 .text.ST7735_WRAPPER_Clear
                0x080032a8       0x48 ./Drivers/BSP/ST7735/st7735_lcd.o
                0x080032a8                ST7735_WRAPPER_Clear
 .text.st7735_read_reg
                0x080032f0       0x26 ./Drivers/BSP/ST7735/st7735_reg.o
                0x080032f0                st7735_read_reg
 .text.st7735_write_reg
                0x08003316       0x2a ./Drivers/BSP/ST7735/st7735_reg.o
                0x08003316                st7735_write_reg
 .text.st7735_send_data
                0x08003340       0x24 ./Drivers/BSP/ST7735/st7735_reg.o
                0x08003340                st7735_send_data
 .text.st7735_recv_data
                0x08003364       0x24 ./Drivers/BSP/ST7735/st7735_reg.o
                0x08003364                st7735_recv_data
 .text.ST7789_RegisterBusIO
                0x08003388       0xa4 ./Drivers/BSP/ST7789/st7789.o
                0x08003388                ST7789_RegisterBusIO
 .text.ST7789_Init
                0x0800342c       0xae ./Drivers/BSP/ST7789/st7789.o
                0x0800342c                ST7789_Init
 *fill*         0x080034da        0x2 
 .text.ST7789_SetOrientation
                0x080034dc       0xcc ./Drivers/BSP/ST7789/st7789.o
                0x080034dc                ST7789_SetOrientation
 .text.ST7789_SetDisplayWindow
                0x080035a8      0x130 ./Drivers/BSP/ST7789/st7789.o
 .text.ST7789_SetCursor
                0x080036d8       0x26 ./Drivers/BSP/ST7789/st7789.o
                0x080036d8                ST7789_SetCursor
 *fill*         0x080036fe        0x2 
 .text.ST7789_FillRGBRect
                0x08003700       0x64 ./Drivers/BSP/ST7789/st7789.o
                0x08003700                ST7789_FillRGBRect
 .text.ST7789_FillRect
                0x08003764       0xfc ./Drivers/BSP/ST7789/st7789.o
                0x08003764                ST7789_FillRect
 .text.ST7789_DrawHLine
                0x08003860       0x2c ./Drivers/BSP/ST7789/st7789.o
                0x08003860                ST7789_DrawHLine
 .text.ST7789_DrawVLine
                0x0800388c       0x2c ./Drivers/BSP/ST7789/st7789.o
                0x0800388c                ST7789_DrawVLine
 .text.ST7789_SetPixel
                0x080038b8       0x2c ./Drivers/BSP/ST7789/st7789.o
                0x080038b8                ST7789_SetPixel
 .text.ST7789_DeInit
                0x080038e4       0x16 ./Drivers/BSP/ST7789/st7789.o
                0x080038e4                ST7789_DeInit
 .text.ST7789_ReadID
                0x080038fa       0x1e ./Drivers/BSP/ST7789/st7789.o
                0x080038fa                ST7789_ReadID
 .text.ST7789_DisplayOn
                0x08003918       0x16 ./Drivers/BSP/ST7789/st7789.o
                0x08003918                ST7789_DisplayOn
 .text.ST7789_DisplayOff
                0x0800392e       0x16 ./Drivers/BSP/ST7789/st7789.o
                0x0800392e                ST7789_DisplayOff
 .text.ST7789_SetBrightness
                0x08003944       0x1a ./Drivers/BSP/ST7789/st7789.o
                0x08003944                ST7789_SetBrightness
 .text.ST7789_GetBrightness
                0x0800395e       0x1a ./Drivers/BSP/ST7789/st7789.o
                0x0800395e                ST7789_GetBrightness
 .text.ST7789_GetOrientation
                0x08003978       0x24 ./Drivers/BSP/ST7789/st7789.o
                0x08003978                ST7789_GetOrientation
 .text.ST7789_DrawBitmap
                0x0800399c       0x1c ./Drivers/BSP/ST7789/st7789.o
                0x0800399c                ST7789_DrawBitmap
 .text.ST7789_GetPixel
                0x080039b8       0x1c ./Drivers/BSP/ST7789/st7789.o
                0x080039b8                ST7789_GetPixel
 .text.ST7789_GetXSize
                0x080039d4       0x24 ./Drivers/BSP/ST7789/st7789.o
                0x080039d4                ST7789_GetXSize
 .text.ST7789_GetYSize
                0x080039f8       0x24 ./Drivers/BSP/ST7789/st7789.o
                0x080039f8                ST7789_GetYSize
 .text.ST7789_ReadRegWrap
                0x08003a1c       0x24 ./Drivers/BSP/ST7789/st7789.o
 .text.ST7789_WriteRegWrap
                0x08003a40       0x26 ./Drivers/BSP/ST7789/st7789.o
 .text.ST7789_SendDataWrap
                0x08003a66       0x20 ./Drivers/BSP/ST7789/st7789.o
 .text.ST7789_RecvDataWrap
                0x08003a86       0x20 ./Drivers/BSP/ST7789/st7789.o
 .text.ST7789_IO_Delay
                0x08003aa6       0x34 ./Drivers/BSP/ST7789/st7789.o
 *fill*         0x08003ada        0x2 
 .text.ST7789_WRAPPER_Test
                0x08003adc       0x6c ./Drivers/BSP/ST7789/st7789_lcd.o
                0x08003adc                ST7789_WRAPPER_Test
 .text.ST7789_WRAPPER_SetBrightness
                0x08003b48       0x38 ./Drivers/BSP/ST7789/st7789_lcd.o
                0x08003b48                ST7789_WRAPPER_SetBrightness
 .text.ST7789_WRAPPER_GetBrightness
                0x08003b80       0x30 ./Drivers/BSP/ST7789/st7789_lcd.o
                0x08003b80                ST7789_WRAPPER_GetBrightness
 .text.ST7789_WRAPPER_Light
                0x08003bb0       0xea ./Drivers/BSP/ST7789/st7789_lcd.o
                0x08003bb0                ST7789_WRAPPER_Light
 *fill*         0x08003c9a        0x2 
 .text.LCD_init
                0x08003c9c       0x18 ./Drivers/BSP/ST7789/st7789_lcd.o
 .text.LCD_gettick
                0x08003cb4        0xe ./Drivers/BSP/ST7789/st7789_lcd.o
 *fill*         0x08003cc2        0x2 
 .text.LCD_writereg
                0x08003cc4       0xb4 ./Drivers/BSP/ST7789/st7789_lcd.o
 .text.LCD_readreg
                0x08003d78       0x80 ./Drivers/BSP/ST7789/st7789_lcd.o
 .text.LCD_senddata
                0x08003df8       0x74 ./Drivers/BSP/ST7789/st7789_lcd.o
 .text.LCD_recvdata
                0x08003e6c       0x74 ./Drivers/BSP/ST7789/st7789_lcd.o
 .text.ST7789_WRAPPER_Clear
                0x08003ee0       0x48 ./Drivers/BSP/ST7789/st7789_lcd.o
                0x08003ee0                ST7789_WRAPPER_Clear
 .text.BSP_LED_Init
                0x08003f28       0x88 ./Drivers/BSP/STM32H5xx_Nucleo/stm32h5xx_nucleo.o
                0x08003f28                BSP_LED_Init
 .text.BSP_PB_Init
                0x08003fb0       0xf0 ./Drivers/BSP/STM32H5xx_Nucleo/stm32h5xx_nucleo.o
                0x08003fb0                BSP_PB_Init
 .text.BSP_PB_Callback
                0x080040a0       0x16 ./Drivers/BSP/STM32H5xx_Nucleo/stm32h5xx_nucleo.o
                0x080040a0                BSP_PB_Callback
 *fill*         0x080040b6        0x2 
 .text.BSP_COM_Init
                0x080040b8       0x60 ./Drivers/BSP/STM32H5xx_Nucleo/stm32h5xx_nucleo.o
                0x080040b8                BSP_COM_Init
 .text.MX_USART_Init
                0x08004118       0x68 ./Drivers/BSP/STM32H5xx_Nucleo/stm32h5xx_nucleo.o
                0x08004118                MX_USART_Init
 .text.BUTTON_USER_EXTI_Callback
                0x08004180        0xe ./Drivers/BSP/STM32H5xx_Nucleo/stm32h5xx_nucleo.o
 *fill*         0x0800418e        0x2 
 .text.COM1_MspInit
                0x08004190       0xac ./Drivers/BSP/STM32H5xx_Nucleo/stm32h5xx_nucleo.o
 .text.HAL_Init
                0x0800423c       0x50 ./Drivers/STM32H5xx_HAL_Driver/Src/stm32h5xx_hal.o
                0x0800423c                HAL_Init
 .text.HAL_InitTick
                0x0800428c       0xec ./Drivers/STM32H5xx_HAL_Driver/Src/stm32h5xx_hal.o
                0x0800428c                HAL_InitTick
 .text.HAL_IncTick
                0x08004378       0x28 ./Drivers/STM32H5xx_HAL_Driver/Src/stm32h5xx_hal.o
                0x08004378                HAL_IncTick
 .text.HAL_GetTick
                0x080043a0       0x18 ./Drivers/STM32H5xx_HAL_Driver/Src/stm32h5xx_hal.o
                0x080043a0                HAL_GetTick
 .text.HAL_Delay
                0x080043b8       0x48 ./Drivers/STM32H5xx_HAL_Driver/Src/stm32h5xx_hal.o
                0x080043b8                HAL_Delay
 .text.LL_ADC_SetCommonClock
                0x08004400       0x26 ./Drivers/STM32H5xx_HAL_Driver/Src/stm32h5xx_hal_adc.o
 .text.LL_ADC_SetCommonPathInternalCh
                0x08004426       0x26 ./Drivers/STM32H5xx_HAL_Driver/Src/stm32h5xx_hal_adc.o
 .text.LL_ADC_GetCommonPathInternalCh
                0x0800444c       0x1c ./Drivers/STM32H5xx_HAL_Driver/Src/stm32h5xx_hal_adc.o
 .text.LL_ADC_EnableChannelVDDcore
                0x08004468       0x24 ./Drivers/STM32H5xx_HAL_Driver/Src/stm32h5xx_hal_adc.o
 .text.LL_ADC_EnableChannel0_GPIO
                0x0800448c       0x28 ./Drivers/STM32H5xx_HAL_Driver/Src/stm32h5xx_hal_adc.o
 .text.LL_ADC_SetOffset
                0x080044b4       0x48 ./Drivers/STM32H5xx_HAL_Driver/Src/stm32h5xx_hal_adc.o
 .text.LL_ADC_GetOffsetChannel
                0x080044fc       0x2c ./Drivers/STM32H5xx_HAL_Driver/Src/stm32h5xx_hal_adc.o
 .text.LL_ADC_SetOffsetState
                0x08004528       0x36 ./Drivers/STM32H5xx_HAL_Driver/Src/stm32h5xx_hal_adc.o
 .text.LL_ADC_SetOffsetSign
                0x0800455e       0x36 ./Drivers/STM32H5xx_HAL_Driver/Src/stm32h5xx_hal_adc.o
 .text.LL_ADC_SetOffsetSaturation
                0x08004594       0x36 ./Drivers/STM32H5xx_HAL_Driver/Src/stm32h5xx_hal_adc.o
 .text.LL_ADC_SetSamplingTimeCommonConfig
                0x080045ca       0x26 ./Drivers/STM32H5xx_HAL_Driver/Src/stm32h5xx_hal_adc.o
 .text.LL_ADC_REG_IsTriggerSourceSWStart
                0x080045f0       0x26 ./Drivers/STM32H5xx_HAL_Driver/Src/stm32h5xx_hal_adc.o
 .text.LL_ADC_REG_SetSequencerRanks
                0x08004616       0x58 ./Drivers/STM32H5xx_HAL_Driver/Src/stm32h5xx_hal_adc.o
 .text.LL_ADC_INJ_IsTriggerSourceSWStart
                0x0800466e       0x26 ./Drivers/STM32H5xx_HAL_Driver/Src/stm32h5xx_hal_adc.o
 .text.LL_ADC_SetChannelSamplingTime
                0x08004694       0x56 ./Drivers/STM32H5xx_HAL_Driver/Src/stm32h5xx_hal_adc.o
 *fill*         0x080046ea        0x2 
 .text.LL_ADC_SetChannelSingleDiff
                0x080046ec       0x48 ./Drivers/STM32H5xx_HAL_Driver/Src/stm32h5xx_hal_adc.o
 .text.LL_ADC_GetMultimode
                0x08004734       0x1c ./Drivers/STM32H5xx_HAL_Driver/Src/stm32h5xx_hal_adc.o
 .text.LL_ADC_GetMultiDMATransfer
                0x08004750       0x1c ./Drivers/STM32H5xx_HAL_Driver/Src/stm32h5xx_hal_adc.o
 .text.LL_ADC_DisableDeepPowerDown
                0x0800476c       0x24 ./Drivers/STM32H5xx_HAL_Driver/Src/stm32h5xx_hal_adc.o
 .text.LL_ADC_IsDeepPowerDownEnabled
                0x08004790       0x28 ./Drivers/STM32H5xx_HAL_Driver/Src/stm32h5xx_hal_adc.o
 .text.LL_ADC_EnableInternalRegulator
                0x080047b8       0x28 ./Drivers/STM32H5xx_HAL_Driver/Src/stm32h5xx_hal_adc.o
 .text.LL_ADC_IsInternalRegulatorEnabled
                0x080047e0       0x28 ./Drivers/STM32H5xx_HAL_Driver/Src/stm32h5xx_hal_adc.o
 .text.LL_ADC_IsEnabled
                0x08004808       0x26 ./Drivers/STM32H5xx_HAL_Driver/Src/stm32h5xx_hal_adc.o
 .text.LL_ADC_REG_IsConversionOngoing
                0x0800482e       0x26 ./Drivers/STM32H5xx_HAL_Driver/Src/stm32h5xx_hal_adc.o
 .text.LL_ADC_INJ_IsConversionOngoing
                0x08004854       0x26 ./Drivers/STM32H5xx_HAL_Driver/Src/stm32h5xx_hal_adc.o
 *fill*         0x0800487a        0x2 
 .text.HAL_ADC_Init
                0x0800487c      0x2a8 ./Drivers/STM32H5xx_HAL_Driver/Src/stm32h5xx_hal_adc.o
                0x0800487c                HAL_ADC_Init
 .text.HAL_ADC_GetValue
                0x08004b24       0x1a ./Drivers/STM32H5xx_HAL_Driver/Src/stm32h5xx_hal_adc.o
                0x08004b24                HAL_ADC_GetValue
 *fill*         0x08004b3e        0x2 
 .text.HAL_ADC_IRQHandler
                0x08004b40      0x434 ./Drivers/STM32H5xx_HAL_Driver/Src/stm32h5xx_hal_adc.o
                0x08004b40                HAL_ADC_IRQHandler
 .text.HAL_ADC_LevelOutOfWindowCallback
                0x08004f74       0x14 ./Drivers/STM32H5xx_HAL_Driver/Src/stm32h5xx_hal_adc.o
                0x08004f74                HAL_ADC_LevelOutOfWindowCallback
 .text.HAL_ADC_ErrorCallback
                0x08004f88       0x14 ./Drivers/STM32H5xx_HAL_Driver/Src/stm32h5xx_hal_adc.o
                0x08004f88                HAL_ADC_ErrorCallback
 .text.HAL_ADC_ConfigChannel
                0x08004f9c      0x820 ./Drivers/STM32H5xx_HAL_Driver/Src/stm32h5xx_hal_adc.o
                0x08004f9c                HAL_ADC_ConfigChannel
 .text.HAL_ADCEx_InjectedConvCpltCallback
                0x080057bc       0x14 ./Drivers/STM32H5xx_HAL_Driver/Src/stm32h5xx_hal_adc_ex.o
                0x080057bc                HAL_ADCEx_InjectedConvCpltCallback
 .text.HAL_ADCEx_InjectedQueueOverflowCallback
                0x080057d0       0x14 ./Drivers/STM32H5xx_HAL_Driver/Src/stm32h5xx_hal_adc_ex.o
                0x080057d0                HAL_ADCEx_InjectedQueueOverflowCallback
 .text.HAL_ADCEx_LevelOutOfWindow2Callback
                0x080057e4       0x14 ./Drivers/STM32H5xx_HAL_Driver/Src/stm32h5xx_hal_adc_ex.o
                0x080057e4                HAL_ADCEx_LevelOutOfWindow2Callback
 .text.HAL_ADCEx_LevelOutOfWindow3Callback
                0x080057f8       0x14 ./Drivers/STM32H5xx_HAL_Driver/Src/stm32h5xx_hal_adc_ex.o
                0x080057f8                HAL_ADCEx_LevelOutOfWindow3Callback
 .text.HAL_ADCEx_EndOfSamplingCallback
                0x0800580c       0x14 ./Drivers/STM32H5xx_HAL_Driver/Src/stm32h5xx_hal_adc_ex.o
                0x0800580c                HAL_ADCEx_EndOfSamplingCallback
 .text.__NVIC_SetPriorityGrouping
                0x08005820       0x48 ./Drivers/STM32H5xx_HAL_Driver/Src/stm32h5xx_hal_cortex.o
 .text.__NVIC_GetPriorityGrouping
                0x08005868       0x1c ./Drivers/STM32H5xx_HAL_Driver/Src/stm32h5xx_hal_cortex.o
 .text.__NVIC_EnableIRQ
                0x08005884       0x3c ./Drivers/STM32H5xx_HAL_Driver/Src/stm32h5xx_hal_cortex.o
 .text.__NVIC_SetPriority
                0x080058c0       0x54 ./Drivers/STM32H5xx_HAL_Driver/Src/stm32h5xx_hal_cortex.o
 .text.NVIC_EncodePriority
                0x08005914       0x66 ./Drivers/STM32H5xx_HAL_Driver/Src/stm32h5xx_hal_cortex.o
 .text.HAL_NVIC_SetPriorityGrouping
                0x0800597a       0x16 ./Drivers/STM32H5xx_HAL_Driver/Src/stm32h5xx_hal_cortex.o
                0x0800597a                HAL_NVIC_SetPriorityGrouping
 .text.HAL_NVIC_SetPriority
                0x08005990       0x34 ./Drivers/STM32H5xx_HAL_Driver/Src/stm32h5xx_hal_cortex.o
                0x08005990                HAL_NVIC_SetPriority
 .text.HAL_NVIC_EnableIRQ
                0x080059c4       0x1c ./Drivers/STM32H5xx_HAL_Driver/Src/stm32h5xx_hal_cortex.o
                0x080059c4                HAL_NVIC_EnableIRQ
 .text.HAL_SYSTICK_Config
                0x080059e0       0x44 ./Drivers/STM32H5xx_HAL_Driver/Src/stm32h5xx_hal_cortex.o
                0x080059e0                HAL_SYSTICK_Config
 .text.HAL_SYSTICK_CLKSourceConfig
                0x08005a24       0xb0 ./Drivers/STM32H5xx_HAL_Driver/Src/stm32h5xx_hal_cortex.o
                0x08005a24                HAL_SYSTICK_CLKSourceConfig
 .text.HAL_SYSTICK_GetCLKSourceConfig
                0x08005ad4       0x6c ./Drivers/STM32H5xx_HAL_Driver/Src/stm32h5xx_hal_cortex.o
                0x08005ad4                HAL_SYSTICK_GetCLKSourceConfig
 .text.HAL_EXTI_RegisterCallback
                0x08005b40       0x58 ./Drivers/STM32H5xx_HAL_Driver/Src/stm32h5xx_hal_exti.o
                0x08005b40                HAL_EXTI_RegisterCallback
 .text.HAL_EXTI_GetHandle
                0x08005b98       0x28 ./Drivers/STM32H5xx_HAL_Driver/Src/stm32h5xx_hal_exti.o
                0x08005b98                HAL_EXTI_GetHandle
 .text.HAL_GPIO_Init
                0x08005bc0      0x2bc ./Drivers/STM32H5xx_HAL_Driver/Src/stm32h5xx_hal_gpio.o
                0x08005bc0                HAL_GPIO_Init
 .text.HAL_GPIO_ReadPin
                0x08005e7c       0x30 ./Drivers/STM32H5xx_HAL_Driver/Src/stm32h5xx_hal_gpio.o
                0x08005e7c                HAL_GPIO_ReadPin
 .text.HAL_GPIO_WritePin
                0x08005eac       0x30 ./Drivers/STM32H5xx_HAL_Driver/Src/stm32h5xx_hal_gpio.o
                0x08005eac                HAL_GPIO_WritePin
 .text.HAL_I2C_Init
                0x08005edc      0x136 ./Drivers/STM32H5xx_HAL_Driver/Src/stm32h5xx_hal_i2c.o
                0x08005edc                HAL_I2C_Init
 .text.HAL_I2CEx_ConfigAnalogFilter
                0x08006012       0x96 ./Drivers/STM32H5xx_HAL_Driver/Src/stm32h5xx_hal_i2c_ex.o
                0x08006012                HAL_I2CEx_ConfigAnalogFilter
 .text.HAL_I2CEx_ConfigDigitalFilter
                0x080060a8       0x98 ./Drivers/STM32H5xx_HAL_Driver/Src/stm32h5xx_hal_i2c_ex.o
                0x080060a8                HAL_I2CEx_ConfigDigitalFilter
 .text.HAL_ICACHE_Enable
                0x08006140       0x20 ./Drivers/STM32H5xx_HAL_Driver/Src/stm32h5xx_hal_icache.o
                0x08006140                HAL_ICACHE_Enable
 .text.HAL_LPTIM_Init
                0x08006160      0x1e0 ./Drivers/STM32H5xx_HAL_Driver/Src/stm32h5xx_hal_lptim.o
                0x08006160                HAL_LPTIM_Init
 .text.HAL_LPTIM_PWM_Start
                0x08006340       0xd4 ./Drivers/STM32H5xx_HAL_Driver/Src/stm32h5xx_hal_lptim.o
                0x08006340                HAL_LPTIM_PWM_Start
 .text.HAL_LPTIM_OC_ConfigChannel
                0x08006414       0x66 ./Drivers/STM32H5xx_HAL_Driver/Src/stm32h5xx_hal_lptim.o
                0x08006414                HAL_LPTIM_OC_ConfigChannel
 *fill*         0x0800647a        0x2 
 .text.LPTIM_WaitForFlag
                0x0800647c       0x60 ./Drivers/STM32H5xx_HAL_Driver/Src/stm32h5xx_hal_lptim.o
 .text.LPTIM_OC1_SetConfig
                0x080064dc       0x98 ./Drivers/STM32H5xx_HAL_Driver/Src/stm32h5xx_hal_lptim.o
 .text.LPTIM_OC2_SetConfig
                0x08006574       0x9c ./Drivers/STM32H5xx_HAL_Driver/Src/stm32h5xx_hal_lptim.o
 .text.HAL_RCC_OscConfig
                0x08006610      0x870 ./Drivers/STM32H5xx_HAL_Driver/Src/stm32h5xx_hal_rcc.o
                0x08006610                HAL_RCC_OscConfig
 .text.HAL_RCC_ClockConfig
                0x08006e80      0x370 ./Drivers/STM32H5xx_HAL_Driver/Src/stm32h5xx_hal_rcc.o
                0x08006e80                HAL_RCC_ClockConfig
 .text.HAL_RCC_GetSysClockFreq
                0x080071f0      0x258 ./Drivers/STM32H5xx_HAL_Driver/Src/stm32h5xx_hal_rcc.o
                0x080071f0                HAL_RCC_GetSysClockFreq
 .text.HAL_RCC_GetHCLKFreq
                0x08007448       0x38 ./Drivers/STM32H5xx_HAL_Driver/Src/stm32h5xx_hal_rcc.o
                0x08007448                HAL_RCC_GetHCLKFreq
 .text.HAL_RCC_GetPCLK1Freq
                0x08007480       0x2c ./Drivers/STM32H5xx_HAL_Driver/Src/stm32h5xx_hal_rcc.o
                0x08007480                HAL_RCC_GetPCLK1Freq
 .text.HAL_RCC_GetPCLK2Freq
                0x080074ac       0x2c ./Drivers/STM32H5xx_HAL_Driver/Src/stm32h5xx_hal_rcc.o
                0x080074ac                HAL_RCC_GetPCLK2Freq
 .text.HAL_RCC_GetPCLK3Freq
                0x080074d8       0x2c ./Drivers/STM32H5xx_HAL_Driver/Src/stm32h5xx_hal_rcc.o
                0x080074d8                HAL_RCC_GetPCLK3Freq
 .text.HAL_RCCEx_PeriphCLKConfig
                0x08007504     0x1380 ./Drivers/STM32H5xx_HAL_Driver/Src/stm32h5xx_hal_rcc_ex.o
                0x08007504                HAL_RCCEx_PeriphCLKConfig
 .text.HAL_RCCEx_GetPLL1ClockFreq
                0x08008884      0x2d8 ./Drivers/STM32H5xx_HAL_Driver/Src/stm32h5xx_hal_rcc_ex.o
                0x08008884                HAL_RCCEx_GetPLL1ClockFreq
 .text.HAL_RCCEx_GetPLL2ClockFreq
                0x08008b5c      0x2d8 ./Drivers/STM32H5xx_HAL_Driver/Src/stm32h5xx_hal_rcc_ex.o
                0x08008b5c                HAL_RCCEx_GetPLL2ClockFreq
 .text.HAL_RCCEx_GetPLL3ClockFreq
                0x08008e34      0x2d8 ./Drivers/STM32H5xx_HAL_Driver/Src/stm32h5xx_hal_rcc_ex.o
                0x08008e34                HAL_RCCEx_GetPLL3ClockFreq
 .text.HAL_RCCEx_GetPeriphCLKFreq
                0x0800910c     0x16a0 ./Drivers/STM32H5xx_HAL_Driver/Src/stm32h5xx_hal_rcc_ex.o
                0x0800910c                HAL_RCCEx_GetPeriphCLKFreq
 .text.RCCEx_PLL2_Config
                0x0800a7ac      0x130 ./Drivers/STM32H5xx_HAL_Driver/Src/stm32h5xx_hal_rcc_ex.o
 .text.RCCEx_PLL3_Config
                0x0800a8dc      0x130 ./Drivers/STM32H5xx_HAL_Driver/Src/stm32h5xx_hal_rcc_ex.o
 .text.HAL_RNG_Init
                0x0800aa0c      0x130 ./Drivers/STM32H5xx_HAL_Driver/Src/stm32h5xx_hal_rng.o
                0x0800aa0c                HAL_RNG_Init
 .text.HAL_SPI_Init
                0x0800ab3c      0x258 ./Drivers/STM32H5xx_HAL_Driver/Src/stm32h5xx_hal_spi.o
                0x0800ab3c                HAL_SPI_Init
 .text.HAL_SPI_Transmit
                0x0800ad94      0x438 ./Drivers/STM32H5xx_HAL_Driver/Src/stm32h5xx_hal_spi.o
                0x0800ad94                HAL_SPI_Transmit
 .text.HAL_SPI_Receive
                0x0800b1cc      0x544 ./Drivers/STM32H5xx_HAL_Driver/Src/stm32h5xx_hal_spi.o
                0x0800b1cc                HAL_SPI_Receive
 .text.SPI_CloseTransfer
                0x0800b710      0x140 ./Drivers/STM32H5xx_HAL_Driver/Src/stm32h5xx_hal_spi.o
 .text.SPI_WaitOnFlagUntilTimeout
                0x0800b850       0x5c ./Drivers/STM32H5xx_HAL_Driver/Src/stm32h5xx_hal_spi.o
 .text.SPI_GetPacketSize
                0x0800b8ac       0x36 ./Drivers/STM32H5xx_HAL_Driver/Src/stm32h5xx_hal_spi.o
 .text.HAL_TIM_Base_Init
                0x0800b8e2       0xae ./Drivers/STM32H5xx_HAL_Driver/Src/stm32h5xx_hal_tim.o
                0x0800b8e2                HAL_TIM_Base_Init
 .text.HAL_TIM_OnePulse_Init
                0x0800b990       0xa0 ./Drivers/STM32H5xx_HAL_Driver/Src/stm32h5xx_hal_tim.o
                0x0800b990                HAL_TIM_OnePulse_Init
 .text.HAL_TIM_OnePulse_MspInit
                0x0800ba30       0x14 ./Drivers/STM32H5xx_HAL_Driver/Src/stm32h5xx_hal_tim.o
                0x0800ba30                HAL_TIM_OnePulse_MspInit
 .text.HAL_TIM_IRQHandler
                0x0800ba44      0x29e ./Drivers/STM32H5xx_HAL_Driver/Src/stm32h5xx_hal_tim.o
                0x0800ba44                HAL_TIM_IRQHandler
 *fill*         0x0800bce2        0x2 
 .text.HAL_TIM_ConfigClockSource
                0x0800bce4      0x23c ./Drivers/STM32H5xx_HAL_Driver/Src/stm32h5xx_hal_tim.o
                0x0800bce4                HAL_TIM_ConfigClockSource
 .text.HAL_TIM_OC_DelayElapsedCallback
                0x0800bf20       0x14 ./Drivers/STM32H5xx_HAL_Driver/Src/stm32h5xx_hal_tim.o
                0x0800bf20                HAL_TIM_OC_DelayElapsedCallback
 .text.HAL_TIM_IC_CaptureCallback
                0x0800bf34       0x14 ./Drivers/STM32H5xx_HAL_Driver/Src/stm32h5xx_hal_tim.o
                0x0800bf34                HAL_TIM_IC_CaptureCallback
 .text.HAL_TIM_PWM_PulseFinishedCallback
                0x0800bf48       0x14 ./Drivers/STM32H5xx_HAL_Driver/Src/stm32h5xx_hal_tim.o
                0x0800bf48                HAL_TIM_PWM_PulseFinishedCallback
 .text.HAL_TIM_TriggerCallback
                0x0800bf5c       0x14 ./Drivers/STM32H5xx_HAL_Driver/Src/stm32h5xx_hal_tim.o
                0x0800bf5c                HAL_TIM_TriggerCallback
 .text.TIM_Base_SetConfig
                0x0800bf70      0x1d4 ./Drivers/STM32H5xx_HAL_Driver/Src/stm32h5xx_hal_tim.o
                0x0800bf70                TIM_Base_SetConfig
 .text.TIM_TI1_ConfigInputStage
                0x0800c144       0x5e ./Drivers/STM32H5xx_HAL_Driver/Src/stm32h5xx_hal_tim.o
 .text.TIM_TI2_ConfigInputStage
                0x0800c1a2       0x60 ./Drivers/STM32H5xx_HAL_Driver/Src/stm32h5xx_hal_tim.o
 .text.TIM_ITRx_SetConfig
                0x0800c202       0x3a ./Drivers/STM32H5xx_HAL_Driver/Src/stm32h5xx_hal_tim.o
 .text.TIM_ETR_SetConfig
                0x0800c23c       0x40 ./Drivers/STM32H5xx_HAL_Driver/Src/stm32h5xx_hal_tim.o
                0x0800c23c                TIM_ETR_SetConfig
 .text.HAL_TIMEx_MasterConfigSynchronization
                0x0800c27c      0x1a0 ./Drivers/STM32H5xx_HAL_Driver/Src/stm32h5xx_hal_tim_ex.o
                0x0800c27c                HAL_TIMEx_MasterConfigSynchronization
 .text.HAL_TIMEx_CommutCallback
                0x0800c41c       0x14 ./Drivers/STM32H5xx_HAL_Driver/Src/stm32h5xx_hal_tim_ex.o
                0x0800c41c                HAL_TIMEx_CommutCallback
 .text.HAL_TIMEx_BreakCallback
                0x0800c430       0x14 ./Drivers/STM32H5xx_HAL_Driver/Src/stm32h5xx_hal_tim_ex.o
                0x0800c430                HAL_TIMEx_BreakCallback
 .text.HAL_TIMEx_Break2Callback
                0x0800c444       0x14 ./Drivers/STM32H5xx_HAL_Driver/Src/stm32h5xx_hal_tim_ex.o
                0x0800c444                HAL_TIMEx_Break2Callback
 .text.HAL_TIMEx_EncoderIndexCallback
                0x0800c458       0x14 ./Drivers/STM32H5xx_HAL_Driver/Src/stm32h5xx_hal_tim_ex.o
                0x0800c458                HAL_TIMEx_EncoderIndexCallback
 .text.HAL_TIMEx_DirectionChangeCallback
                0x0800c46c       0x14 ./Drivers/STM32H5xx_HAL_Driver/Src/stm32h5xx_hal_tim_ex.o
                0x0800c46c                HAL_TIMEx_DirectionChangeCallback
 .text.HAL_TIMEx_IndexErrorCallback
                0x0800c480       0x14 ./Drivers/STM32H5xx_HAL_Driver/Src/stm32h5xx_hal_tim_ex.o
                0x0800c480                HAL_TIMEx_IndexErrorCallback
 .text.HAL_TIMEx_TransitionErrorCallback
                0x0800c494       0x14 ./Drivers/STM32H5xx_HAL_Driver/Src/stm32h5xx_hal_tim_ex.o
                0x0800c494                HAL_TIMEx_TransitionErrorCallback
 .text.HAL_UART_Init
                0x0800c4a8       0xa0 ./Drivers/STM32H5xx_HAL_Driver/Src/stm32h5xx_hal_uart.o
                0x0800c4a8                HAL_UART_Init
 .text.HAL_UART_MspInit
                0x0800c548       0x14 ./Drivers/STM32H5xx_HAL_Driver/Src/stm32h5xx_hal_uart.o
                0x0800c548                HAL_UART_MspInit
 .text.UART_SetConfig
                0x0800c55c      0x35c ./Drivers/STM32H5xx_HAL_Driver/Src/stm32h5xx_hal_uart.o
                0x0800c55c                UART_SetConfig
 .text.UART_AdvFeatureConfig
                0x0800c8b8      0x144 ./Drivers/STM32H5xx_HAL_Driver/Src/stm32h5xx_hal_uart.o
                0x0800c8b8                UART_AdvFeatureConfig
 .text.UART_CheckIdleState
                0x0800c9fc      0x154 ./Drivers/STM32H5xx_HAL_Driver/Src/stm32h5xx_hal_uart.o
                0x0800c9fc                UART_CheckIdleState
 .text.UART_WaitOnFlagUntilTimeout
                0x0800cb50       0xda ./Drivers/STM32H5xx_HAL_Driver/Src/stm32h5xx_hal_uart.o
                0x0800cb50                UART_WaitOnFlagUntilTimeout
 .text.UART_EndRxTransfer
                0x0800cc2a       0xcc ./Drivers/STM32H5xx_HAL_Driver/Src/stm32h5xx_hal_uart.o
 .text.Button_Init_Internal
                0x0800ccf6       0x46 ./Main/Src/button.o
                0x0800ccf6                Button_Init_Internal
 .text.Button_Get_Event
                0x0800cd3c      0x10c ./Main/Src/button.o
 .text.Button_Get_Input
                0x0800ce48       0x94 ./Main/Src/button.o
                0x0800ce48                Button_Get_Input
 .text.MX_Button_Init
                0x0800cedc       0x6c ./Main/Src/button.o
                0x0800cedc                MX_Button_Init
 .text.Custom_LCD_Init
                0x0800cf48       0x30 ./Main/Src/custom_lcd.o
                0x0800cf48                Custom_LCD_Init
 .text.Custom_LCD_Clear
                0x0800cf78       0x48 ./Main/Src/custom_lcd.o
                0x0800cf78                Custom_LCD_Clear
 .text.HAL_TIM7_IRQ_Handler
                0x0800cfc0        0xe ./Main/Src/drive.o
                0x0800cfc0                HAL_TIM7_IRQ_Handler
 *fill*         0x0800cfce        0x2 
 .text.Main_Menu
                0x0800cfd0       0x34 ./Main/Src/menu.o
                0x0800cfd0                Main_Menu
 .text.HAL_TIM1_IRQ_Handler
                0x0800d004       0xa0 ./Main/Src/motor.o
                0x0800d004                HAL_TIM1_IRQ_Handler
 .text.HAL_TIM8_IRQ_Handler
                0x0800d0a4       0xa0 ./Main/Src/motor.o
                0x0800d0a4                HAL_TIM8_IRQ_Handler
 .text.IR_Enable
                0x0800d144       0x34 ./Main/Src/sensor.o
 .text.IR_Disable
                0x0800d178       0x34 ./Main/Src/sensor.o
 .text.HAL_TIM6_IRQ_Handler
                0x0800d1ac       0x4c ./Main/Src/sensor.o
                0x0800d1ac                HAL_TIM6_IRQ_Handler
 .text.HAL_ADC1_IRQ_Handler
                0x0800d1f8       0x64 ./Main/Src/sensor.o
                0x0800d1f8                HAL_ADC1_IRQ_Handler
 .text.memset   0x0800d25c       0x10 D:/STM32CubeIDE_2.1.0/STM32CubeIDE/plugins/com.st.stm32cube.ide.mcu.externaltools.gnu-tools-for-stm32.14.3.rel1.win32_1.0.100.202602081740/tools/bin/../lib/gcc/arm-none-eabi/14.3.1/../../../../arm-none-eabi/lib/thumb/v8-m.main+fp/hard\libc_nano.a(libc_a-memset.o)
                0x0800d25c                memset
 .text.__libc_init_array
                0x0800d26c       0x48 D:/STM32CubeIDE_2.1.0/STM32CubeIDE/plugins/com.st.stm32cube.ide.mcu.externaltools.gnu-tools-for-stm32.14.3.rel1.win32_1.0.100.202602081740/tools/bin/../lib/gcc/arm-none-eabi/14.3.1/../../../../arm-none-eabi/lib/thumb/v8-m.main+fp/hard\libc_nano.a(libc_a-init.o)
                0x0800d26c                __libc_init_array
 *(.glue_7)
 .glue_7        0x0800d2b4        0x0 linker stubs
 *(.glue_7t)
 .glue_7t       0x0800d2b4        0x0 linker stubs
 *(.eh_frame)
 .eh_frame      0x0800d2b4        0x0 D:/STM32CubeIDE_2.1.0/STM32CubeIDE/plugins/com.st.stm32cube.ide.mcu.externaltools.gnu-tools-for-stm32.14.3.rel1.win32_1.0.100.202602081740/tools/bin/../lib/gcc/arm-none-eabi/14.3.1/thumb/v8-m.main+fp/hard/crtbegin.o
 *(.init)
 .init          0x0800d2b4        0x4 D:/STM32CubeIDE_2.1.0/STM32CubeIDE/plugins/com.st.stm32cube.ide.mcu.externaltools.gnu-tools-for-stm32.14.3.rel1.win32_1.0.100.202602081740/tools/bin/../lib/gcc/arm-none-eabi/14.3.1/thumb/v8-m.main+fp/hard/crti.o
                0x0800d2b4                _init
 .init          0x0800d2b8        0x8 D:/STM32CubeIDE_2.1.0/STM32CubeIDE/plugins/com.st.stm32cube.ide.mcu.externaltools.gnu-tools-for-stm32.14.3.rel1.win32_1.0.100.202602081740/tools/bin/../lib/gcc/arm-none-eabi/14.3.1/thumb/v8-m.main+fp/hard/crtn.o
 *(.fini)
 .fini          0x0800d2c0        0x4 D:/STM32CubeIDE_2.1.0/STM32CubeIDE/plugins/com.st.stm32cube.ide.mcu.externaltools.gnu-tools-for-stm32.14.3.rel1.win32_1.0.100.202602081740/tools/bin/../lib/gcc/arm-none-eabi/14.3.1/thumb/v8-m.main+fp/hard/crti.o
                0x0800d2c0                _fini
 .fini          0x0800d2c4        0x8 D:/STM32CubeIDE_2.1.0/STM32CubeIDE/plugins/com.st.stm32cube.ide.mcu.externaltools.gnu-tools-for-stm32.14.3.rel1.win32_1.0.100.202602081740/tools/bin/../lib/gcc/arm-none-eabi/14.3.1/thumb/v8-m.main+fp/hard/crtn.o
                0x0800d2cc                        . = ALIGN (0x4)
                0x0800d2cc                        _etext = .

.vfp11_veneer   0x0800d2cc        0x0
 .vfp11_veneer  0x0800d2cc        0x0 linker stubs

.v4_bx          0x0800d2cc        0x0
 .v4_bx         0x0800d2cc        0x0 linker stubs

.iplt           0x0800d2cc        0x0
 .iplt          0x0800d2cc        0x0 D:/STM32CubeIDE_2.1.0/STM32CubeIDE/plugins/com.st.stm32cube.ide.mcu.externaltools.gnu-tools-for-stm32.14.3.rel1.win32_1.0.100.202602081740/tools/bin/../lib/gcc/arm-none-eabi/14.3.1/thumb/v8-m.main+fp/hard/crtbegin.o

.rodata         0x0800d2cc       0x3c
                0x0800d2cc                        . = ALIGN (0x4)
 *(.rodata)
 *(.rodata*)
 .rodata.AHBPrescTable
                0x0800d2cc       0x10 ./Core/Src/system_stm32h5xx.o
                0x0800d2cc                AHBPrescTable
 .rodata.APBPrescTable
                0x0800d2dc        0x8 ./Core/Src/system_stm32h5xx.o
                0x0800d2dc                APBPrescTable
 .rodata.BUTTON_EXTI_LINE.2
                0x0800d2e4        0x4 ./Drivers/BSP/STM32H5xx_Nucleo/stm32h5xx_nucleo.o
 .rodata.UARTPrescTable
                0x0800d2e8       0x18 ./Drivers/STM32H5xx_HAL_Driver/Src/stm32h5xx_hal_uart.o
                0x0800d2e8                UARTPrescTable
 .rodata.stepSequence
                0x0800d300        0x8 ./Main/Src/motor.o
                0x0800d300                stepSequence
                0x0800d308                        . = ALIGN (0x4)

.ARM.extab      0x0800d308        0x0
                0x0800d308                        . = ALIGN (0x4)
 *(.ARM.extab* .gnu.linkonce.armextab.*)
                0x0800d308                        . = ALIGN (0x4)

.ARM            0x0800d308        0x8
                0x0800d308                        . = ALIGN (0x4)
                0x0800d308                        __exidx_start = .
 *(.ARM.exidx*)
 .ARM.exidx     0x0800d308        0x8 D:/STM32CubeIDE_2.1.0/STM32CubeIDE/plugins/com.st.stm32cube.ide.mcu.externaltools.gnu-tools-for-stm32.14.3.rel1.win32_1.0.100.202602081740/tools/bin/../lib/gcc/arm-none-eabi/14.3.1/thumb/v8-m.main+fp/hard\libgcc.a(_udivmoddi4.o)
                0x0800d310                        __exidx_end = .
                0x0800d310                        . = ALIGN (0x4)

.preinit_array  0x0800d310        0x0
                0x0800d310                        . = ALIGN (0x4)
                0x0800d310                        PROVIDE (__preinit_array_start = .)
 *(.preinit_array*)
                0x0800d310                        PROVIDE (__preinit_array_end = .)
                0x0800d310                        . = ALIGN (0x4)

.init_array     0x0800d310        0x4
                0x0800d310                        . = ALIGN (0x4)
                0x0800d310                        PROVIDE (__init_array_start = .)
 *(SORT_BY_NAME(.init_array.*))
 *(.init_array*)
 .init_array    0x0800d310        0x4 D:/STM32CubeIDE_2.1.0/STM32CubeIDE/plugins/com.st.stm32cube.ide.mcu.externaltools.gnu-tools-for-stm32.14.3.rel1.win32_1.0.100.202602081740/tools/bin/../lib/gcc/arm-none-eabi/14.3.1/thumb/v8-m.main+fp/hard/crtbegin.o
                0x0800d314                        PROVIDE (__init_array_end = .)
                0x0800d314                        . = ALIGN (0x4)

.fini_array     0x0800d314        0x4
                0x0800d314                        . = ALIGN (0x4)
                [!provide]                        PROVIDE (__fini_array_start = .)
 *(SORT_BY_NAME(.fini_array.*))
 *(.fini_array*)
 .fini_array    0x0800d314        0x4 D:/STM32CubeIDE_2.1.0/STM32CubeIDE/plugins/com.st.stm32cube.ide.mcu.externaltools.gnu-tools-for-stm32.14.3.rel1.win32_1.0.100.202602081740/tools/bin/../lib/gcc/arm-none-eabi/14.3.1/thumb/v8-m.main+fp/hard/crtbegin.o
                [!provide]                        PROVIDE (__fini_array_end = .)
                0x0800d318                        . = ALIGN (0x4)
                0x0800d318                        _sidata = LOADADDR (.data)

.rel.dyn        0x0800d318        0x0
 .rel.iplt      0x0800d318        0x0 D:/STM32CubeIDE_2.1.0/STM32CubeIDE/plugins/com.st.stm32cube.ide.mcu.externaltools.gnu-tools-for-stm32.14.3.rel1.win32_1.0.100.202602081740/tools/bin/../lib/gcc/arm-none-eabi/14.3.1/thumb/v8-m.main+fp/hard/crtbegin.o

.data           0x20000000      0x1a4 load address 0x0800d318
                0x20000000                        . = ALIGN (0x4)
                0x20000000                        _sdata = .
 *(.data)
 *(.data*)
 .data.SystemCoreClock
                0x20000000        0x4 ./Core/Src/system_stm32h5xx.o
                0x20000000                SystemCoreClock
 .data.ST7735_LCD_Driver
                0x20000004       0x4c ./Drivers/BSP/ST7735/st7735.o
                0x20000004                ST7735_LCD_Driver
 .data.OrientationTab
                0x20000050       0x20 ./Drivers/BSP/ST7735/st7735.o
 .data.ST7735_WRAPPER_BACK_BRIGHT
                0x20000070        0x2 ./Drivers/BSP/ST7735/st7735_lcd.o
                0x20000070                ST7735_WRAPPER_BACK_BRIGHT
 *fill*         0x20000072        0x2 
 .data.st7735_pIO
                0x20000074       0x20 ./Drivers/BSP/ST7735/st7735_lcd.o
                0x20000074                st7735_pIO
 .data.ST7789_LCD_Driver
                0x20000094       0x4c ./Drivers/BSP/ST7789/st7789.o
                0x20000094                ST7789_LCD_Driver
 .data.ST7789_WRAPPER_BACK_BRIGHT
                0x200000e0        0x2 ./Drivers/BSP/ST7789/st7789_lcd.o
                0x200000e0                ST7789_WRAPPER_BACK_BRIGHT
 *fill*         0x200000e2        0x2 
 .data.st7789_pIO
                0x200000e4       0x20 ./Drivers/BSP/ST7789/st7789_lcd.o
                0x200000e4                st7789_pIO
 .data.COM_USART
                0x20000104        0x4 ./Drivers/BSP/STM32H5xx_Nucleo/stm32h5xx_nucleo.o
                0x20000104                COM_USART
 .data.LED_PORT
                0x20000108        0x4 ./Drivers/BSP/STM32H5xx_Nucleo/stm32h5xx_nucleo.o
 .data.BUTTON_PORT
                0x2000010c        0x4 ./Drivers/BSP/STM32H5xx_Nucleo/stm32h5xx_nucleo.o
 .data.ButtonCallback.1
                0x20000110        0x4 ./Drivers/BSP/STM32H5xx_Nucleo/stm32h5xx_nucleo.o
 .data.BSP_BUTTON_PRIO.0
                0x20000114        0x4 ./Drivers/BSP/STM32H5xx_Nucleo/stm32h5xx_nucleo.o
 .data.uwTickPrio
                0x20000118        0x4 ./Drivers/STM32H5xx_HAL_Driver/Src/stm32h5xx_hal.o
                0x20000118                uwTickPrio
 .data.uwTickFreq
                0x2000011c        0x1 ./Drivers/STM32H5xx_HAL_Driver/Src/stm32h5xx_hal.o
                0x2000011c                uwTickFreq
 *fill*         0x2000011d        0x1 
 .data.color    0x2000011e        0x2 ./Main/Src/custom_lcd.o
 .data.size     0x20000120        0x1 ./Main/Src/custom_lcd.o
 *fill*         0x20000121        0x3 
 .data.Motor_L  0x20000124       0x20 ./Main/Src/motor.o
                0x20000124                Motor_L
 .data.Motor_R  0x20000144       0x20 ./Main/Src/motor.o
                0x20000144                Motor_R
 .data.IR_Index
                0x20000164       0x40 ./Main/Src/sensor.o
                0x20000164                IR_Index
 *(.RamFunc)
 *(.RamFunc*)
                0x200001a4                        . = ALIGN (0x4)
                0x200001a4                        _edata = .

.igot.plt       0x200001a4        0x0 load address 0x0800d4bc
 .igot.plt      0x200001a4        0x0 D:/STM32CubeIDE_2.1.0/STM32CubeIDE/plugins/com.st.stm32cube.ide.mcu.externaltools.gnu-tools-for-stm32.14.3.rel1.win32_1.0.100.202602081740/tools/bin/../lib/gcc/arm-none-eabi/14.3.1/thumb/v8-m.main+fp/hard/crtbegin.o
                0x200001a4                        . = ALIGN (0x4)

.bss            0x200001a4      0xa60 load address 0x0800d4bc
                0x200001a4                        _sbss = .
                0x200001a4                        __bss_start__ = _sbss
 *(.bss)
 .bss           0x200001a4       0x1c D:/STM32CubeIDE_2.1.0/STM32CubeIDE/plugins/com.st.stm32cube.ide.mcu.externaltools.gnu-tools-for-stm32.14.3.rel1.win32_1.0.100.202602081740/tools/bin/../lib/gcc/arm-none-eabi/14.3.1/thumb/v8-m.main+fp/hard/crtbegin.o
 *(.bss*)
 .bss.hadc1     0x200001c0       0x68 ./Core/Src/adc.o
                0x200001c0                hadc1
 .bss.hi2c2     0x20000228       0x54 ./Core/Src/i2c.o
                0x20000228                hi2c2
 .bss.hlptim1   0x2000027c       0x50 ./Core/Src/lptim.o
                0x2000027c                hlptim1
 .bss.BspCOMInit
                0x200002cc       0x10 ./Core/Src/main.o
                0x200002cc                BspCOMInit
 .bss.hrng      0x200002dc       0x14 ./Core/Src/rng.o
                0x200002dc                hrng
 .bss.hspi3     0x200002f0       0x90 ./Core/Src/spi.o
                0x200002f0                hspi3
 .bss.htim1     0x20000380       0x4c ./Core/Src/tim.o
                0x20000380                htim1
 .bss.htim3     0x200003cc       0x4c ./Core/Src/tim.o
                0x200003cc                htim3
 .bss.htim6     0x20000418       0x4c ./Core/Src/tim.o
                0x20000418                htim6
 .bss.htim7     0x20000464       0x4c ./Core/Src/tim.o
                0x20000464                htim7
 .bss.htim8     0x200004b0       0x4c ./Core/Src/tim.o
                0x200004b0                htim8
 .bss.htim12    0x200004fc       0x4c ./Core/Src/tim.o
                0x200004fc                htim12
 .bss.ST7735Ctx
                0x20000548       0x10 ./Drivers/BSP/ST7735/st7735.o
                0x20000548                ST7735Ctx
 .bss.pdata.1   0x20000558      0x280 ./Drivers/BSP/ST7735/st7735.o
 .bss.pdata.0   0x200007d8      0x280 ./Drivers/BSP/ST7735/st7735.o
 .bss.st7735_pObj
                0x20000a58       0x38 ./Drivers/BSP/ST7735/st7735_lcd.o
                0x20000a58                st7735_pObj
 .bss.st7735_id
                0x20000a90        0x4 ./Drivers/BSP/ST7735/st7735_lcd.o
                0x20000a90                st7735_id
 .bss.ST7735_WRAPPER_LightSet
                0x20000a94        0x4 ./Drivers/BSP/ST7735/st7735_lcd.o
 .bss.IsST7735_WRAPPER_SoftPWM
                0x20000a98        0x1 ./Drivers/BSP/ST7735/st7735_lcd.o
 *fill*         0x20000a99        0x3 
 .bss.ST7789Ctx
                0x20000a9c       0x10 ./Drivers/BSP/ST7789/st7789.o
                0x20000a9c                ST7789Ctx
 .bss.st7789_pObj
                0x20000aac       0x38 ./Drivers/BSP/ST7789/st7789_lcd.o
                0x20000aac                st7789_pObj
 .bss.ST7789_WRAPPER_LightSet
                0x20000ae4        0x4 ./Drivers/BSP/ST7789/st7789_lcd.o
 .bss.IsST7789_WRAPPER_SoftPWM
                0x20000ae8        0x1 ./Drivers/BSP/ST7789/st7789_lcd.o
 *fill*         0x20000ae9        0x3 
 .bss.hpb_exti  0x20000aec        0xc ./Drivers/BSP/STM32H5xx_Nucleo/stm32h5xx_nucleo.o
                0x20000aec                hpb_exti
 .bss.hcom_uart
                0x20000af8       0x94 ./Drivers/BSP/STM32H5xx_Nucleo/stm32h5xx_nucleo.o
                0x20000af8                hcom_uart
 .bss.uwTick    0x20000b8c        0x4 ./Drivers/STM32H5xx_HAL_Driver/Src/stm32h5xx_hal.o
                0x20000b8c                uwTick
 .bss.btn_l     0x20000b90       0x14 ./Main/Src/button.o
                0x20000b90                btn_l
 .bss.btn_r     0x20000ba4       0x14 ./Main/Src/button.o
                0x20000ba4                btn_r
 .bss.btn_k     0x20000bb8       0x14 ./Main/Src/button.o
                0x20000bb8                btn_k
 .bss.current_lcd_type
                0x20000bcc        0x1 ./Main/Src/custom_lcd.o
 *fill*         0x20000bcd        0x1 
 .bss.posX      0x20000bce        0x2 ./Main/Src/custom_lcd.o
 .bss.posY      0x20000bd0        0x2 ./Main/Src/custom_lcd.o
 .bss.init_done.0
                0x20000bd2        0x1 ./Main/Src/menu.o
 .bss.index.1   0x20000bd3        0x1 ./Main/Src/motor.o
 .bss.index.0   0x20000bd4        0x1 ./Main/Src/motor.o
 *fill*         0x20000bd5        0x3 
 .bss.irData    0x20000bd8       0x23 ./Main/Src/sensor.o
                0x20000bd8                irData
 *fill*         0x20000bfb        0x1 
 .bss.tim6_cnt  0x20000bfc        0x4 ./Main/Src/sensor.o
                0x20000bfc                tim6_cnt
 .bss.adc_cnt   0x20000c00        0x4 ./Main/Src/sensor.o
                0x20000c00                adc_cnt
 *(COMMON)
                0x20000c04                        . = ALIGN (0x4)
                0x20000c04                        _ebss = .
                0x20000c04                        __bss_end__ = _ebss

._user_heap_stack
                0x20000c04      0x604 load address 0x0800d4bc
                0x20000c08                        . = ALIGN (0x8)
 *fill*         0x20000c04        0x4 
                [!provide]                        PROVIDE (end = .)
                0x20000c08                        PROVIDE (_end = .)
                0x20000e08                        . = (. + _Min_Heap_Size)
 *fill*         0x20000c08      0x200 
                0x20001208                        . = (. + _Min_Stack_Size)
 *fill*         0x20000e08      0x400 
                0x20001208                        . = ALIGN (0x8)

/DISCARD/
 libc.a(*)
 libm.a(*)
 libgcc.a(*)

.ARM.attributes
                0x00000000       0x36
 *(.ARM.attributes)
 .ARM.attributes
                0x00000000       0x26 D:/STM32CubeIDE_2.1.0/STM32CubeIDE/plugins/com.st.stm32cube.ide.mcu.externaltools.gnu-tools-for-stm32.14.3.rel1.win32_1.0.100.202602081740/tools/bin/../lib/gcc/arm-none-eabi/14.3.1/thumb/v8-m.main+fp/hard/crti.o
 .ARM.attributes
                0x00000026       0x38 D:/STM32CubeIDE_2.1.0/STM32CubeIDE/plugins/com.st.stm32cube.ide.mcu.externaltools.gnu-tools-for-stm32.14.3.rel1.win32_1.0.100.202602081740/tools/bin/../lib/gcc/arm-none-eabi/14.3.1/thumb/v8-m.main+fp/hard/crtbegin.o
 .ARM.attributes
                0x0000005e       0x3a ./Core/Src/adc.o
 .ARM.attributes
                0x00000098       0x3a ./Core/Src/gpio.o
 .ARM.attributes
                0x000000d2       0x3a ./Core/Src/i2c.o
 .ARM.attributes
                0x0000010c       0x3a ./Core/Src/icache.o
 .ARM.attributes
                0x00000146       0x3a ./Core/Src/lptim.o
 .ARM.attributes
                0x00000180       0x3a ./Core/Src/main.o
 .ARM.attributes
                0x000001ba       0x3a ./Core/Src/rng.o
 .ARM.attributes
                0x000001f4       0x3a ./Core/Src/spi.o
 .ARM.attributes
                0x0000022e       0x3a ./Core/Src/stm32h5xx_hal_msp.o
 .ARM.attributes
                0x00000268       0x3a ./Core/Src/stm32h5xx_it.o
 .ARM.attributes
                0x000002a2       0x3a ./Core/Src/system_stm32h5xx.o
 .ARM.attributes
                0x000002dc       0x3a ./Core/Src/tim.o
 .ARM.attributes
                0x00000316       0x24 ./Core/Startup/startup_stm32h533retx.o
 .ARM.attributes
                0x0000033a       0x3a ./Drivers/BSP/ST7735/st7735.o
 .ARM.attributes
                0x00000374       0x3a ./Drivers/BSP/ST7735/st7735_lcd.o
 .ARM.attributes
                0x000003ae       0x3a ./Drivers/BSP/ST7735/st7735_reg.o
 .ARM.attributes
                0x000003e8       0x3a ./Drivers/BSP/ST7789/st7789.o
 .ARM.attributes
                0x00000422       0x3a ./Drivers/BSP/ST7789/st7789_lcd.o
 .ARM.attributes
                0x0000045c       0x3a ./Drivers/BSP/STM32H5xx_Nucleo/stm32h5xx_nucleo.o
 .ARM.attributes
                0x00000496       0x3a ./Drivers/STM32H5xx_HAL_Driver/Src/stm32h5xx_hal.o
 .ARM.attributes
                0x000004d0       0x3a ./Drivers/STM32H5xx_HAL_Driver/Src/stm32h5xx_hal_adc.o
 .ARM.attributes
                0x0000050a       0x3a ./Drivers/STM32H5xx_HAL_Driver/Src/stm32h5xx_hal_adc_ex.o
 .ARM.attributes
                0x00000544       0x3a ./Drivers/STM32H5xx_HAL_Driver/Src/stm32h5xx_hal_cortex.o
 .ARM.attributes
                0x0000057e       0x3a ./Drivers/STM32H5xx_HAL_Driver/Src/stm32h5xx_hal_exti.o
 .ARM.attributes
                0x000005b8       0x3a ./Drivers/STM32H5xx_HAL_Driver/Src/stm32h5xx_hal_gpio.o
 .ARM.attributes
                0x000005f2       0x3a ./Drivers/STM32H5xx_HAL_Driver/Src/stm32h5xx_hal_i2c.o
 .ARM.attributes
                0x0000062c       0x3a ./Drivers/STM32H5xx_HAL_Driver/Src/stm32h5xx_hal_i2c_ex.o
 .ARM.attributes
                0x00000666       0x3a ./Drivers/STM32H5xx_HAL_Driver/Src/stm32h5xx_hal_icache.o
 .ARM.attributes
                0x000006a0       0x3a ./Drivers/STM32H5xx_HAL_Driver/Src/stm32h5xx_hal_lptim.o
 .ARM.attributes
                0x000006da       0x3a ./Drivers/STM32H5xx_HAL_Driver/Src/stm32h5xx_hal_rcc.o
 .ARM.attributes
                0x00000714       0x3a ./Drivers/STM32H5xx_HAL_Driver/Src/stm32h5xx_hal_rcc_ex.o
 .ARM.attributes
                0x0000074e       0x3a ./Drivers/STM32H5xx_HAL_Driver/Src/stm32h5xx_hal_rng.o
 .ARM.attributes
                0x00000788       0x3a ./Drivers/STM32H5xx_HAL_Driver/Src/stm32h5xx_hal_spi.o
 .ARM.attributes
                0x000007c2       0x3a ./Drivers/STM32H5xx_HAL_Driver/Src/stm32h5xx_hal_tim.o
 .ARM.attributes
                0x000007fc       0x3a ./Drivers/STM32H5xx_HAL_Driver/Src/stm32h5xx_hal_tim_ex.o
 .ARM.attributes
                0x00000836       0x3a ./Drivers/STM32H5xx_HAL_Driver/Src/stm32h5xx_hal_uart.o
 .ARM.attributes
                0x00000870       0x3a ./Main/Src/button.o
 .ARM.attributes
                0x000008aa       0x3a ./Main/Src/custom_lcd.o
 .ARM.attributes
                0x000008e4       0x3a ./Main/Src/drive.o
 .ARM.attributes
                0x0000091e       0x3a ./Main/Src/menu.o
 .ARM.attributes
                0x00000958       0x3a ./Main/Src/motor.o
 .ARM.attributes
                0x00000992       0x3a ./Main/Src/sensor.o
 .ARM.attributes
                0x000009cc       0x38 D:/STM32CubeIDE_2.1.0/STM32CubeIDE/plugins/com.st.stm32cube.ide.mcu.externaltools.gnu-tools-for-stm32.14.3.rel1.win32_1.0.100.202602081740/tools/bin/../lib/gcc/arm-none-eabi/14.3.1/../../../../arm-none-eabi/lib/thumb/v8-m.main+fp/hard\libc_nano.a(libc_a-memset.o)
 .ARM.attributes
                0x00000a04       0x38 D:/STM32CubeIDE_2.1.0/STM32CubeIDE/plugins/com.st.stm32cube.ide.mcu.externaltools.gnu-tools-for-stm32.14.3.rel1.win32_1.0.100.202602081740/tools/bin/../lib/gcc/arm-none-eabi/14.3.1/../../../../arm-none-eabi/lib/thumb/v8-m.main+fp/hard\libc_nano.a(libc_a-init.o)
 .ARM.attributes
                0x00000a3c       0x26 D:/STM32CubeIDE_2.1.0/STM32CubeIDE/plugins/com.st.stm32cube.ide.mcu.externaltools.gnu-tools-for-stm32.14.3.rel1.win32_1.0.100.202602081740/tools/bin/../lib/gcc/arm-none-eabi/14.3.1/thumb/v8-m.main+fp/hard\libgcc.a(_aeabi_uldivmod.o)
 .ARM.attributes
                0x00000a62       0x38 D:/STM32CubeIDE_2.1.0/STM32CubeIDE/plugins/com.st.stm32cube.ide.mcu.externaltools.gnu-tools-for-stm32.14.3.rel1.win32_1.0.100.202602081740/tools/bin/../lib/gcc/arm-none-eabi/14.3.1/thumb/v8-m.main+fp/hard\libgcc.a(_udivmoddi4.o)
 .ARM.attributes
                0x00000a9a       0x26 D:/STM32CubeIDE_2.1.0/STM32CubeIDE/plugins/com.st.stm32cube.ide.mcu.externaltools.gnu-tools-for-stm32.14.3.rel1.win32_1.0.100.202602081740/tools/bin/../lib/gcc/arm-none-eabi/14.3.1/thumb/v8-m.main+fp/hard\libgcc.a(_dvmd_tls.o)
 .ARM.attributes
                0x00000ac0       0x26 D:/STM32CubeIDE_2.1.0/STM32CubeIDE/plugins/com.st.stm32cube.ide.mcu.externaltools.gnu-tools-for-stm32.14.3.rel1.win32_1.0.100.202602081740/tools/bin/../lib/gcc/arm-none-eabi/14.3.1/thumb/v8-m.main+fp/hard/crtn.o
OUTPUT(2026_LINE_TRACER_STEP.elf elf32-littlearm)
LOAD linker stubs
LOAD D:/STM32CubeIDE_2.1.0/STM32CubeIDE/plugins/com.st.stm32cube.ide.mcu.externaltools.gnu-tools-for-stm32.14.3.rel1.win32_1.0.100.202602081740/tools/bin/../lib/gcc/arm-none-eabi/14.3.1/../../../../arm-none-eabi/lib/thumb/v8-m.main+fp/hard\libc.a
LOAD D:/STM32CubeIDE_2.1.0/STM32CubeIDE/plugins/com.st.stm32cube.ide.mcu.externaltools.gnu-tools-for-stm32.14.3.rel1.win32_1.0.100.202602081740/tools/bin/../lib/gcc/arm-none-eabi/14.3.1/../../../../arm-none-eabi/lib/thumb/v8-m.main+fp/hard\libm.a
LOAD D:/STM32CubeIDE_2.1.0/STM32CubeIDE/plugins/com.st.stm32cube.ide.mcu.externaltools.gnu-tools-for-stm32.14.3.rel1.win32_1.0.100.202602081740/tools/bin/../lib/gcc/arm-none-eabi/14.3.1/thumb/v8-m.main+fp/hard\libgcc.a

.debug_info     0x00000000    0x2d873
 .debug_info    0x00000000     0x178f ./Core/Src/adc.o
 .debug_info    0x0000178f      0x6c7 ./Core/Src/gpio.o
 .debug_info    0x00001e56     0x1205 ./Core/Src/i2c.o
 .debug_info    0x0000305b      0x193 ./Core/Src/icache.o
 .debug_info    0x000031ee     0x129f ./Core/Src/lptim.o
 .debug_info    0x0000448d      0xb46 ./Core/Src/main.o
 .debug_info    0x00004fd3      0xa53 ./Core/Src/rng.o
 .debug_info    0x00005a26     0x12a3 ./Core/Src/spi.o
 .debug_info    0x00006cc9      0x14c ./Core/Src/stm32h5xx_hal_msp.o
 .debug_info    0x00006e15      0xeee ./Core/Src/stm32h5xx_it.o
 .debug_info    0x00007d03      0xd7c ./Core/Src/system_stm32h5xx.o
 .debug_info    0x00008a7f     0x147e ./Core/Src/tim.o
 .debug_info    0x00009efd       0x30 ./Core/Startup/startup_stm32h533retx.o
 .debug_info    0x00009f2d     0x1142 ./Drivers/BSP/ST7735/st7735.o
 .debug_info    0x0000b06f     0x1a30 ./Drivers/BSP/ST7735/st7735_lcd.o
 .debug_info    0x0000ca9f      0x2be ./Drivers/BSP/ST7735/st7735_reg.o
 .debug_info    0x0000cd5d      0xe74 ./Drivers/BSP/ST7789/st7789.o
 .debug_info    0x0000dbd1     0x1a9b ./Drivers/BSP/ST7789/st7789_lcd.o
 .debug_info    0x0000f66c     0x1b77 ./Drivers/BSP/STM32H5xx_Nucleo/stm32h5xx_nucleo.o
 .debug_info    0x000111e3     0x13a2 ./Drivers/STM32H5xx_HAL_Driver/Src/stm32h5xx_hal.o
 .debug_info    0x00012585     0x2413 ./Drivers/STM32H5xx_HAL_Driver/Src/stm32h5xx_hal_adc.o
 .debug_info    0x00014998     0x2156 ./Drivers/STM32H5xx_HAL_Driver/Src/stm32h5xx_hal_adc_ex.o
 .debug_info    0x00016aee     0x1680 ./Drivers/STM32H5xx_HAL_Driver/Src/stm32h5xx_hal_cortex.o
 .debug_info    0x0001816e      0x888 ./Drivers/STM32H5xx_HAL_Driver/Src/stm32h5xx_hal_exti.o
 .debug_info    0x000189f6      0x773 ./Drivers/STM32H5xx_HAL_Driver/Src/stm32h5xx_hal_gpio.o
 .debug_info    0x00019169     0x23b9 ./Drivers/STM32H5xx_HAL_Driver/Src/stm32h5xx_hal_i2c.o
 .debug_info    0x0001b522      0x996 ./Drivers/STM32H5xx_HAL_Driver/Src/stm32h5xx_hal_i2c_ex.o
 .debug_info    0x0001beb8      0x592 ./Drivers/STM32H5xx_HAL_Driver/Src/stm32h5xx_hal_icache.o
 .debug_info    0x0001c44a     0x1978 ./Drivers/STM32H5xx_HAL_Driver/Src/stm32h5xx_hal_lptim.o
 .debug_info    0x0001ddc2     0x1099 ./Drivers/STM32H5xx_HAL_Driver/Src/stm32h5xx_hal_rcc.o
 .debug_info    0x0001ee5b     0x12c0 ./Drivers/STM32H5xx_HAL_Driver/Src/stm32h5xx_hal_rcc_ex.o
 .debug_info    0x0002011b      0x58d ./Drivers/STM32H5xx_HAL_Driver/Src/stm32h5xx_hal_rng.o
 .debug_info    0x000206a8     0x1669 ./Drivers/STM32H5xx_HAL_Driver/Src/stm32h5xx_hal_spi.o
 .debug_info    0x00021d11     0x2f01 ./Drivers/STM32H5xx_HAL_Driver/Src/stm32h5xx_hal_tim.o
 .debug_info    0x00024c12     0x1f5c ./Drivers/STM32H5xx_HAL_Driver/Src/stm32h5xx_hal_tim_ex.o
 .debug_info    0x00026b6e     0x40f6 ./Drivers/STM32H5xx_HAL_Driver/Src/stm32h5xx_hal_uart.o
 .debug_info    0x0002ac64      0x5a5 ./Main/Src/button.o
 .debug_info    0x0002b209      0x4d3 ./Main/Src/custom_lcd.o
 .debug_info    0x0002b6dc      0x14c ./Main/Src/drive.o
 .debug_info    0x0002b828      0x26a ./Main/Src/menu.o
 .debug_info    0x0002ba92      0xc15 ./Main/Src/motor.o
 .debug_info    0x0002c6a7     0x11cc ./Main/Src/sensor.o

.debug_abbrev   0x00000000     0x5822
 .debug_abbrev  0x00000000      0x234 ./Core/Src/adc.o
 .debug_abbrev  0x00000234      0x178 ./Core/Src/gpio.o
 .debug_abbrev  0x000003ac      0x23b ./Core/Src/i2c.o
 .debug_abbrev  0x000005e7       0xc4 ./Core/Src/icache.o
 .debug_abbrev  0x000006ab      0x225 ./Core/Src/lptim.o
 .debug_abbrev  0x000008d0      0x21e ./Core/Src/main.o
 .debug_abbrev  0x00000aee      0x1d9 ./Core/Src/rng.o
 .debug_abbrev  0x00000cc7      0x218 ./Core/Src/spi.o
 .debug_abbrev  0x00000edf       0x80 ./Core/Src/stm32h5xx_hal_msp.o
 .debug_abbrev  0x00000f5f      0x1f9 ./Core/Src/stm32h5xx_it.o
 .debug_abbrev  0x00001158      0x13a ./Core/Src/system_stm32h5xx.o
 .debug_abbrev  0x00001292      0x284 ./Core/Src/tim.o
 .debug_abbrev  0x00001516       0x24 ./Core/Startup/startup_stm32h533retx.o
 .debug_abbrev  0x0000153a      0x1fc ./Drivers/BSP/ST7735/st7735.o
 .debug_abbrev  0x00001736      0x35e ./Drivers/BSP/ST7735/st7735_lcd.o
 .debug_abbrev  0x00001a94       0xdd ./Drivers/BSP/ST7735/st7735_reg.o
 .debug_abbrev  0x00001b71      0x199 ./Drivers/BSP/ST7789/st7789.o
 .debug_abbrev  0x00001d0a      0x36d ./Drivers/BSP/ST7789/st7789_lcd.o
 .debug_abbrev  0x00002077      0x32f ./Drivers/BSP/STM32H5xx_Nucleo/stm32h5xx_nucleo.o
 .debug_abbrev  0x000023a6      0x2ad ./Drivers/STM32H5xx_HAL_Driver/Src/stm32h5xx_hal.o
 .debug_abbrev  0x00002653      0x2cc ./Drivers/STM32H5xx_HAL_Driver/Src/stm32h5xx_hal_adc.o
 .debug_abbrev  0x0000291f      0x2dd ./Drivers/STM32H5xx_HAL_Driver/Src/stm32h5xx_hal_adc_ex.o
 .debug_abbrev  0x00002bfc      0x327 ./Drivers/STM32H5xx_HAL_Driver/Src/stm32h5xx_hal_cortex.o
 .debug_abbrev  0x00002f23      0x197 ./Drivers/STM32H5xx_HAL_Driver/Src/stm32h5xx_hal_exti.o
 .debug_abbrev  0x000030ba      0x1d9 ./Drivers/STM32H5xx_HAL_Driver/Src/stm32h5xx_hal_gpio.o
 .debug_abbrev  0x00003293      0x295 ./Drivers/STM32H5xx_HAL_Driver/Src/stm32h5xx_hal_i2c.o
 .debug_abbrev  0x00003528      0x1c0 ./Drivers/STM32H5xx_HAL_Driver/Src/stm32h5xx_hal_i2c_ex.o
 .debug_abbrev  0x000036e8      0x227 ./Drivers/STM32H5xx_HAL_Driver/Src/stm32h5xx_hal_icache.o
 .debug_abbrev  0x0000390f      0x2a3 ./Drivers/STM32H5xx_HAL_Driver/Src/stm32h5xx_hal_lptim.o
 .debug_abbrev  0x00003bb2      0x2a3 ./Drivers/STM32H5xx_HAL_Driver/Src/stm32h5xx_hal_rcc.o
 .debug_abbrev  0x00003e55      0x25b ./Drivers/STM32H5xx_HAL_Driver/Src/stm32h5xx_hal_rcc_ex.o
 .debug_abbrev  0x000040b0      0x1dd ./Drivers/STM32H5xx_HAL_Driver/Src/stm32h5xx_hal_rng.o
 .debug_abbrev  0x0000428d      0x2b1 ./Drivers/STM32H5xx_HAL_Driver/Src/stm32h5xx_hal_spi.o
 .debug_abbrev  0x0000453e      0x2d0 ./Drivers/STM32H5xx_HAL_Driver/Src/stm32h5xx_hal_tim.o
 .debug_abbrev  0x0000480e      0x2c8 ./Drivers/STM32H5xx_HAL_Driver/Src/stm32h5xx_hal_tim_ex.o
 .debug_abbrev  0x00004ad6      0x318 ./Drivers/STM32H5xx_HAL_Driver/Src/stm32h5xx_hal_uart.o
 .debug_abbrev  0x00004dee      0x234 ./Main/Src/button.o
 .debug_abbrev  0x00005022      0x1be ./Main/Src/custom_lcd.o
 .debug_abbrev  0x000051e0       0x7e ./Main/Src/drive.o
 .debug_abbrev  0x0000525e      0x11c ./Main/Src/menu.o
 .debug_abbrev  0x0000537a      0x21f ./Main/Src/motor.o
 .debug_abbrev  0x00005599      0x289 ./Main/Src/sensor.o

.debug_aranges  0x00000000     0x2278
 .debug_aranges
                0x00000000       0x38 ./Core/Src/adc.o
 .debug_aranges
                0x00000038       0x20 ./Core/Src/gpio.o
 .debug_aranges
                0x00000058       0x30 ./Core/Src/i2c.o
 .debug_aranges
                0x00000088       0x20 ./Core/Src/icache.o
 .debug_aranges
                0x000000a8       0x38 ./Core/Src/lptim.o
 .debug_aranges
                0x000000e0       0x30 ./Core/Src/main.o
 .debug_aranges
                0x00000110       0x30 ./Core/Src/rng.o
 .debug_aranges
                0x00000140       0x30 ./Core/Src/spi.o
 .debug_aranges
                0x00000170       0x20 ./Core/Src/stm32h5xx_hal_msp.o
 .debug_aranges
                0x00000190       0x88 ./Core/Src/stm32h5xx_it.o
 .debug_aranges
                0x00000218       0x28 ./Core/Src/system_stm32h5xx.o
 .debug_aranges
                0x00000240       0x60 ./Core/Src/tim.o
 .debug_aranges
                0x000002a0       0x28 ./Core/Startup/startup_stm32h533retx.o
 .debug_aranges
                0x000002c8       0xe8 ./Drivers/BSP/ST7735/st7735.o
 .debug_aranges
                0x000003b0       0x90 ./Drivers/BSP/ST7735/st7735_lcd.o
 .debug_aranges
                0x00000440       0x38 ./Drivers/BSP/ST7735/st7735_reg.o
 .debug_aranges
                0x00000478       0xe8 ./Drivers/BSP/ST7789/st7789.o
 .debug_aranges
                0x00000560       0x98 ./Drivers/BSP/ST7789/st7789_lcd.o
 .debug_aranges
                0x000005f8       0xc8 ./Drivers/BSP/STM32H5xx_Nucleo/stm32h5xx_nucleo.o
 .debug_aranges
                0x000006c0      0x1f8 ./Drivers/STM32H5xx_HAL_Driver/Src/stm32h5xx_hal.o
 .debug_aranges
                0x000008b8      0x258 ./Drivers/STM32H5xx_HAL_Driver/Src/stm32h5xx_hal_adc.o
 .debug_aranges
                0x00000b10      0x1d0 ./Drivers/STM32H5xx_HAL_Driver/Src/stm32h5xx_hal_adc_ex.o
 .debug_aranges
                0x00000ce0      0x140 ./Drivers/STM32H5xx_HAL_Driver/Src/stm32h5xx_hal_cortex.o
 .debug_aranges
                0x00000e20       0x70 ./Drivers/STM32H5xx_HAL_Driver/Src/stm32h5xx_hal_exti.o
 .debug_aranges
                0x00000e90       0x78 ./Drivers/STM32H5xx_HAL_Driver/Src/stm32h5xx_hal_gpio.o
 .debug_aranges
                0x00000f08      0x2a0 ./Drivers/STM32H5xx_HAL_Driver/Src/stm32h5xx_hal_i2c.o
 .debug_aranges
                0x000011a8       0x40 ./Drivers/STM32H5xx_HAL_Driver/Src/stm32h5xx_hal_i2c_ex.o
 .debug_aranges
                0x000011e8       0xa8 ./Drivers/STM32H5xx_HAL_Driver/Src/stm32h5xx_hal_icache.o
 .debug_aranges
                0x00001290      0x250 ./Drivers/STM32H5xx_HAL_Driver/Src/stm32h5xx_hal_lptim.o
 .debug_aranges
                0x000014e0       0xa0 ./Drivers/STM32H5xx_HAL_Driver/Src/stm32h5xx_hal_rcc.o
 .debug_aranges
                0x00001580      0x108 ./Drivers/STM32H5xx_HAL_Driver/Src/stm32h5xx_hal_rcc_ex.o
 .debug_aranges
                0x00001688       0x80 ./Drivers/STM32H5xx_HAL_Driver/Src/stm32h5xx_hal_rng.o
 .debug_aranges
                0x00001708      0x1a8 ./Drivers/STM32H5xx_HAL_Driver/Src/stm32h5xx_hal_spi.o
 .debug_aranges
                0x000018b0      0x3e8 ./Drivers/STM32H5xx_HAL_Driver/Src/stm32h5xx_hal_tim.o
 .debug_aranges
                0x00001c98      0x240 ./Drivers/STM32H5xx_HAL_Driver/Src/stm32h5xx_hal_tim_ex.o
 .debug_aranges
                0x00001ed8      0x248 ./Drivers/STM32H5xx_HAL_Driver/Src/stm32h5xx_hal_uart.o
 .debug_aranges
                0x00002120       0x40 ./Main/Src/button.o
 .debug_aranges
                0x00002160       0x38 ./Main/Src/custom_lcd.o
 .debug_aranges
                0x00002198       0x20 ./Main/Src/drive.o
 .debug_aranges
                0x000021b8       0x20 ./Main/Src/menu.o
 .debug_aranges
                0x000021d8       0x38 ./Main/Src/motor.o
 .debug_aranges
                0x00002210       0x68 ./Main/Src/sensor.o

.debug_rnglists
                0x00000000     0x1a99
 .debug_rnglists
                0x00000000       0x27 ./Core/Src/adc.o
 .debug_rnglists
                0x00000027       0x14 ./Core/Src/gpio.o
 .debug_rnglists
                0x0000003b       0x21 ./Core/Src/i2c.o
 .debug_rnglists
                0x0000005c       0x13 ./Core/Src/icache.o
 .debug_rnglists
                0x0000006f       0x26 ./Core/Src/lptim.o
 .debug_rnglists
                0x00000095       0x21 ./Core/Src/main.o
 .debug_rnglists
                0x000000b6       0x1f ./Core/Src/rng.o
 .debug_rnglists
                0x000000d5       0x21 ./Core/Src/spi.o
 .debug_rnglists
                0x000000f6       0x13 ./Core/Src/stm32h5xx_hal_msp.o
 .debug_rnglists
                0x00000109       0x61 ./Core/Src/stm32h5xx_it.o
 .debug_rnglists
                0x0000016a       0x1b ./Core/Src/system_stm32h5xx.o
 .debug_rnglists
                0x00000185       0x49 ./Core/Src/tim.o
 .debug_rnglists
                0x000001ce       0x19 ./Core/Startup/startup_stm32h533retx.o
 .debug_rnglists
                0x000001e7       0xb6 ./Drivers/BSP/ST7735/st7735.o
 .debug_rnglists
                0x0000029d       0x6e ./Drivers/BSP/ST7735/st7735_lcd.o
 .debug_rnglists
                0x0000030b       0x25 ./Drivers/BSP/ST7735/st7735_reg.o
 .debug_rnglists
                0x00000330       0xae ./Drivers/BSP/ST7789/st7789.o
 .debug_rnglists
                0x000003de       0x73 ./Drivers/BSP/ST7789/st7789_lcd.o
 .debug_rnglists
                0x00000451       0x94 ./Drivers/BSP/STM32H5xx_Nucleo/stm32h5xx_nucleo.o
 .debug_rnglists
                0x000004e5      0x177 ./Drivers/STM32H5xx_HAL_Driver/Src/stm32h5xx_hal.o
 .debug_rnglists
                0x0000065c      0x1cc ./Drivers/STM32H5xx_HAL_Driver/Src/stm32h5xx_hal_adc.o
 .debug_rnglists
                0x00000828      0x166 ./Drivers/STM32H5xx_HAL_Driver/Src/stm32h5xx_hal_adc_ex.o
 .debug_rnglists
                0x0000098e       0xec ./Drivers/STM32H5xx_HAL_Driver/Src/stm32h5xx_hal_cortex.o
 .debug_rnglists
                0x00000a7a       0x53 ./Drivers/STM32H5xx_HAL_Driver/Src/stm32h5xx_hal_exti.o
 .debug_rnglists
                0x00000acd       0x57 ./Drivers/STM32H5xx_HAL_Driver/Src/stm32h5xx_hal_gpio.o
 .debug_rnglists
                0x00000b24      0x228 ./Drivers/STM32H5xx_HAL_Driver/Src/stm32h5xx_hal_i2c.o
 .debug_rnglists
                0x00000d4c       0x30 ./Drivers/STM32H5xx_HAL_Driver/Src/stm32h5xx_hal_i2c_ex.o
 .debug_rnglists
                0x00000d7c       0x7a ./Drivers/STM32H5xx_HAL_Driver/Src/stm32h5xx_hal_icache.o
 .debug_rnglists
                0x00000df6      0x1d6 ./Drivers/STM32H5xx_HAL_Driver/Src/stm32h5xx_hal_lptim.o
 .debug_rnglists
                0x00000fcc       0x79 ./Drivers/STM32H5xx_HAL_Driver/Src/stm32h5xx_hal_rcc.o
 .debug_rnglists
                0x00001045       0xcf ./Drivers/STM32H5xx_HAL_Driver/Src/stm32h5xx_hal_rcc_ex.o
 .debug_rnglists
                0x00001114       0x60 ./Drivers/STM32H5xx_HAL_Driver/Src/stm32h5xx_hal_rng.o
 .debug_rnglists
                0x00001174      0x148 ./Drivers/STM32H5xx_HAL_Driver/Src/stm32h5xx_hal_spi.o
 .debug_rnglists
                0x000012bc      0x32e ./Drivers/STM32H5xx_HAL_Driver/Src/stm32h5xx_hal_tim.o
 .debug_rnglists
                0x000015ea      0x1cb ./Drivers/STM32H5xx_HAL_Driver/Src/stm32h5xx_hal_tim_ex.o
 .debug_rnglists
                0x000017b5      0x1fb ./Drivers/STM32H5xx_HAL_Driver/Src/stm32h5xx_hal_uart.o
 .debug_rnglists
                0x000019b0       0x2d ./Main/Src/button.o
 .debug_rnglists
                0x000019dd       0x26 ./Main/Src/custom_lcd.o
 .debug_rnglists
                0x00001a03       0x13 ./Main/Src/drive.o
 .debug_rnglists
                0x00001a16       0x13 ./Main/Src/menu.o
 .debug_rnglists
                0x00001a29       0x27 ./Main/Src/motor.o
 .debug_rnglists
                0x00001a50       0x49 ./Main/Src/sensor.o

.debug_macro    0x00000000    0x34fba
 .debug_macro   0x00000000      0x36d ./Core/Src/adc.o
 .debug_macro   0x0000036d      0xae4 ./Core/Src/adc.o
 .debug_macro   0x00000e51      0x1d9 ./Core/Src/adc.o
 .debug_macro   0x0000102a       0x22 ./Core/Src/adc.o
 .debug_macro   0x0000104c       0x5b ./Core/Src/adc.o
 .debug_macro   0x000010a7       0x2a ./Core/Src/adc.o
 .debug_macro   0x000010d1       0x94 ./Core/Src/adc.o
 .debug_macro   0x00001165       0x43 ./Core/Src/adc.o
 .debug_macro   0x000011a8       0x34 ./Core/Src/adc.o
 .debug_macro   0x000011dc      0x190 ./Core/Src/adc.o
 .debug_macro   0x0000136c       0x57 ./Core/Src/adc.o
 .debug_macro   0x000013c3      0x364 ./Core/Src/adc.o
 .debug_macro   0x00001727       0x16 ./Core/Src/adc.o
 .debug_macro   0x0000173d       0x4a ./Core/Src/adc.o
 .debug_macro   0x00001787       0x34 ./Core/Src/adc.o
 .debug_macro   0x000017bb       0x10 ./Core/Src/adc.o
 .debug_macro   0x000017cb       0x58 ./Core/Src/adc.o
 .debug_macro   0x00001823       0x8e ./Core/Src/adc.o
 .debug_macro   0x000018b1       0x1c ./Core/Src/adc.o
 .debug_macro   0x000018cd      0x17e ./Core/Src/adc.o
 .debug_macro   0x00001a4b      0x19b ./Core/Src/adc.o
 .debug_macro   0x00001be6       0x28 ./Core/Src/adc.o
 .debug_macro   0x00001c0e       0x42 ./Core/Src/adc.o
 .debug_macro   0x00001c50      0x103 ./Core/Src/adc.o
 .debug_macro   0x00001d53       0x6a ./Core/Src/adc.o
 .debug_macro   0x00001dbd      0x1df ./Core/Src/adc.o
 .debug_macro   0x00001f9c       0x1c ./Core/Src/adc.o
 .debug_macro   0x00001fb8       0x29 ./Core/Src/adc.o
 .debug_macro   0x00001fe1       0xfb ./Core/Src/adc.o
 .debug_macro   0x000020dc     0x1685 ./Core/Src/adc.o
 .debug_macro   0x00003761       0x5e ./Core/Src/adc.o
 .debug_macro   0x000037bf    0x1c054 ./Core/Src/adc.o
 .debug_macro   0x0001f813       0x6d ./Core/Src/adc.o
 .debug_macro   0x0001f880     0x388a ./Core/Src/adc.o
 .debug_macro   0x0002310a       0x63 ./Core/Src/adc.o
 .debug_macro   0x0002316d     0x1a59 ./Core/Src/adc.o
 .debug_macro   0x00024bc6      0xa9f ./Core/Src/adc.o
 .debug_macro   0x00025665      0x166 ./Core/Src/adc.o
 .debug_macro   0x000257cb      0x262 ./Core/Src/adc.o
 .debug_macro   0x00025a2d       0xca ./Core/Src/adc.o
 .debug_macro   0x00025af7      0x765 ./Core/Src/adc.o
 .debug_macro   0x0002625c      0x424 ./Core/Src/adc.o
 .debug_macro   0x00026680       0xd6 ./Core/Src/adc.o
 .debug_macro   0x00026756      0x1cd ./Core/Src/adc.o
 .debug_macro   0x00026923      0xf82 ./Core/Src/adc.o
 .debug_macro   0x000278a5      0x671 ./Core/Src/adc.o
 .debug_macro   0x00027f16      0x30c ./Core/Src/adc.o
 .debug_macro   0x00028222      0x2bb ./Core/Src/adc.o
 .debug_macro   0x000284dd      0x57b ./Core/Src/adc.o
 .debug_macro   0x00028a58       0x7b ./Core/Src/adc.o
 .debug_macro   0x00028ad3      0x22c ./Core/Src/adc.o
 .debug_macro   0x00028cff       0x35 ./Core/Src/adc.o
 .debug_macro   0x00028d34       0xa5 ./Core/Src/adc.o
 .debug_macro   0x00028dd9      0x324 ./Core/Src/adc.o
 .debug_macro   0x000290fd      0x3d8 ./Core/Src/adc.o
 .debug_macro   0x000294d5      0x313 ./Core/Src/adc.o
 .debug_macro   0x000297e8      0x1bb ./Core/Src/adc.o
 .debug_macro   0x000299a3       0xab ./Core/Src/adc.o
 .debug_macro   0x00029a4e       0xad ./Core/Src/adc.o
 .debug_macro   0x00029afb       0x19 ./Core/Src/adc.o
 .debug_macro   0x00029b14      0x5cf ./Core/Src/adc.o
 .debug_macro   0x0002a0e3       0xeb ./Core/Src/adc.o
 .debug_macro   0x0002a1ce      0xbe8 ./Core/Src/adc.o
 .debug_macro   0x0002adb6      0x37d ./Core/Src/adc.o