../Drivers/BSP/ST7789/st7789_lcd.c:41:6:ST7789_WRAPPER_Test	24	static
../Drivers/BSP/ST7789/st7789_lcd.c:63:6:ST7789_WRAPPER_SetBrightness	16	static
../Drivers/BSP/ST7789/st7789_lcd.c:69:10:ST7789_WRAPPER_GetBrightness	4	static
../Drivers/BSP/ST7789/st7789_lcd.c:76:6:ST7789_WRAPPER_SoftPWMEnable	16	static
../Drivers/BSP/ST7789/st7789_lcd.c:115:6:ST7789_WRAPPER_Light	48	static
../Drivers/BSP/ST7789/st7789_lcd.c:151:6:ST7789_WRAPPER_ShowChar	128	dynamic
../Drivers/BSP/ST7789/st7789_lcd.c:237:6:ST7789_WRAPPER_ShowString	40	static
../Drivers/BSP/ST7789/st7789_lcd.c:254:6:ST7789_WRAPPER_Printf	552	static
../Drivers/BSP/ST7789/st7789_lcd.c:286:16:LCD_init	8	static
../Drivers/BSP/ST7789/st7789_lcd.c:291:16:LCD_gettick	8	static
../Drivers/BSP/ST7789/st7789_lcd.c:295:16:LCD_writereg	40	static
../Drivers/BSP/ST7789/st7789_lcd.c:319:16:LCD_readreg	24	static
../Drivers/BSP/ST7789/st7789_lcd.c:333:16:LCD_senddata	32	static
../Drivers/BSP/ST7789/st7789_lcd.c:349:16:LCD_recvdata	32	static
../Drivers/BSP/ST7789/st7789_lcd.c:365:6:ST7789_WRAPPER_Clear	24	static
../Drivers/BSP/ST7789/st7789_lcd.c:372:6:LCD_Set_Color	16	static
