../Drivers/BSP/ST7789/st7789_lcd.c:41:6:LCD7789_Test	32	static
../Drivers/BSP/ST7789/st7789_lcd.c:92:6:LCD7789_SetBrightness	16	static
../Drivers/BSP/ST7789/st7789_lcd.c:98:10:LCD7789_GetBrightness	4	static
../Drivers/BSP/ST7789/st7789_lcd.c:105:6:LCD7789_SoftPWMEnable	16	static
../Drivers/BSP/ST7789/st7789_lcd.c:144:6:LCD7789_Light	48	static
../Drivers/BSP/ST7789/st7789_lcd.c:180:6:LCD7789_ShowChar	128	dynamic
../Drivers/BSP/ST7789/st7789_lcd.c:266:6:LCD7789_ShowString	40	static
../Drivers/BSP/ST7789/st7789_lcd.c:283:6:LCD7789_Printf	552	static
../Drivers/BSP/ST7789/st7789_lcd.c:315:16:lcd7789_init	8	static
../Drivers/BSP/ST7789/st7789_lcd.c:320:16:lcd7789_gettick	8	static
../Drivers/BSP/ST7789/st7789_lcd.c:324:16:lcd7789_writereg	40	static
../Drivers/BSP/ST7789/st7789_lcd.c:348:16:lcd7789_readreg	24	static
../Drivers/BSP/ST7789/st7789_lcd.c:362:16:lcd7789_senddata	32	static
../Drivers/BSP/ST7789/st7789_lcd.c:378:16:lcd7789_recvdata	32	static
../Drivers/BSP/ST7789/st7789_lcd.c:394:6:LCD7789_Clear	24	static
../Drivers/BSP/ST7789/st7789_lcd.c:401:6:LCD7789_Set_Color	16	static
